Microchip MPLAB XC8 Compiler V2.10 ()

Linker command line:

-W-3 --edf=C:\Program Files (x86)\Microchip\xc8\v2.10\pic\dat\en_msgs.txt \
  -cs -h+dist/default/debug\exemple_I2C_Master.X.debug.sym \
  --cmf=dist/default/debug\exemple_I2C_Master.X.debug.cmf -z -Q18F45K22 \
  -oC:\Users\asus\AppData\Local\Temp\s5lk.2 --defsym=__MPLAB_BUILD=1 \
  -Mdist/default/debug/exemple_I2C_Master.X.debug.map -E1 -ver=XC8 \
  --acfsm=1493 -ASTACK=0381h-05FFh -pstack=STACK -ACODE=00h-07FFFh \
  -ACONST=00h-07FFFh -ASMALLCONST=0600h-06FFhx122 \
  -AMEDIUMCONST=0600h-07FFFh -ACOMRAM=01h-05Fh -AABS1=00h-05FFh \
  -ABIGRAM=01h-05FFh -ARAM=060h-0FFh,0100h-01FFhx5 -ABANK0=060h-0FFh \
  -ABANK1=0100h-01FFh -ABANK2=0200h-02FFh -ABANK3=0300h-03FFh \
  -ABANK4=0400h-04FFh -ABANK5=0500h-05FFh -ASFR=0F38h-0F5Fh,0F60h-0FFFh \
  -preset_vec=00h,intcode=08h,intcodelo,powerup,init -pramtop=0600h \
  -psmallconst=SMALLCONST -pmediumconst=MEDIUMCONST -pconst=CONST \
  -AFARRAM=00h-00h -ACONFIG=0300000h-030000Dh -pconfig=CONFIG \
  -AIDLOC=0200000h-0200007h -pidloc=IDLOC -AEEDATA=0F00000h-0F000FFh \
  -peeprom_data=EEDATA \
  -prdata=COMRAM,nvrram=COMRAM,nvbit=COMRAM,rbss=COMRAM,rbit=COMRAM \
  -pfarbss=FARRAM,fardata=FARRAM,nvFARRAM=FARRAM \
  -pintsave_regs=BIGRAM,bigbss=BIGRAM,bigdata=BIGRAM -pbss=RAM \
  -pidata=CODE,irdata=CODE,ibigdata=CODE,ifardata=CODE -prparam=COMRAM \
  C:\Users\asus\AppData\Local\Temp\s5lk.o \
  dist/default/debug\exemple_I2C_Master.X.debug.o 

Object code version is 3.11

Machine type is 18F45K22

Call graph: (short form)




                Name                               Link     Load   Length Selector   Space Scale
C:\Users\asus\AppData\Local\Temp\s5lk.o
                init                                 52       52        4        4       0
                reset_vec                             0        0        4        0       0
                idloc                            200000   200000        8   200000       0
                config                           300000   300000        E   300000       0
dist/default/debug\exemple_I2C_Master.X.debug.o
                intcode                               8        8       4A        4       0
                temp                                 50       50        1        1       1
                text33                             2FDA     2FDA       50        4       0
                text32                             199E     199E      27E        4       0
                text31                               56       56      692        4       0
                text30                             3072     3072       48        4       0
                text28                             1384     1384      39C        4       0
                text27                             2A2E     2A2E      106        4       0
                text26                              BAA      BAA      42C        4       0
                text25                              6E8      6E8      4C2        4       0
                text24                             302A     302A       48        4       0
                text23                             2926     2926      108        4       0
                text22                             231C     231C      1B8        4       0
                text21                              FD6      FD6      3AE        4       0
                text20                             2DAE     2DAE       AC        4       0
                text19                             30F6     30F6       38        4       0
                text18                             3188     3188       10        4       0
                text17                             2682     2682      178        4       0
                text16                             20F8     20F8      224        4       0
                text15                             2F88     2F88       52        4       0
                text14                             1720     1720      27E        4       0
                text13                             2D00     2D00       AE        4       0
                text12                             2E5A     2E5A       6A        4       0
                text11                             2B34     2B34      102        4       0
                text10                             2C36     2C36       CA        4       0
                text9                              2EC4     2EC4       68        4       0
                text8                              27FA     27FA      12C        4       0
                text7                              1C1C     1C1C      27A        4       0
                text6                              312E     312E       2A        4       0
                text5                              3174     3174       14        4       0
                text4                              30BA     30BA       3C        4       0
                text3                              1E96     1E96      262        4       0
                text2                              3158     3158       1C        4       0
                text1                              3198     3198        6        4       0
                text0                              24D4     24D4      1AE        4       0
                cstackCOMRAM                          1        1       31        1       1
                cstackBANK0                          60       60       84       60       1
                cstackBANK1                         100      100       AC      100       1
                bssBANK3                            300      300       81      300       1
                bssBANK2                            200      200       CF      200       1
                dataBANK1                           1F8      1F8        3      100       1
                bssBANK1                            1AC      1AC       4C      100       1
                bssCOMRAM                            32       32       1E        1       1
                cinit                              2F2C     2F2C       5C        4       0
                idataBANK1                         319E     319E        3        4       0

TOTAL           Name                               Link     Load   Length     Space
        CLASS   STACK          

        CLASS   CODE           
                intcode                               8        8       4A         0
                init                                 52       52        4         0
                reset_vec                             0        0        4         0
                text33                             2FDA     2FDA       50         0
                text32                             199E     199E      27E         0
                text31                               56       56      692         0
                text30                             3072     3072       48         0
                text28                             1384     1384      39C         0
                text27                             2A2E     2A2E      106         0
                text26                              BAA      BAA      42C         0
                text25                              6E8      6E8      4C2         0
                text24                             302A     302A       48         0
                text23                             2926     2926      108         0
                text22                             231C     231C      1B8         0
                text21                              FD6      FD6      3AE         0
                text20                             2DAE     2DAE       AC         0
                text19                             30F6     30F6       38         0
                text18                             3188     3188       10         0
                text17                             2682     2682      178         0
                text16                             20F8     20F8      224         0
                text15                             2F88     2F88       52         0
                text14                             1720     1720      27E         0
                text13                             2D00     2D00       AE         0
                text12                             2E5A     2E5A       6A         0
                text11                             2B34     2B34      102         0
                text10                             2C36     2C36       CA         0
                text9                              2EC4     2EC4       68         0
                text8                              27FA     27FA      12C         0
                text7                              1C1C     1C1C      27A         0
                text6                              312E     312E       2A         0
                text5                              3174     3174       14         0
                text4                              30BA     30BA       3C         0
                text3                              1E96     1E96      262         0
                text2                              3158     3158       1C         0
                text1                              3198     3198        6         0
                text0                              24D4     24D4      1AE         0
                cinit                              2F2C     2F2C       5C         0
                idataBANK1                         319E     319E        3         0

        CLASS   CONST          

        CLASS   SMALLCONST     

        CLASS   MEDIUMCONST    

        CLASS   COMRAM         
                temp                                 50       50        1         1
                cstackCOMRAM                          1        1       31         1
                bssCOMRAM                            32       32       1E         1

        CLASS   ABS1           

        CLASS   BIGRAM         

        CLASS   RAM            

        CLASS   BANK0          
                cstackBANK0                          60       60       84         1

        CLASS   BANK1          
                cstackBANK1                         100      100       AC         1
                dataBANK1                           1F8      1F8        3         1
                bssBANK1                            1AC      1AC       4C         1

        CLASS   BANK2          
                bssBANK2                            200      200       CF         1

        CLASS   BANK3          
                bssBANK3                            300      300       81         1

        CLASS   BANK4          

        CLASS   BANK5          

        CLASS   SFR            

        CLASS   FARRAM         

        CLASS   CONFIG         
                config                           300000   300000        E         0

        CLASS   IDLOC          
                idloc                            200000   200000        8         0

        CLASS   EEDATA         



SEGMENTS        Name                           Load    Length   Top    Selector   Space  Class

                reset_vec                      000000  000004  000004         0       0  CODE    
                cstackCOMRAM                   000001  000050  000051         1       1  COMRAM  
                intcode                        000008  003199  0031A1         4       0  CODE    
                cstackBANK0                    000060  000084  0000E4        60       1  BANK0   
                cstackBANK1                    000100  0000FB  0001FB       100       1  BANK1   
                bssBANK2                       000200  0000CF  0002CF       200       1  BANK2   
                bssBANK3                       000300  000081  000381       300       1  BANK3   
                idloc                          200000  000008  200008    200000       0  IDLOC   
                config                         300000  00000E  30000E    300000       0  CONFIG  


UNUSED ADDRESS RANGES

        Name                Unused          Largest block    Delta
        BANK0            0000E4-0000FF               1C
        BANK1            0001FB-0001FF                5
        BANK2            0002CF-0002FF               31
        BANK3            000381-0003FF               7F
        BANK4            000400-0004FF              100
        BANK5            000500-0005FF              100
        BIGRAM           000051-00005F                F
                         0000E4-0000FF               1C
                         0001FB-0001FF                5
                         0002CF-0002FF               31
                         000381-0005FF              27F
        CODE             000004-000007                4
                         0031A1-007FFF             4E5F
        COMRAM           000051-00005F                F
        CONST            000004-000007                4
                         0031A1-007FFF             4E5F
        EEDATA           F00000-F000FF              100
        MEDIUMCONST      0031A1-007FFF             4E5F
        RAM              0000E4-0000FF               1C
                         0001FB-0001FF                5
                         0002CF-0002FF               31
                         000381-0005FF              100
        SFR              000F38-000FFF               28
        SMALLCONST       0031A1-007FFF              100
        STACK            000381-0005FF              27F

                                  Symbol Table

?_I2C_Init                             cstackBANK1  000149
?_I2C_Read_Buffer                      cstackBANK1  000197
?_I2C_Read_Register_Request            cstackBANK1  00010E
?_I2C_Write                            cstackBANK1  00010E
?___fladd                              cstackBANK1  000100
?___fldiv                              cstackBANK1  00010E
?___flmul                              cstackBANK1  000100
?___flsub                              cstackBANK1  000110
?___fltol                              cstackBANK1  000100
?___xxtofl                             cstackBANK1  000100
?_getMemoryFromID                      cstackBANK1  000100
?_getMemoryID                          cstackBANK1  000100
?_getMemoryPointer                     cstackBANK1  000105
?_myMalloc                             cstackBANK1  000100
I2C_ISR@Pointeur                       cstackCOMRAM 000018
I2C_ISR@Pointeur_721                   cstackCOMRAM 00001C
I2C_ISR@Pointeur_723                   cstackCOMRAM 000020
I2C_ISR@Pointeur_725                   cstackCOMRAM 000024
I2C_ISR@ack                            bssCOMRAM    00004D
I2C_ISR@i                              bssCOMRAM    00004E
I2C_ISR@point                          cstackCOMRAM 00001A
I2C_ISR@point_722                      cstackCOMRAM 00001E
I2C_ISR@point_724                      cstackCOMRAM 000022
I2C_ISR@point_726                      cstackCOMRAM 000026
I2C_ISR@type                           cstackCOMRAM 000028
I2C_Init@Options                       cstackBANK1  00014D
I2C_Init@min                           cstackBANK1  000152
I2C_Init@prUsed                        cstackBANK1  000150
I2C_Init@prescUsed                     cstackBANK1  00014E
I2C_Master_Start@adresse               cstackBANK1  000100
I2C_Master_Write@data                  cstackBANK1  000100
I2C_Read_Buffer@ID                     cstackBANK1  00019D
I2C_Read_Buffer@Pointer                cstackBANK1  00019B
I2C_Read_Buffer@adresse                cstackBANK1  000197
I2C_Read_Buffer@i                      cstackBANK1  00019E
I2C_Read_Buffer@sizeData               cstackBANK1  000199
I2C_Read_Register_Request@Pointeur     cstackBANK1  00011A
I2C_Read_Register_Request@adresse      cstackBANK1  000119
I2C_Read_Register_Request@delay        cstackBANK1  000112
I2C_Read_Register_Request@rcvData      cstackBANK1  000117
I2C_Read_Register_Request@rcvsizeData  cstackBANK1  000111
I2C_Read_Register_Request@sendData     cstackBANK1  00010E
I2C_Read_Register_Request@sendsizeData cstackBANK1  000110
I2C_TabRefresh@Pointer                 cstackBANK1  000194
I2C_TabRefresh@i                       cstackBANK1  000196
I2C_Write@Pointeur                     cstackBANK1  000118
I2C_Write@adresse                      cstackBANK1  000116
I2C_Write@data                         cstackBANK1  00010E
I2C_Write@delay                        cstackBANK1  000111
I2C_Write@i                            cstackBANK1  000117
I2C_Write@sizeData                     cstackBANK1  000110
I2C_timer_prescaler@min                cstackBANK1  000131
I2C_timer_prescaler@minB               cstackBANK1  00013F
I2C_timer_prescaler@period             cstackBANK1  000127
I2C_timer_prescaler@pr                 cstackBANK1  000147
I2C_timer_prescaler@prUsed             cstackBANK1  00012B
I2C_timer_prescaler@pr_f               cstackBANK1  000143
I2C_timer_prescaler@presc              cstackBANK1  00012D
I2C_timer_prescaler@prescUsed          cstackBANK1  00012F
I2C_timer_prescaler@x                  cstackBANK1  00013B
ISR_ConnectFunction@Function           cstackBANK1  000100
ISR_Tasks@i                            cstackCOMRAM 000029
_ANSELA                                (abs)        000F38
_ANSELB                                (abs)        000F39
_ANSELC                                (abs)        000F3A
_ANSELE                                (abs)        000F3C
_GIE                                   (abs)        007F97
_I2CConfig                             bssBANK2     000228
_I2CMemory                             bssBANK1     0001E9
_I2C_ISR                               text31       000056
_I2C_Init                              text16       0020F8
_I2C_Master_Start                      text6        00312E
_I2C_Master_Stop                       text5        003174
_I2C_Master_Write                      text4        0030BA
_I2C_Read_Buffer                       text11       002B34
_I2C_Read_Register_Request             text7        001C1C
_I2C_TabRefresh                        text12       002E5A
_I2C_Write                             text3        001E96
_I2C_timer_prescaler                   text21       000FD6
_I2C_timer_prescaler$1015              cstackBANK1  000133
_I2C_timer_prescaler$1016              cstackBANK1  000137
_I2Cadress                             bssCOMRAM    00004B
_INTCON2bits                           (abs)        000FF1
_INTCONbits                            (abs)        000FF2
_ISRConfig                             bssCOMRAM    000032
_ISR_ConnectFunction                   text2        003158
_ISR_Init                              text1        003198
_ISR_Routine                           intcode      000008
_ISR_Tasks                             text30       003072
_LATB                                  (abs)        000F8A
_LATD                                  (abs)        000F8C
_LATE                                  (abs)        000F8D
_OSCCONbits                            (abs)        000FD3
_PEIE                                  (abs)        007F96
_PR2                                   (abs)        000FBB
_PointerRefresh                        bssCOMRAM    000049
_SSP1ADD                               (abs)        000FC8
_SSP1BUF                               (abs)        000FC9
_SSP1CON1bits                          (abs)        000FC6
_SSP1CON2bits                          (abs)        000FC5
_SSP1IE                                (abs)        007CEB
_SSP1IF                                (abs)        007CF3
_SSP1STATbits                          (abs)        000FC7
_T2CONbits                             (abs)        000FBA
_TMR2                                  (abs)        000FBC
_TMR2IE                                (abs)        007CE9
_TMR2IF                                (abs)        007CF1
_TRISA                                 (abs)        000F92
_TRISB                                 (abs)        000F93
_TRISC                                 (abs)        000F94
_TRISD                                 (abs)        000F95
_TRISE                                 (abs)        000F96
_WPUB                                  (abs)        000F61
__CFG_BOREN$OFF                        (abs)        000000
__CFG_BORV$190                         (abs)        000000
__CFG_CCP2MX$PORTC1                    (abs)        000000
__CFG_CCP3MX$PORTB5                    (abs)        000000
__CFG_CP0$OFF                          (abs)        000000
__CFG_CP1$OFF                          (abs)        000000
__CFG_CP2$OFF                          (abs)        000000
__CFG_CP3$OFF                          (abs)        000000
__CFG_CPB$OFF                          (abs)        000000
__CFG_CPD$OFF                          (abs)        000000
__CFG_EBTR0$OFF                        (abs)        000000
__CFG_EBTR1$OFF                        (abs)        000000
__CFG_EBTR2$OFF                        (abs)        000000
__CFG_EBTR3$OFF                        (abs)        000000
__CFG_EBTRB$OFF                        (abs)        000000
__CFG_FCMEN$OFF                        (abs)        000000
__CFG_FOSC$HSHP                        (abs)        000000
__CFG_HFOFST$OFF                       (abs)        000000
__CFG_IESO$OFF                         (abs)        000000
__CFG_LVP$ON                           (abs)        000000
__CFG_MCLRE$EXTMCLR                    (abs)        000000
__CFG_P2BMX$PORTD2                     (abs)        000000
__CFG_PBADEN$OFF                       (abs)        000000
__CFG_PLLCFG$ON                        (abs)        000000
__CFG_PRICLKEN$ON                      (abs)        000000
__CFG_PWRTEN$OFF                       (abs)        000000
__CFG_STVREN$ON                        (abs)        000000
__CFG_T3CMX$PORTC0                     (abs)        000000
__CFG_WDTEN$OFF                        (abs)        000000
__CFG_WDTPS$32768                      (abs)        000000
__CFG_WRT0$OFF                         (abs)        000000
__CFG_WRT1$OFF                         (abs)        000000
__CFG_WRT2$OFF                         (abs)        000000
__CFG_WRT3$OFF                         (abs)        000000
__CFG_WRTB$OFF                         (abs)        000000
__CFG_WRTC$OFF                         (abs)        000000
__CFG_WRTD$OFF                         (abs)        000000
__CFG_XINST$OFF                        (abs)        000000
__HRAM                                 (abs)        000000
__Habs1                                abs1         000000
__Hbank0                               bank0        000000
__Hbank1                               bank1        000000
__Hbank2                               bank2        000000
__Hbank3                               bank3        000000
__Hbank4                               bank4        000000
__Hbank5                               bank5        000000
__Hbigbss                              bigbss       000000
__Hbigdata                             bigdata      000000
__Hbigram                              bigram       000000
__Hbss                                 bss          000000
__HbssBANK1                            bssBANK1     000000
__HbssBANK2                            bssBANK2     000000
__HbssBANK3                            bssBANK3     000000
__HbssCOMRAM                           bssCOMRAM    000000
__Hcinit                               cinit        000000
__Hclrtext                             clrtext      000000
__Hcomram                              comram       000000
__Hconfig                              config       30000E
__Hconst                               const        000000
__HcstackBANK0                         cstackBANK0  000000
__HcstackBANK1                         cstackBANK1  000000
__HcstackCOMRAM                        cstackCOMRAM 000000
__Hdata                                data         000000
__HdataBANK1                           dataBANK1    000000
__Heeprom_data                         eeprom_data  000000
__Hfarbss                              farbss       000000
__Hfardata                             fardata      000000
__Hibigdata                            ibigdata     000000
__Hidata                               idata        000000
__HidataBANK1                          idataBANK1   000000
__Hidloc                               idloc        200008
__Hifardata                            ifardata     000000
__Hinit                                init         000056
__Hintcode                             intcode      000052
__Hintcode_body                        intcode_body 000000
__Hintcodelo                           intcodelo    000052
__Hintentry                            intentry     000000
__Hintret                              intret       000000
__Hintsave_regs                        intsave_regs 000000
__Hirdata                              irdata       000000
__Hmediumconst                         mediumconst  000000
__HnvFARRAM                            nvFARRAM     000000
__Hnvbit                               nvbit        000000
__Hnvrram                              nvrram       000000
__Hparam                               rparam       000000
__Hpowerup                             powerup      000052
__Hram                                 ram          000000
__Hramtop                              ramtop       000600
__Hrbit                                rbit         000000
__Hrbss                                rbss         000000
__Hrdata                               rdata        000000
__Hreset_vec                           reset_vec    000004
__Hrparam                              rparam       000000
__Hsfr                                 sfr          000000
__Hsmallconst                          smallconst   000000
__Hspace_0                             (abs)        30000E
__Hspace_1                             (abs)        000381
__Hspace_2                             (abs)        000000
__Hstack                               stack        000000
__Hstruct                              struct       000000
__Htemp                                temp         000051
__Htext                                text         000000
__Htext0                               text0        000000
__Htext1                               text1        000000
__Htext10                              text10       000000
__Htext11                              text11       000000
__Htext12                              text12       000000
__Htext13                              text13       000000
__Htext14                              text14       000000
__Htext15                              text15       000000
__Htext16                              text16       000000
__Htext17                              text17       000000
__Htext18                              text18       000000
__Htext19                              text19       000000
__Htext2                               text2        000000
__Htext20                              text20       000000
__Htext21                              text21       000000
__Htext22                              text22       000000
__Htext23                              text23       000000
__Htext24                              text24       000000
__Htext25                              text25       000000
__Htext26                              text26       000000
__Htext27                              text27       000000
__Htext28                              text28       000000
__Htext3                               text3        000000
__Htext30                              text30       000000
__Htext31                              text31       000000
__Htext32                              text32       000000
__Htext33                              text33       000000
__Htext34                              text34       000000
__Htext4                               text4        000000
__Htext5                               text5        000000
__Htext6                               text6        000000
__Htext7                               text7        000000
__Htext8                               text8        000000
__Htext9                               text9        000000
__LRAM                                 (abs)        000001
__Labs1                                abs1         000000
__Lbank0                               bank0        000000
__Lbank1                               bank1        000000
__Lbank2                               bank2        000000
__Lbank3                               bank3        000000
__Lbank4                               bank4        000000
__Lbank5                               bank5        000000
__Lbigbss                              bigbss       000000
__Lbigdata                             bigdata      000000
__Lbigram                              bigram       000000
__Lbss                                 bss          000000
__LbssBANK1                            bssBANK1     000000
__LbssBANK2                            bssBANK2     000000
__LbssBANK3                            bssBANK3     000000
__LbssCOMRAM                           bssCOMRAM    000000
__Lcinit                               cinit        000000
__Lclrtext                             clrtext      000000
__Lcomram                              comram       000000
__Lconfig                              config       300000
__Lconst                               const        000000
__LcstackBANK0                         cstackBANK0  000000
__LcstackBANK1                         cstackBANK1  000000
__LcstackCOMRAM                        cstackCOMRAM 000000
__Ldata                                data         000000
__LdataBANK1                           dataBANK1    000000
__Leeprom_data                         eeprom_data  000000
__Lfarbss                              farbss       000000
__Lfardata                             fardata      000000
__Libigdata                            ibigdata     000000
__Lidata                               idata        000000
__LidataBANK1                          idataBANK1   000000
__Lidloc                               idloc        200000
__Lifardata                            ifardata     000000
__Linit                                init         000052
__Lintcode                             intcode      000008
__Lintcode_body                        intcode_body 000000
__Lintcodelo                           intcodelo    000052
__Lintentry                            intentry     000000
__Lintret                              intret       000000
__Lintsave_regs                        intsave_regs 000000
__Lirdata                              irdata       000000
__Lmediumconst                         mediumconst  000000
__LnvFARRAM                            nvFARRAM     000000
__Lnvbit                               nvbit        000000
__Lnvrram                              nvrram       000000
__Lparam                               rparam       000000
__Lpowerup                             powerup      000052
__Lram                                 ram          000000
__Lramtop                              ramtop       000600
__Lrbit                                rbit         000000
__Lrbss                                rbss         000000
__Lrdata                               rdata        000000
__Lreset_vec                           reset_vec    000000
__Lrparam                              rparam       000000
__Lsfr                                 sfr          000000
__Lsmallconst                          smallconst   000000
__Lspace_0                             (abs)        000000
__Lspace_1                             (abs)        000000
__Lspace_2                             (abs)        000000
__Lstack                               stack        000000
__Lstruct                              struct       000000
__Ltemp                                temp         000050
__Ltext                                text         000000
__Ltext0                               text0        000000
__Ltext1                               text1        000000
__Ltext10                              text10       000000
__Ltext11                              text11       000000
__Ltext12                              text12       000000
__Ltext13                              text13       000000
__Ltext14                              text14       000000
__Ltext15                              text15       000000
__Ltext16                              text16       000000
__Ltext17                              text17       000000
__Ltext18                              text18       000000
__Ltext19                              text19       000000
__Ltext2                               text2        000000
__Ltext20                              text20       000000
__Ltext21                              text21       000000
__Ltext22                              text22       000000
__Ltext23                              text23       000000
__Ltext24                              text24       000000
__Ltext25                              text25       000000
__Ltext26                              text26       000000
__Ltext27                              text27       000000
__Ltext28                              text28       000000
__Ltext3                               text3        000000
__Ltext30                              text30       000000
__Ltext31                              text31       000000
__Ltext32                              text32       000000
__Ltext33                              text33       000000
__Ltext34                              text34       000000
__Ltext4                               text4        000000
__Ltext5                               text5        000000
__Ltext6                               text6        000000
__Ltext7                               text7        000000
__Ltext8                               text8        000000
__Ltext9                               text9        000000
__S0                                   (abs)        30000E
__S1                                   (abs)        000381
__S2                                   (abs)        000000
___fladd                               text25       0006E8
___fladd@a                             cstackBANK1  000104
___fladd@aexp                          cstackBANK1  00010D
___fladd@b                             cstackBANK1  000100
___fladd@bexp                          cstackBANK1  00010E
___fladd@grs                           cstackBANK1  00010F
___fladd@signs                         cstackBANK1  00010C
___fldiv                               text28       001384
___fldiv@a                             cstackBANK1  000112
___fldiv@aexp                          cstackBANK1  000126
___fldiv@b                             cstackBANK1  00010E
___fldiv@bexp                          cstackBANK1  000125
___fldiv@grs                           cstackBANK1  000121
___fldiv@new_exp                       cstackBANK1  00011F
___fldiv@rem                           cstackBANK1  00011A
___fldiv@sign                          cstackBANK1  00011E
___fleq                                text20       002DAE
___fleq@ff1                            cstackBANK1  000100
___fleq@ff2                            cstackBANK1  000104
___flge                                text27       002A2E
___flge@ff1                            cstackBANK1  000119
___flge@ff2                            cstackBANK1  00011D
___flmul                               text26       000BAA
___flmul@a                             cstackBANK1  000104
___flmul@aexp                          cstackBANK1  000111
___flmul@b                             cstackBANK1  000100
___flmul@bexp                          cstackBANK1  000112
___flmul@grs                           cstackBANK1  00010D
___flmul@prod                          cstackBANK1  000113
___flmul@sign                          cstackBANK1  00010C
___flmul@temp                          cstackBANK1  000117
___flsub                               text24       00302A
___flsub@a                             cstackBANK1  000114
___flsub@b                             cstackBANK1  000110
___fltol                               text23       002926
___fltol@exp1                          cstackBANK1  000109
___fltol@f1                            cstackBANK1  000100
___fltol@sign1                         cstackBANK1  000108
___inthi_sp                            stack        000000
___intlo_sp                            stack        000000
___param_bank                          (abs)        000000
___rparam_used                         (abs)        000001
___sp                                  stack        000000
___xxtofl                              text22       00231C
___xxtofl@arg                          cstackBANK1  00010A
___xxtofl@exp                          cstackBANK1  000109
___xxtofl@sign                         cstackBANK1  000108
___xxtofl@val                          cstackBANK1  000100
__accesstop                            (abs)        000060
__activetblptr                         (abs)        000002
__end_of_I2C_ISR                       text31       0006E8
__end_of_I2C_Init                      text16       00231C
__end_of_I2C_Master_Start              text6        003158
__end_of_I2C_Master_Stop               text5        003188
__end_of_I2C_Master_Write              text4        0030F6
__end_of_I2C_Read_Buffer               text11       002C36
__end_of_I2C_Read_Register_Request     text7        001E96
__end_of_I2C_TabRefresh                text12       002EC4
__end_of_I2C_Write                     text3        0020F8
__end_of_I2C_timer_prescaler           text21       001384
__end_of_ISR_ConnectFunction           text2        003174
__end_of_ISR_Init                      text1        00319E
__end_of_ISR_Routine                   intcode      000052
__end_of_ISR_Tasks                     text30       0030BA
__end_of___fladd                       text25       000BAA
__end_of___fldiv                       text28       001720
__end_of___fleq                        text20       002E5A
__end_of___flge                        text27       002B34
__end_of___flmul                       text26       000FD6
__end_of___flsub                       text24       003072
__end_of___fltol                       text23       002A2E
__end_of___xxtofl                      text22       0024D4
__end_of__initialization               cinit        002F7A
__end_of_getFree                       text14       00199E
__end_of_getFreeFull                   text19       00312E
__end_of_getMemoryFromID               text13       002DAE
__end_of_getMemoryID                   text10       002D00
__end_of_getMemoryPointer              text8        002926
__end_of_main                          text0        002682
__end_of_memcpy                        text15       002FDA
__end_of_memory_init                   text18       003198
__end_of_memset                        text17       0027FA
__end_of_myMalloc                      text9        002F2C
__end_ofi2_getFree                     text32       001C1C
__end_ofi2_memcpy                      text33       00302A
__initialization                       cinit        002F2C
__mediumconst                          mediumconst  000000
__pbssBANK1                            bssBANK1     0001AC
__pbssBANK2                            bssBANK2     000200
__pbssBANK3                            bssBANK3     000300
__pbssCOMRAM                           bssCOMRAM    000032
__pcinit                               cinit        002F2C
__pcstackBANK0                         cstackBANK0  000060
__pcstackBANK1                         cstackBANK1  000100
__pcstackCOMRAM                        cstackCOMRAM 000001
__pdataBANK1                           dataBANK1    0001F8
__pidataBANK1                          idataBANK1   00319E
__pintcode                             intcode      000008
__ptext0                               text0        0024D4
__ptext1                               text1        003198
__ptext10                              text10       002C36
__ptext11                              text11       002B34
__ptext12                              text12       002E5A
__ptext13                              text13       002D00
__ptext14                              text14       001720
__ptext15                              text15       002F88
__ptext16                              text16       0020F8
__ptext17                              text17       002682
__ptext18                              text18       003188
__ptext19                              text19       0030F6
__ptext2                               text2        003158
__ptext20                              text20       002DAE
__ptext21                              text21       000FD6
__ptext22                              text22       00231C
__ptext23                              text23       002926
__ptext24                              text24       00302A
__ptext25                              text25       0006E8
__ptext26                              text26       000BAA
__ptext27                              text27       002A2E
__ptext28                              text28       001384
__ptext3                               text3        001E96
__ptext30                              text30       003072
__ptext31                              text31       000056
__ptext32                              text32       00199E
__ptext33                              text33       002FDA
__ptext34                              text34       000000
__ptext4                               text4        0030BA
__ptext5                               text5        003174
__ptext6                               text6        00312E
__ptext7                               text7        001C1C
__ptext8                               text8        0027FA
__ptext9                               text9        002EC4
__ramtop                               ramtop       000600
__size_of_I2C_ISR                      (abs)        000000
__size_of_I2C_Init                     (abs)        000000
__size_of_I2C_Master_Start             (abs)        000000
__size_of_I2C_Master_Stop              (abs)        000000
__size_of_I2C_Master_Write             (abs)        000000
__size_of_I2C_Read_Buffer              (abs)        000000
__size_of_I2C_Read_Register_Request    (abs)        000000
__size_of_I2C_TabRefresh               (abs)        000000
__size_of_I2C_Write                    (abs)        000000
__size_of_I2C_timer_prescaler          (abs)        000000
__size_of_ISR_ConnectFunction          (abs)        000000
__size_of_ISR_Init                     (abs)        000000
__size_of_ISR_Routine                  (abs)        000000
__size_of_ISR_Tasks                    (abs)        000000
__size_of___fladd                      (abs)        000000
__size_of___fldiv                      (abs)        000000
__size_of___fleq                       (abs)        000000
__size_of___flge                       (abs)        000000
__size_of___flmul                      (abs)        000000
__size_of___flsub                      (abs)        000000
__size_of___fltol                      (abs)        000000
__size_of___xxtofl                     (abs)        000000
__size_of_getFree                      (abs)        000000
__size_of_getFreeFull                  (abs)        000000
__size_of_getMemoryFromID              (abs)        000000
__size_of_getMemoryID                  (abs)        000000
__size_of_getMemoryPointer             (abs)        000000
__size_of_main                         (abs)        000000
__size_of_memcpy                       (abs)        000000
__size_of_memory_init                  (abs)        000000
__size_of_memset                       (abs)        000000
__size_of_myMalloc                     (abs)        000000
__size_ofi2_getFree                    (abs)        000000
__size_ofi2_memcpy                     (abs)        000000
__smallconst                           smallconst   000000
_array                                 bssBANK1     0001AC
_debugIndice                           bssCOMRAM    00004F
_debugTab                              bssBANK2     000200
_getFree                               text14       001720
_getFreeFull                           text19       0030F6
_getMemoryFromID                       text13       002D00
_getMemoryID                           text10       002C36
_getMemoryPointer                      text8        0027FA
_main                                  text0        0024D4
_memcpy                                text15       002F88
_memory                                bssBANK3     000300
_memory_init                           text18       003188
_memset                                text17       002682
_myMalloc                              text9        002EC4
_myMemID                               bssBANK1     0001F4
_myMsgID                               bssBANK1     0001F5
_nulPointer                            bssBANK1     0001F6
_timer                                 bssCOMRAM    000047
btemp                                  temp         000050
end_of_initialization                  cinit        002F7A
getFree@Pointer                        cstackBANK1  00010B
getFree@i                              cstackBANK1  000193
getFree@indice                         cstackBANK1  000192
getFree@tab                            cstackBANK1  000110
getFree@tabPoint                       cstackBANK1  000190
getFreeFull@i                          cstackBANK1  000100
getMemoryFromID@ID                     cstackBANK1  000103
getMemoryFromID@dP                     cstackBANK1  000104
getMemoryFromID@i                      cstackBANK1  000107
getMemoryFromID@indice                 cstackBANK1  000106
getMemoryID@Pointer                    cstackBANK1  000100
getMemoryID@i                          cstackBANK1  000105
getMemoryID@indice                     cstackBANK1  000104
getMemoryPointer@Pointer               cstackBANK1  000108
getMemoryPointer@dP                    cstackBANK1  00010B
getMemoryPointer@i                     cstackBANK1  00010D
getMemoryPointer@indice                cstackBANK1  000107
getMemoryPointer@sizeData              cstackBANK1  00010A
i2_getFree                             text32       00199E
i2_memcpy                              text33       002FDA
i2getFree@Pointer                      cstackCOMRAM 00000C
i2getFree@i                            cstackBANK0  0000E3
i2getFree@indice                       cstackBANK0  0000E2
i2getFree@tab                          cstackBANK0  000060
i2getFree@tabPoint                     cstackBANK0  0000E0
i2memcpy@d                             cstackCOMRAM 000007
i2memcpy@d1                            cstackCOMRAM 000001
i2memcpy@n                             cstackCOMRAM 000005
i2memcpy@s                             cstackCOMRAM 000009
i2memcpy@s1                            cstackCOMRAM 000003
i2memcpy@tmp                           cstackCOMRAM 00000B
int$flags                              temp         000050
intlevel0                              text         000000
intlevel1                              text         000000
intlevel2                              text         000000
intlevel3                              text         000000
main@F6282                             dataBANK1    0001F8
main@Status                            cstackBANK1  0001A9
main@adresse                           cstackBANK1  0001AB
main@buffer                            cstackBANK1  0001A5
main@bufferSize                        cstackBANK1  0001A4
main@data                              cstackBANK1  0001A1
main@point                             cstackBANK1  0001A7
memcpy@d                               cstackBANK1  000106
memcpy@d1                              cstackBANK1  000100
memcpy@n                               cstackBANK1  000104
memcpy@s                               cstackBANK1  000108
memcpy@s1                              cstackBANK1  000102
memcpy@tmp                             cstackBANK1  00010A
memset@c                               cstackBANK1  000102
memset@dest                            cstackBANK1  000100
memset@k                               cstackBANK1  000108
memset@n                               cstackBANK1  000104
memset@s                               cstackBANK1  00010A
myMalloc@sizeData                      cstackBANK1  000104
stackhi                                (abs)        0005FF
stacklo                                (abs)        000381
start                                  init         000052
start_initialization                   cinit        002F2C
ttemp5                                 temp         000051
ttemp6                                 temp         000054
ttemp7                                 temp         000058
wtemp8                                 temp         000051


FUNCTION INFORMATION:

 *************** function _main *****************
 Defined at:
		line 80 in file "main.c"
 Parameters:    Size  Location     Type
		None
 Auto vars:     Size  Location     Type
  data            3  161[BANK1 ] unsigned char [3]
  Status          2  169[BANK1 ] int 
  point           2  167[BANK1 ] PTR unsigned char 
		 -> NULL(0), 
  buffer          2  165[BANK1 ] PTR PTR unsigned char 
		 -> array.Tab.Pointer(2), array.Tab(60), nulPointer(2), 
  adresse         1  171[BANK1 ] unsigned char 
  bufferSize      1  164[BANK1 ] unsigned char 
 Return value:  Size  Location     Type
                  1    wreg      void 
 Registers used:
		wreg, fsr1l, fsr1h, fsr2l, fsr2h, status,2, status,0, prodl, prodh, cstack
 Tracked objects:
		On entry : 
		On exit  : 
		Unchanged: 
 Data sizes:     COMRAM   BANK0   BANK1   BANK2   BANK3   BANK4   BANK5
      Params:         0       0       0       0       0       0       0
      Locals:         0       0      11       0       0       0       0
      Temps:          0       0       2       0       0       0       0
      Totals:         0       0      13       0       0       0       0
Total ram usage:       13 bytes
 Hardware stack levels required when called:    9
 This function calls:
		_I2C_Init
		_I2C_Read_Buffer
		_I2C_Read_Register_Request
		_I2C_Write
		_ISR_ConnectFunction
		_ISR_Init
 This function is called by:
		Startup code after reset
 This function uses a non-reentrant model


 *************** function _ISR_Init *****************
 Defined at:
		line 60 in file "interrupt.c"
 Parameters:    Size  Location     Type
		None
 Auto vars:     Size  Location     Type
		None
 Return value:  Size  Location     Type
                  2   11[None  ] int 
 Registers used:
		wreg, status,2
 Tracked objects:
		On entry : 
		On exit  : 
		Unchanged: 
 Data sizes:     COMRAM   BANK0   BANK1   BANK2   BANK3   BANK4   BANK5
      Params:         0       0       0       0       0       0       0
      Locals:         0       0       0       0       0       0       0
      Temps:          0       0       0       0       0       0       0
      Totals:         0       0       0       0       0       0       0
Total ram usage:        0 bytes
 Hardware stack levels used:    1
 Hardware stack levels required when called:    5
 This function calls:
		Nothing
 This function is called by:
		_main
 This function uses a non-reentrant model


 *************** function _ISR_ConnectFunction *****************
 Defined at:
		line 81 in file "interrupt.c"
 Parameters:    Size  Location     Type
  Function        2    0[BANK1 ] PTR FTN()void 
		 -> I2C_ISR(1), 
 Auto vars:     Size  Location     Type
		None
 Return value:  Size  Location     Type
                  2    0[BANK1 ] int 
 Registers used:
		wreg, fsr2l, fsr2h, status,2, status,0, prodl, prodh
 Tracked objects:
		On entry : 
		On exit  : 
		Unchanged: 
 Data sizes:     COMRAM   BANK0   BANK1   BANK2   BANK3   BANK4   BANK5
      Params:         0       0       2       0       0       0       0
      Locals:         0       0       0       0       0       0       0
      Temps:          0       0       0       0       0       0       0
      Totals:         0       0       2       0       0       0       0
Total ram usage:        2 bytes
 Hardware stack levels used:    1
 Hardware stack levels required when called:    5
 This function calls:
		Nothing
 This function is called by:
		_main
 This function uses a non-reentrant model


 *************** function _I2C_Write *****************
 Defined at:
		line 763 in file "I2C.c"
 Parameters:    Size  Location     Type
  adresse         1    wreg     unsigned char 
  data            2   14[BANK1 ] PTR unsigned char 
		 -> main@data(3), 
  sizeData        1   16[BANK1 ] unsigned char 
  delay           1   17[BANK1 ] unsigned char 
 Auto vars:     Size  Location     Type
  adresse         1   22[BANK1 ] unsigned char 
  Pointeur        2   24[BANK1 ] PTR PTR unsigned char 
		 -> array.Tab.Pointer(2), array.Tab(60), nulPointer(2), 
  myData          2    0        PTR unsigned char 
		 -> NULL(0), 
  i               1   23[BANK1 ] unsigned char 
 Return value:  Size  Location     Type
                  2   14[BANK1 ] int 
 Registers used:
		wreg, fsr2l, fsr2h, status,2, status,0, prodl, prodh, cstack
 Tracked objects:
		On entry : 
		On exit  : 
		Unchanged: 
 Data sizes:     COMRAM   BANK0   BANK1   BANK2   BANK3   BANK4   BANK5
      Params:         0       0       4       0       0       0       0
      Locals:         0       0       6       0       0       0       0
      Temps:          0       0       2       0       0       0       0
      Totals:         0       0      12       0       0       0       0
Total ram usage:       12 bytes
 Hardware stack levels used:    1
 Hardware stack levels required when called:    7
 This function calls:
		_I2C_Master_Start
		_I2C_Master_Stop
		_I2C_Master_Write
		_getMemoryID
		_getMemoryPointer
		_memcpy
 This function is called by:
		_main
 This function uses a non-reentrant model


 *************** function _I2C_Master_Write *****************
 Defined at:
		line 145 in file "I2C_conf/I2C_PIC_Support.c"
 Parameters:    Size  Location     Type
  data            2    0[BANK1 ] int 
 Auto vars:     Size  Location     Type
		None
 Return value:  Size  Location     Type
                  2    0[BANK1 ] int 
 Registers used:
		None
 Tracked objects:
		On entry : 
		On exit  : 
		Unchanged: 
 Data sizes:     COMRAM   BANK0   BANK1   BANK2   BANK3   BANK4   BANK5
      Params:         0       0       2       0       0       0       0
      Locals:         0       0       0       0       0       0       0
      Temps:          0       0       0       0       0       0       0
      Totals:         0       0       2       0       0       0       0
Total ram usage:        2 bytes
 Hardware stack levels used:    1
 Hardware stack levels required when called:    5
 This function calls:
		Nothing
 This function is called by:
		_I2C_Write
 This function uses a non-reentrant model


 *************** function _I2C_Master_Stop *****************
 Defined at:
		line 116 in file "I2C_conf/I2C_PIC_Support.c"
 Parameters:    Size  Location     Type
		None
 Auto vars:     Size  Location     Type
		None
 Return value:  Size  Location     Type
                  2  129[None  ] int 
 Registers used:
		None
 Tracked objects:
		On entry : 
		On exit  : 
		Unchanged: 
 Data sizes:     COMRAM   BANK0   BANK1   BANK2   BANK3   BANK4   BANK5
      Params:         0       0       0       0       0       0       0
      Locals:         0       0       0       0       0       0       0
      Temps:          0       0       0       0       0       0       0
      Totals:         0       0       0       0       0       0       0
Total ram usage:        0 bytes
 Hardware stack levels used:    1
 Hardware stack levels required when called:    5
 This function calls:
		Nothing
 This function is called by:
		_I2C_Write
 This function uses a non-reentrant model


 *************** function _I2C_Master_Start *****************
 Defined at:
		line 43 in file "I2C_conf/I2C_PIC_Support.c"
 Parameters:    Size  Location     Type
  adresse         2    0[BANK1 ] int 
 Auto vars:     Size  Location     Type
		None
 Return value:  Size  Location     Type
                  2    0[BANK1 ] int 
 Registers used:
		None
 Tracked objects:
		On entry : 
		On exit  : 
		Unchanged: 
 Data sizes:     COMRAM   BANK0   BANK1   BANK2   BANK3   BANK4   BANK5
      Params:         0       0       2       0       0       0       0
      Locals:         0       0       0       0       0       0       0
      Temps:          0       0       0       0       0       0       0
      Totals:         0       0       2       0       0       0       0
Total ram usage:        2 bytes
 Hardware stack levels used:    1
 Hardware stack levels required when called:    5
 This function calls:
		Nothing
 This function is called by:
		_I2C_Write
 This function uses a non-reentrant model


 *************** function _I2C_Read_Register_Request *****************
 Defined at:
		line 970 in file "I2C.c"
 Parameters:    Size  Location     Type
  adresse         1    wreg     unsigned char 
  sendData        2   14[BANK1 ] PTR unsigned char 
		 -> main@data(3), 
  sendsizeData    1   16[BANK1 ] unsigned char 
  rcvsizeData     1   17[BANK1 ] unsigned char 
  delay           1   18[BANK1 ] unsigned char 
 Auto vars:     Size  Location     Type
  adresse         1   25[BANK1 ] unsigned char 
  Pointeur        2   26[BANK1 ] PTR PTR unsigned char 
		 -> array.Tab.Pointer(2), array.Tab(60), nulPointer(2), 
  rcvData         2   23[BANK1 ] PTR unsigned char 
		 -> NULL(0), 
  myData          2    0        PTR unsigned char 
		 -> NULL(0), 
 Return value:  Size  Location     Type
                  2   14[BANK1 ] int 
 Registers used:
		wreg, fsr2l, fsr2h, status,2, status,0, prodl, prodh, cstack
 Tracked objects:
		On entry : 
		On exit  : 
		Unchanged: 
 Data sizes:     COMRAM   BANK0   BANK1   BANK2   BANK3   BANK4   BANK5
      Params:         0       0       5       0       0       0       0
      Locals:         0       0       7       0       0       0       0
      Temps:          0       0       2       0       0       0       0
      Totals:         0       0      14       0       0       0       0
Total ram usage:       14 bytes
 Hardware stack levels used:    1
 Hardware stack levels required when called:    7
 This function calls:
		_getMemoryID
		_getMemoryPointer
		_memcpy
 This function is called by:
		_main
 This function uses a non-reentrant model


 *************** function _getMemoryPointer *****************
 Defined at:
		line 22 in file "I2C_conf/memory/memory.c"
 Parameters:    Size  Location     Type
  sizeData        1    wreg     unsigned char 
 Auto vars:     Size  Location     Type
  sizeData        1   10[BANK1 ] unsigned char 
  dP              2   11[BANK1 ] PTR PTR unsigned char 
		 -> array.Tab.Pointer(2), array.Tab(60), nulPointer(2), 
  Pointer         2    8[BANK1 ] PTR unsigned char 
		 -> memory.pile(128), memory(129), NULL(0), 
  i               1   13[BANK1 ] unsigned char 
  indice          1    7[BANK1 ] unsigned char 
 Return value:  Size  Location     Type
                  2    5[BANK1 ] PTR PTR unsigned char 
 Registers used:
		wreg, fsr2l, fsr2h, status,2, status,0, prodl, prodh, cstack
 Tracked objects:
		On entry : 
		On exit  : 
		Unchanged: 
 Data sizes:     COMRAM   BANK0   BANK1   BANK2   BANK3   BANK4   BANK5
      Params:         0       0       2       0       0       0       0
      Locals:         0       0       7       0       0       0       0
      Temps:          0       0       0       0       0       0       0
      Totals:         0       0       9       0       0       0       0
Total ram usage:        9 bytes
 Hardware stack levels used:    1
 Hardware stack levels required when called:    6
 This function calls:
		_myMalloc
 This function is called by:
		_I2C_Write
		_I2C_Read_Register_Request
		_I2C_Read_Request
 This function uses a non-reentrant model


 *************** function _myMalloc *****************
 Defined at:
		line 14 in file "I2C_conf/memory/memory.c"
 Parameters:    Size  Location     Type
  sizeData        1    wreg     unsigned char 
 Auto vars:     Size  Location     Type
  sizeData        1    4[BANK1 ] unsigned char 
 Return value:  Size  Location     Type
                  2    0[BANK1 ] PTR unsigned char 
 Registers used:
		wreg, status,2, status,0
 Tracked objects:
		On entry : 
		On exit  : 
		Unchanged: 
 Data sizes:     COMRAM   BANK0   BANK1   BANK2   BANK3   BANK4   BANK5
      Params:         0       0       2       0       0       0       0
      Locals:         0       0       1       0       0       0       0
      Temps:          0       0       2       0       0       0       0
      Totals:         0       0       5       0       0       0       0
Total ram usage:        5 bytes
 Hardware stack levels used:    1
 Hardware stack levels required when called:    5
 This function calls:
		Nothing
 This function is called by:
		_getMemoryPointer
 This function uses a non-reentrant model


 *************** function _getMemoryID *****************
 Defined at:
		line 124 in file "I2C_conf/memory/memory.c"
 Parameters:    Size  Location     Type
  Pointer         2    0[BANK1 ] PTR PTR unsigned char 
		 -> array.Tab.Pointer(2), array.Tab(60), nulPointer(2), 
 Auto vars:     Size  Location     Type
  i               1    5[BANK1 ] unsigned char 
  indice          1    4[BANK1 ] unsigned char 
 Return value:  Size  Location     Type
                  2    0[BANK1 ] int 
 Registers used:
		wreg, fsr2l, fsr2h, status,2, status,0, prodl, prodh
 Tracked objects:
		On entry : 
		On exit  : 
		Unchanged: 
 Data sizes:     COMRAM   BANK0   BANK1   BANK2   BANK3   BANK4   BANK5
      Params:         0       0       2       0       0       0       0
      Locals:         0       0       2       0       0       0       0
      Temps:          0       0       2       0       0       0       0
      Totals:         0       0       6       0       0       0       0
Total ram usage:        6 bytes
 Hardware stack levels used:    1
 Hardware stack levels required when called:    5
 This function calls:
		Nothing
 This function is called by:
		_I2C_Write
		_I2C_Read_Register_Request
		_I2C_Read_Request
 This function uses a non-reentrant model


 *************** function _I2C_Read_Buffer *****************
 Defined at:
		line 1087 in file "I2C.c"
 Parameters:    Size  Location     Type
  adresse         2  151[BANK1 ] PTR unsigned char 
		 -> main@adresse(1), 
  sizeData        2  153[BANK1 ] PTR unsigned char 
		 -> main@bufferSize(1), 
 Auto vars:     Size  Location     Type
  Pointer         2  155[BANK1 ] PTR PTR unsigned char 
		 -> array.Tab.Pointer(2), array.Tab(60), nulPointer(2), 
  data            3    0        PTR unsigned char 
  i               1  158[BANK1 ] unsigned char 
  ID              1  157[BANK1 ] unsigned char 
 Return value:  Size  Location     Type
                  2  151[BANK1 ] PTR PTR unsigned char 
 Registers used:
		wreg, fsr1l, fsr1h, fsr2l, fsr2h, status,2, status,0, prodl, prodh, cstack
 Tracked objects:
		On entry : 
		On exit  : 
		Unchanged: 
 Data sizes:     COMRAM   BANK0   BANK1   BANK2   BANK3   BANK4   BANK5
      Params:         0       0       4       0       0       0       0
      Locals:         0       0       4       0       0       0       0
      Temps:          0       0       0       0       0       0       0
      Totals:         0       0       8       0       0       0       0
Total ram usage:        8 bytes
 Hardware stack levels used:    1
 Hardware stack levels required when called:    8
 This function calls:
		_I2C_TabRefresh
		_getMemoryFromID
 This function is called by:
		_main
 This function uses a non-reentrant model


 *************** function _I2C_TabRefresh *****************
 Defined at:
		line 1144 in file "I2C.c"
 Parameters:    Size  Location     Type
		None
 Auto vars:     Size  Location     Type
  Pointer         2  148[BANK1 ] PTR PTR unsigned char 
		 -> array.Tab.Pointer(2), array.Tab(60), nulPointer(2), 
  i               1  150[BANK1 ] unsigned char 
 Return value:  Size  Location     Type
                  1    wreg      void 
 Registers used:
		wreg, fsr1l, fsr1h, fsr2l, fsr2h, status,2, status,0, prodl, prodh, cstack
 Tracked objects:
		On entry : 
		On exit  : 
		Unchanged: 
 Data sizes:     COMRAM   BANK0   BANK1   BANK2   BANK3   BANK4   BANK5
      Params:         0       0       0       0       0       0       0
      Locals:         0       0       3       0       0       0       0
      Temps:          0       0       0       0       0       0       0
      Totals:         0       0       3       0       0       0       0
Total ram usage:        3 bytes
 Hardware stack levels used:    1
 Hardware stack levels required when called:    7
 This function calls:
		_getFree
		_getMemoryFromID
 This function is called by:
		_I2C_Read_Buffer
 This function uses a non-reentrant model


 *************** function _getMemoryFromID *****************
 Defined at:
		line 155 in file "I2C_conf/memory/memory.c"
 Parameters:    Size  Location     Type
  ID              1    wreg     unsigned char 
 Auto vars:     Size  Location     Type
  ID              1    3[BANK1 ] unsigned char 
  dP              2    4[BANK1 ] PTR PTR unsigned char 
		 -> array.Tab.Pointer(2), array.Tab(60), nulPointer(2), 
  i               1    7[BANK1 ] unsigned char 
  indice          1    6[BANK1 ] unsigned char 
 Return value:  Size  Location     Type
                  2    0[BANK1 ] PTR PTR unsigned char 
 Registers used:
		wreg, fsr2l, fsr2h, status,2, status,0, prodl, prodh
 Tracked objects:
		On entry : 
		On exit  : 
		Unchanged: 
 Data sizes:     COMRAM   BANK0   BANK1   BANK2   BANK3   BANK4   BANK5
      Params:         0       0       2       0       0       0       0
      Locals:         0       0       5       0       0       0       0
      Temps:          0       0       1       0       0       0       0
      Totals:         0       0       8       0       0       0       0
Total ram usage:        8 bytes
 Hardware stack levels used:    1
 Hardware stack levels required when called:    5
 This function calls:
		Nothing
 This function is called by:
		_I2C_Read_Buffer
		_I2C_TabRefresh
		_I2C_Free
 This function uses a non-reentrant model


 *************** function _getFree *****************
 Defined at:
		line 61 in file "I2C_conf/memory/memory.c"
 Parameters:    Size  Location     Type
  Pointer         2   11[BANK1 ] PTR PTR unsigned char 
		 -> array.Tab.Pointer(2), array.Tab(60), nulPointer(2), 
 Auto vars:     Size  Location     Type
  tab           128   16[BANK1 ] unsigned char [128]
  tabPoint        2  144[BANK1 ] PTR unsigned char 
		 -> getFree@tab(128), 
  i               1  147[BANK1 ] unsigned char 
  indice          1  146[BANK1 ] unsigned char 
 Return value:  Size  Location     Type
                  1    wreg      void 
 Registers used:
		wreg, fsr1l, fsr1h, fsr2l, fsr2h, status,2, status,0, prodl, prodh, cstack
 Tracked objects:
		On entry : 
		On exit  : 
		Unchanged: 
 Data sizes:     COMRAM   BANK0   BANK1   BANK2   BANK3   BANK4   BANK5
      Params:         0       0       2       0       0       0       0
      Locals:         0       0     132       0       0       0       0
      Temps:          0       0       3       0       0       0       0
      Totals:         0       0     137       0       0       0       0
Total ram usage:      137 bytes
 Hardware stack levels used:    1
 Hardware stack levels required when called:    6
 This function calls:
		_memcpy
 This function is called by:
		_I2C_TabRefresh
		_I2C_Free
 This function uses a non-reentrant model


 *************** function _memcpy *****************
 Defined at:
		line 4 in file "C:\Program Files (x86)\Microchip\xc8\v2.10\pic\sources\c99\common\memcpy.c"
 Parameters:    Size  Location     Type
  d1              2    0[BANK1 ] PTR void 
		 -> getFree@tab(128), memory(129), NULL(0), 
  s1              2    2[BANK1 ] PTR const void 
		 -> getFree@tab(128), memory.pile(128), memory(129), NULL(0), 
		 -> main@data(3), 
  n               2    4[BANK1 ] unsigned int 
 Auto vars:     Size  Location     Type
  s               2    8[BANK1 ] PTR const unsigned char 
		 -> getFree@tab(128), memory.pile(128), memory(129), NULL(0), 
		 -> main@data(3), 
  d               2    6[BANK1 ] PTR unsigned char 
		 -> getFree@tab(128), memory(129), NULL(0), 
  tmp             1   10[BANK1 ] unsigned char 
 Return value:  Size  Location     Type
                  2    0[BANK1 ] PTR void 
 Registers used:
		wreg, fsr2l, fsr2h, status,2, status,0
 Tracked objects:
		On entry : 
		On exit  : 
		Unchanged: 
 Data sizes:     COMRAM   BANK0   BANK1   BANK2   BANK3   BANK4   BANK5
      Params:         0       0       6       0       0       0       0
      Locals:         0       0       5       0       0       0       0
      Temps:          0       0       0       0       0       0       0
      Totals:         0       0      11       0       0       0       0
Total ram usage:       11 bytes
 Hardware stack levels used:    1
 Hardware stack levels required when called:    5
 This function calls:
		Nothing
 This function is called by:
		_I2C_Write
		_I2C_Read_Register_Request
		_getFree
 This function uses a non-reentrant model


 *************** function _I2C_Init *****************
 Defined at:
		line 595 in file "I2C.c"
 Parameters:    Size  Location     Type
  Options         1    wreg     unsigned char 
 Auto vars:     Size  Location     Type
  Options         1   77[BANK1 ] unsigned char 
  min             4   82[BANK1 ] float 
  prUsed          2   80[BANK1 ] unsigned int 
  prescUsed       2   78[BANK1 ] unsigned int 
 Return value:  Size  Location     Type
                  2   73[BANK1 ] int 
 Registers used:
		wreg, fsr2l, fsr2h, status,2, status,0, prodl, prodh, cstack
 Tracked objects:
		On entry : 
		On exit  : 
		Unchanged: 
 Data sizes:     COMRAM   BANK0   BANK1   BANK2   BANK3   BANK4   BANK5
      Params:         0       0       2       0       0       0       0
      Locals:         0       0       9       0       0       0       0
      Temps:          0       0       2       0       0       0       0
      Totals:         0       0      13       0       0       0       0
Total ram usage:       13 bytes
 Hardware stack levels used:    1
 Hardware stack levels required when called:    8
 This function calls:
		_I2C_timer_prescaler
		___fleq
		_memory_init
		_memset
 This function is called by:
		_main
 This function uses a non-reentrant model


 *************** function _memset *****************
 Defined at:
		line 4 in file "C:\Program Files (x86)\Microchip\xc8\v2.10\pic\sources\c99\common\memset.c"
 Parameters:    Size  Location     Type
  dest            2    0[BANK1 ] PTR void 
		 -> I2CConfig(167), 
  c               2    2[BANK1 ] int 
  n               2    4[BANK1 ] unsigned int 
 Auto vars:     Size  Location     Type
  s               2   10[BANK1 ] PTR unsigned char 
		 -> I2CConfig(167), 
  k               2    8[BANK1 ] unsigned int 
 Return value:  Size  Location     Type
                  2    0[BANK1 ] PTR void 
 Registers used:
		wreg, fsr2l, fsr2h, status,2, status,0
 Tracked objects:
		On entry : 
		On exit  : 
		Unchanged: 
 Data sizes:     COMRAM   BANK0   BANK1   BANK2   BANK3   BANK4   BANK5
      Params:         0       0       6       0       0       0       0
      Locals:         0       0       4       0       0       0       0
      Temps:          0       0       2       0       0       0       0
      Totals:         0       0      12       0       0       0       0
Total ram usage:       12 bytes
 Hardware stack levels used:    1
 Hardware stack levels required when called:    5
 This function calls:
		Nothing
 This function is called by:
		_I2C_Init
 This function uses a non-reentrant model


 *************** function _memory_init *****************
 Defined at:
		line 8 in file "I2C_conf/memory/memory.c"
 Parameters:    Size  Location     Type
		None
 Auto vars:     Size  Location     Type
		None
 Return value:  Size  Location     Type
                  1    wreg      void 
 Registers used:
		wreg, fsr2l, fsr2h, status,2, status,0, prodl, prodh, cstack
 Tracked objects:
		On entry : 
		On exit  : 
		Unchanged: 
 Data sizes:     COMRAM   BANK0   BANK1   BANK2   BANK3   BANK4   BANK5
      Params:         0       0       0       0       0       0       0
      Locals:         0       0       0       0       0       0       0
      Temps:          0       0       0       0       0       0       0
      Totals:         0       0       0       0       0       0       0
Total ram usage:        0 bytes
 Hardware stack levels used:    1
 Hardware stack levels required when called:    6
 This function calls:
		_getFreeFull
 This function is called by:
		_I2C_Init
 This function uses a non-reentrant model


 *************** function _getFreeFull *****************
 Defined at:
		line 146 in file "I2C_conf/memory/memory.c"
 Parameters:    Size  Location     Type
		None
 Auto vars:     Size  Location     Type
  i               1    0[BANK1 ] unsigned char 
 Return value:  Size  Location     Type
                  1    wreg      void 
 Registers used:
		wreg, fsr2l, fsr2h, status,2, status,0, prodl, prodh
 Tracked objects:
		On entry : 
		On exit  : 
		Unchanged: 
 Data sizes:     COMRAM   BANK0   BANK1   BANK2   BANK3   BANK4   BANK5
      Params:         0       0       0       0       0       0       0
      Locals:         0       0       1       0       0       0       0
      Temps:          0       0       0       0       0       0       0
      Totals:         0       0       1       0       0       0       0
Total ram usage:        1 bytes
 Hardware stack levels used:    1
 Hardware stack levels required when called:    5
 This function calls:
		Nothing
 This function is called by:
		_memory_init
 This function uses a non-reentrant model


 *************** function ___fleq *****************
 Defined at:
		line 4 in file "C:\Program Files (x86)\Microchip\xc8\v2.10\pic\sources\c99\common\fleq.c"
 Parameters:    Size  Location     Type
  ff1             4    0[BANK1 ] void 
  ff2             4    4[BANK1 ] void 
 Auto vars:     Size  Location     Type
		None
 Return value:  Size  Location     Type
		None               void
 Registers used:
		wreg, status,2, status,0
 Tracked objects:
		On entry : 
		On exit  : 
		Unchanged: 
 Data sizes:     COMRAM   BANK0   BANK1   BANK2   BANK3   BANK4   BANK5
      Params:         0       0       8       0       0       0       0
      Locals:         0       0       0       0       0       0       0
      Temps:          0       0       4       0       0       0       0
      Totals:         0       0      12       0       0       0       0
Total ram usage:       12 bytes
 Hardware stack levels used:    1
 Hardware stack levels required when called:    5
 This function calls:
		Nothing
 This function is called by:
		_I2C_Init
 This function uses a non-reentrant model


 *************** function _I2C_timer_prescaler *****************
 Defined at:
		line 230 in file "I2C_conf/I2C_PIC_Support.c"
 Parameters:    Size  Location     Type
  period          4   39[BANK1 ] float 
  prUsed          2   43[BANK1 ] PTR unsigned int 
		 -> I2C_Init@prUsed(2), 
  presc           2   45[BANK1 ] unsigned int 
  prescUsed       2   47[BANK1 ] PTR unsigned int 
		 -> I2C_Init@prescUsed(2), 
  min             2   49[BANK1 ] PTR float 
		 -> I2C_Init@min(4), 
 Auto vars:     Size  Location     Type
  pr_f            4   67[BANK1 ] PTR float 
  minB            4   63[BANK1 ] float 
  x               4   59[BANK1 ] float 
  pr              2   71[BANK1 ] unsigned int 
 Return value:  Size  Location     Type
                  1    wreg      void 
 Registers used:
		wreg, fsr2l, fsr2h, status,2, status,0, prodl, prodh, cstack
 Tracked objects:
		On entry : 
		On exit  : 
		Unchanged: 
 Data sizes:     COMRAM   BANK0   BANK1   BANK2   BANK3   BANK4   BANK5
      Params:         0       0      12       0       0       0       0
      Locals:         0       0      22       0       0       0       0
      Temps:          0       0       0       0       0       0       0
      Totals:         0       0      34       0       0       0       0
Total ram usage:       34 bytes
 Hardware stack levels used:    1
 Hardware stack levels required when called:    7
 This function calls:
		___fldiv
		___flge
		___flmul
		___flsub
		___fltol
		___xxtofl
 This function is called by:
		_I2C_Init
 This function uses a non-reentrant model


 *************** function ___xxtofl *****************
 Defined at:
		line 10 in file "C:\Program Files (x86)\Microchip\xc8\v2.10\pic\sources\c99\common\xxtofl.c"
 Parameters:    Size  Location     Type
  sign            1    wreg     unsigned char 
  val             4    0[BANK1 ] long 
 Auto vars:     Size  Location     Type
  sign            1    8[BANK1 ] unsigned char 
  arg             4   10[BANK1 ] unsigned long 
  exp             1    9[BANK1 ] unsigned char 
 Return value:  Size  Location     Type
                  4    0[BANK1 ] unsigned char 
 Registers used:
		wreg, status,2, status,0
 Tracked objects:
		On entry : 
		On exit  : 
		Unchanged: 
 Data sizes:     COMRAM   BANK0   BANK1   BANK2   BANK3   BANK4   BANK5
      Params:         0       0       4       0       0       0       0
      Locals:         0       0       6       0       0       0       0
      Temps:          0       0       4       0       0       0       0
      Totals:         0       0      14       0       0       0       0
Total ram usage:       14 bytes
 Hardware stack levels used:    1
 Hardware stack levels required when called:    5
 This function calls:
		Nothing
 This function is called by:
		_I2C_timer_prescaler
 This function uses a non-reentrant model


 *************** function ___fltol *****************
 Defined at:
		line 43 in file "C:\Program Files (x86)\Microchip\xc8\v2.10\pic\sources\c99\common\fltol.c"
 Parameters:    Size  Location     Type
  f1              4    0[BANK1 ] unsigned char 
 Auto vars:     Size  Location     Type
  exp1            1    9[BANK1 ] unsigned char 
  sign1           1    8[BANK1 ] unsigned char 
 Return value:  Size  Location     Type
                  4    0[BANK1 ] long 
 Registers used:
		wreg, status,2, status,0
 Tracked objects:
		On entry : 
		On exit  : 
		Unchanged: 
 Data sizes:     COMRAM   BANK0   BANK1   BANK2   BANK3   BANK4   BANK5
      Params:         0       0       4       0       0       0       0
      Locals:         0       0       2       0       0       0       0
      Temps:          0       0       4       0       0       0       0
      Totals:         0       0      10       0       0       0       0
Total ram usage:       10 bytes
 Hardware stack levels used:    1
 Hardware stack levels required when called:    5
 This function calls:
		Nothing
 This function is called by:
		_I2C_timer_prescaler
 This function uses a non-reentrant model


 *************** function ___flsub *****************
 Defined at:
		line 245 in file "C:\Program Files (x86)\Microchip\xc8\v2.10\pic\sources\c99\common\sprcadd.c"
 Parameters:    Size  Location     Type
  b               4   16[BANK1 ] long 
  a               4   20[BANK1 ] long 
 Auto vars:     Size  Location     Type
		None
 Return value:  Size  Location     Type
                  4   16[BANK1 ] long 
 Registers used:
		wreg, status,2, status,0, cstack
 Tracked objects:
		On entry : 
		On exit  : 
		Unchanged: 
 Data sizes:     COMRAM   BANK0   BANK1   BANK2   BANK3   BANK4   BANK5
      Params:         0       0       8       0       0       0       0
      Locals:         0       0       0       0       0       0       0
      Temps:          0       0       0       0       0       0       0
      Totals:         0       0       8       0       0       0       0
Total ram usage:        8 bytes
 Hardware stack levels used:    1
 Hardware stack levels required when called:    6
 This function calls:
		___fladd
 This function is called by:
		_I2C_timer_prescaler
 This function uses a non-reentrant model


 *************** function ___fladd *****************
 Defined at:
		line 10 in file "C:\Program Files (x86)\Microchip\xc8\v2.10\pic\sources\c99\common\sprcadd.c"
 Parameters:    Size  Location     Type
  b               4    0[BANK1 ] long 
  a               4    4[BANK1 ] long 
 Auto vars:     Size  Location     Type
  grs             1   15[BANK1 ] unsigned char 
  bexp            1   14[BANK1 ] unsigned char 
  aexp            1   13[BANK1 ] unsigned char 
  signs           1   12[BANK1 ] unsigned char 
 Return value:  Size  Location     Type
                  4    0[BANK1 ] unsigned char 
 Registers used:
		wreg, status,2, status,0
 Tracked objects:
		On entry : 
		On exit  : 
		Unchanged: 
 Data sizes:     COMRAM   BANK0   BANK1   BANK2   BANK3   BANK4   BANK5
      Params:         0       0       8       0       0       0       0
      Locals:         0       0       4       0       0       0       0
      Temps:          0       0       4       0       0       0       0
      Totals:         0       0      16       0       0       0       0
Total ram usage:       16 bytes
 Hardware stack levels used:    1
 Hardware stack levels required when called:    5
 This function calls:
		Nothing
 This function is called by:
		___flsub
 This function uses a non-reentrant model


 *************** function ___flmul *****************
 Defined at:
		line 8 in file "C:\Program Files (x86)\Microchip\xc8\v2.10\pic\sources\c99\common\sprcmul.c"
 Parameters:    Size  Location     Type
  b               4    0[BANK1 ] unsigned char 
  a               4    4[BANK1 ] unsigned char 
 Auto vars:     Size  Location     Type
  prod            4   19[BANK1 ] struct .
  grs             4   13[BANK1 ] unsigned long 
  temp            2   23[BANK1 ] struct .
  bexp            1   18[BANK1 ] unsigned char 
  aexp            1   17[BANK1 ] unsigned char 
  sign            1   12[BANK1 ] unsigned char 
 Return value:  Size  Location     Type
                  4    0[BANK1 ] unsigned char 
 Registers used:
		wreg, status,2, status,0, prodl, prodh
 Tracked objects:
		On entry : 
		On exit  : 
		Unchanged: 
 Data sizes:     COMRAM   BANK0   BANK1   BANK2   BANK3   BANK4   BANK5
      Params:         0       0       8       0       0       0       0
      Locals:         0       0      13       0       0       0       0
      Temps:          0       0       4       0       0       0       0
      Totals:         0       0      25       0       0       0       0
Total ram usage:       25 bytes
 Hardware stack levels used:    1
 Hardware stack levels required when called:    5
 This function calls:
		Nothing
 This function is called by:
		_I2C_timer_prescaler
 This function uses a non-reentrant model


 *************** function ___flge *****************
 Defined at:
		line 4 in file "C:\Program Files (x86)\Microchip\xc8\v2.10\pic\sources\c99\common\flge.c"
 Parameters:    Size  Location     Type
  ff1             4   25[BANK1 ] unsigned char 
  ff2             4   29[BANK1 ] unsigned char 
 Auto vars:     Size  Location     Type
		None
 Return value:  Size  Location     Type
		None               void
 Registers used:
		wreg, status,2, status,0
 Tracked objects:
		On entry : 
		On exit  : 
		Unchanged: 
 Data sizes:     COMRAM   BANK0   BANK1   BANK2   BANK3   BANK4   BANK5
      Params:         0       0       8       0       0       0       0
      Locals:         0       0       0       0       0       0       0
      Temps:          0       0       4       0       0       0       0
      Totals:         0       0      12       0       0       0       0
Total ram usage:       12 bytes
 Hardware stack levels used:    1
 Hardware stack levels required when called:    5
 This function calls:
		Nothing
 This function is called by:
		_I2C_timer_prescaler
 This function uses a non-reentrant model


 *************** function ___fldiv *****************
 Defined at:
		line 11 in file "C:\Program Files (x86)\Microchip\xc8\v2.10\pic\sources\c99\common\sprcdiv.c"
 Parameters:    Size  Location     Type
  b               4   14[BANK1 ] unsigned char 
  a               4   18[BANK1 ] unsigned char 
 Auto vars:     Size  Location     Type
  grs             4   33[BANK1 ] unsigned long 
  rem             4   26[BANK1 ] unsigned long 
  new_exp         2   31[BANK1 ] short 
  aexp            1   38[BANK1 ] unsigned char 
  bexp            1   37[BANK1 ] unsigned char 
  sign            1   30[BANK1 ] unsigned char 
 Return value:  Size  Location     Type
                  4   14[BANK1 ] unsigned char 
 Registers used:
		wreg, status,2, status,0
 Tracked objects:
		On entry : 
		On exit  : 
		Unchanged: 
 Data sizes:     COMRAM   BANK0   BANK1   BANK2   BANK3   BANK4   BANK5
      Params:         0       0       8       0       0       0       0
      Locals:         0       0      13       0       0       0       0
      Temps:          0       0       4       0       0       0       0
      Totals:         0       0      25       0       0       0       0
Total ram usage:       25 bytes
 Hardware stack levels used:    1
 Hardware stack levels required when called:    5
 This function calls:
		Nothing
 This function is called by:
		_I2C_timer_prescaler
 This function uses a non-reentrant model


 *************** function _ISR_Routine *****************
 Defined at:
		line 40 in file "interrupt.c"
 Parameters:    Size  Location     Type
		None
 Auto vars:     Size  Location     Type
		None
 Return value:  Size  Location     Type
                  1    wreg      void 
 Registers used:
		wreg, fsr1l, fsr1h, fsr2l, fsr2h, status,2, status,0, pclath, tosl, prodl, prodh, cstack
 Tracked objects:
		On entry : 
		On exit  : 
		Unchanged: 
 Data sizes:     COMRAM   BANK0   BANK1   BANK2   BANK3   BANK4   BANK5
      Params:         0       0       0       0       0       0       0
      Locals:         0       0       0       0       0       0       0
      Temps:          8       0       0       0       0       0       0
      Totals:         8       0       0       0       0       0       0
Total ram usage:        8 bytes
 Hardware stack levels used:    1
 Hardware stack levels required when called:    4
 This function calls:
		_ISR_Tasks
 This function is called by:
		Interrupt level 2
 This function uses a non-reentrant model


 *************** function _ISR_Tasks *****************
 Defined at:
		line 103 in file "interrupt.c"
 Parameters:    Size  Location     Type
		None
 Auto vars:     Size  Location     Type
  i               1   40[COMRAM] unsigned char 
 Return value:  Size  Location     Type
                  1    wreg      void 
 Registers used:
		wreg, fsr1l, fsr1h, fsr2l, fsr2h, status,2, status,0, pclath, tosl, prodl, prodh, cstack
 Tracked objects:
		On entry : 
		On exit  : 
		Unchanged: 
 Data sizes:     COMRAM   BANK0   BANK1   BANK2   BANK3   BANK4   BANK5
      Params:         0       0       0       0       0       0       0
      Locals:         1       0       0       0       0       0       0
      Temps:          0       0       0       0       0       0       0
      Totals:         1       0       0       0       0       0       0
Total ram usage:        1 bytes
 Hardware stack levels used:    1
 Hardware stack levels required when called:    3
 This function calls:
		_I2C_ISR
 This function is called by:
		_ISR_Routine
 This function uses a non-reentrant model


 *************** function _I2C_ISR *****************
 Defined at:
		line 52 in file "I2C.c"
 Parameters:    Size  Location     Type
		None
 Auto vars:     Size  Location     Type
  point           2   29[COMRAM] PTR unsigned char 
		 -> NULL(0), 
  Pointeur        2   27[COMRAM] PTR PTR unsigned char 
		 -> array.Tab.Pointer(2), array.Tab(60), nulPointer(2), 
  point           2   25[COMRAM] PTR unsigned char 
		 -> NULL(0), 
  Pointeur        2   23[COMRAM] PTR PTR unsigned char 
		 -> array.Tab.Pointer(2), array.Tab(60), nulPointer(2), 
  point           2   37[COMRAM] PTR unsigned char 
		 -> NULL(0), 
  Pointeur        2   35[COMRAM] PTR PTR unsigned char 
		 -> array.Tab.Pointer(2), array.Tab(60), nulPointer(2), 
  point           2   33[COMRAM] PTR unsigned char 
		 -> NULL(0), 
  Pointeur        2   31[COMRAM] PTR PTR unsigned char 
		 -> array.Tab.Pointer(2), array.Tab(60), nulPointer(2), 
  type            1   39[COMRAM] unsigned char 
 Return value:  Size  Location     Type
                  1    wreg      void 
 Registers used:
		wreg, fsr1l, fsr1h, fsr2l, fsr2h, status,2, status,0, prodl, prodh, cstack
 Tracked objects:
		On entry : 
		On exit  : 
		Unchanged: 
 Data sizes:     COMRAM   BANK0   BANK1   BANK2   BANK3   BANK4   BANK5
      Params:         0       0       0       0       0       0       0
      Locals:        17       0       0       0       0       0       0
      Temps:          7       0       0       0       0       0       0
      Totals:        24       0       0       0       0       0       0
Total ram usage:       24 bytes
 Hardware stack levels used:    1
 Hardware stack levels required when called:    2
 This function calls:
		i2_getFree
 This function is called by:
		_main
		_ISR_Tasks
 This function uses a non-reentrant model


 *************** function i2_getFree *****************
 Defined at:
		line 61 in file "I2C_conf/memory/memory.c"
 Parameters:    Size  Location     Type
  Pointer         2   11[COMRAM] PTR PTR unsigned char 
		 -> array.Tab.Pointer(2), array.Tab(60), nulPointer(2), 
 Auto vars:     Size  Location     Type
  getFree       128    0[BANK0 ] unsigned char [128]
  getFree         2  128[BANK0 ] PTR unsigned char 
		 -> i2getFree@tab(128), getFree@tab(128), 
  getFree         1  131[BANK0 ] unsigned char 
  getFree         1  130[BANK0 ] unsigned char 
 Return value:  Size  Location     Type
                  1    wreg      void 
 Registers used:
		wreg, fsr1l, fsr1h, fsr2l, fsr2h, status,2, status,0, prodl, prodh, cstack
 Tracked objects:
		On entry : 
		On exit  : 
		Unchanged: 
 Data sizes:     COMRAM   BANK0   BANK1   BANK2   BANK3   BANK4   BANK5
      Params:         2       0       0       0       0       0       0
      Locals:         0     132       0       0       0       0       0
      Temps:          3       0       0       0       0       0       0
      Totals:         5     132       0       0       0       0       0
Total ram usage:      137 bytes
 Hardware stack levels used:    1
 Hardware stack levels required when called:    1
 This function calls:
		i2_memcpy
 This function is called by:
		_I2C_ISR
 This function uses a non-reentrant model


 *************** function i2_memcpy *****************
 Defined at:
		line 4 in file "C:\Program Files (x86)\Microchip\xc8\v2.10\pic\sources\c99\common\memcpy.c"
 Parameters:    Size  Location     Type
  d1              2    0[COMRAM] PTR void 
		 -> i2getFree@tab(128), getFree@tab(128), memory(129), NULL(0), 
  s1              2    2[COMRAM] PTR const void 
		 -> i2getFree@tab(128), getFree@tab(128), memory.pile(128), memory(129), 
		 -> NULL(0), main@data(3), 
  n               2    4[COMRAM] unsigned int 
 Auto vars:     Size  Location     Type
  memcpy          2    8[COMRAM] PTR const unsigned char 
		 -> i2getFree@tab(128), getFree@tab(128), memory.pile(128), memory(129), 
		 -> NULL(0), main@data(3), 
  memcpy          2    6[COMRAM] PTR unsigned char 
		 -> i2getFree@tab(128), getFree@tab(128), memory(129), NULL(0), 
  memcpy          1   10[COMRAM] unsigned char 
 Return value:  Size  Location     Type
                  2    0[COMRAM] PTR void 
 Registers used:
		wreg, fsr2l, fsr2h, status,2, status,0
 Tracked objects:
		On entry : 
		On exit  : 
		Unchanged: 
 Data sizes:     COMRAM   BANK0   BANK1   BANK2   BANK3   BANK4   BANK5
      Params:         6       0       0       0       0       0       0
      Locals:         5       0       0       0       0       0       0
      Temps:          0       0       0       0       0       0       0
      Totals:        11       0       0       0       0       0       0
Total ram usage:       11 bytes
 Hardware stack levels used:    1
 This function calls:
		Nothing
 This function is called by:
		i2_getFree
 This function uses a non-reentrant model



MODULE INFORMATION

Module		Function		Class		Link	Load	Size
C:\Program Files (x86)\Microchip\xc8\v2.10\pic\sources\c99\common\fleq.c
		___fleq        		CODE           	2DAE	0000	173

C:\Program Files (x86)\Microchip\xc8\v2.10\pic\sources\c99\common\fleq.c estimated size: 173

C:\Program Files (x86)\Microchip\xc8\v2.10\pic\sources\c99\common\xxtofl.c
		___xxtofl      		CODE           	231C	0000	441

C:\Program Files (x86)\Microchip\xc8\v2.10\pic\sources\c99\common\xxtofl.c estimated size: 441

C:\Program Files (x86)\Microchip\xc8\v2.10\pic\sources\c99\common\fltol.c
		___fltol       		CODE           	2926	0000	265

C:\Program Files (x86)\Microchip\xc8\v2.10\pic\sources\c99\common\fltol.c estimated size: 265

I2C_conf/I2C_PIC_Support.c
		_I2C_Master_Stop		CODE           	3174	0000	21
		_I2C_timer_prescaler		CODE           	0FD6	0000	943
		_I2C_Master_Write		CODE           	30BA	0000	61
		_I2C_Master_Start		CODE           	312E	0000	43

I2C_conf/I2C_PIC_Support.c estimated size: 1068

I2C.c
		_I2C_Read_Buffer		CODE           	2B34	0000	259
		_I2C_Read_Register_Request		CODE           	1C1C	0000	635
		_I2C_Write     		CODE           	1E96	0000	611
		_I2C_ISR       		CODE           	0056	0000	1683
		_I2C_TabRefresh		CODE           	2E5A	0000	107
		_I2C_Init      		CODE           	20F8	0000	549

I2C.c estimated size: 3844

C:\Program Files (x86)\Microchip\xc8\v2.10\pic\sources\c99\common\memset.c
		_memset        		CODE           	2682	0000	377

C:\Program Files (x86)\Microchip\xc8\v2.10\pic\sources\c99\common\memset.c estimated size: 377

C:\Program Files (x86)\Microchip\xc8\v2.10\pic\sources\c99\common\sprcmul.c
		___flmul       		CODE           	0BAA	0000	1069

C:\Program Files (x86)\Microchip\xc8\v2.10\pic\sources\c99\common\sprcmul.c estimated size: 1069

C:\Program Files (x86)\Microchip\xc8\v2.10\pic\sources\c99\common\sprcdiv.c
		___fldiv       		CODE           	1384	0000	925

C:\Program Files (x86)\Microchip\xc8\v2.10\pic\sources\c99\common\sprcdiv.c estimated size: 925

C:\Program Files (x86)\Microchip\xc8\v2.10\pic\sources\c99\common\flge.c
		___flge        		CODE           	2A2E	0000	263

C:\Program Files (x86)\Microchip\xc8\v2.10\pic\sources\c99\common\flge.c estimated size: 263

interrupt.c
		_ISR_ConnectFunction		CODE           	3158	0000	29
		_ISR_Routine   		CODE           	0008	0000	75
		_ISR_Tasks     		CODE           	3072	0000	73
		_ISR_Init      		CODE           	3198	0000	7

interrupt.c estimated size: 184

shared
		i2_getFree     		CODE           	199E	0000	639
		__initialization		CODE           	2F2C	0000	79
		i2_memcpy      		CODE           	2FDA	0000	81

shared estimated size: 799

C:\Program Files (x86)\Microchip\xc8\v2.10\pic\sources\c99\common\memcpy.c
		_memcpy        		CODE           	2F88	0000	83

C:\Program Files (x86)\Microchip\xc8\v2.10\pic\sources\c99\common\memcpy.c estimated size: 83

C:\Program Files (x86)\Microchip\xc8\v2.10\pic\sources\c99\common\sprcadd.c
		___flsub       		CODE           	302A	0000	73
		___fladd       		CODE           	06E8	0000	1219

C:\Program Files (x86)\Microchip\xc8\v2.10\pic\sources\c99\common\sprcadd.c estimated size: 1292

main.c
		_main          		CODE           	24D4	0000	431

main.c estimated size: 431

I2C_conf/memory/memory.c
		_getFree       		CODE           	1720	0000	639
		_getMemoryID   		CODE           	2C36	0000	203
		_getFreeFull   		CODE           	30F6	0000	57
		_memory_init   		CODE           	3188	0000	17
		_getMemoryPointer		CODE           	27FA	0000	301
		_myMalloc      		CODE           	2EC4	0000	105
		_getMemoryFromID		CODE           	2D00	0000	175

I2C_conf/memory/memory.c estimated size: 1497

