Microchip MPLAB XC8 Compiler V2.10 ()

Linker command line:

-W-3 --edf=C:\Program Files (x86)\Microchip\xc8\v2.10\pic\dat\en_msgs.txt \
  -cs -h+dist/default/debug\exemple_I2C_Master.X.debug.sym \
  --cmf=dist/default/debug\exemple_I2C_Master.X.debug.cmf -z -Q18F45K22 \
  -oC:\Users\asus\AppData\Local\Temp\sgos.2 --defsym=__MPLAB_BUILD=1 \
  -Mdist/default/debug/exemple_I2C_Master.X.debug.map -E1 -ver=XC8 \
  --acfsm=1493 -ASTACK=030Bh-05FFh -pstack=STACK -ACODE=00h-07FFFh \
  -ACONST=00h-07FFFh -ASMALLCONST=0600h-06FFhx122 \
  -AMEDIUMCONST=0600h-07FFFh -ACOMRAM=01h-05Fh -AABS1=00h-05FFh \
  -ABIGRAM=01h-05FFh -ARAM=060h-0FFh,0100h-01FFhx5 -ABANK0=060h-0FFh \
  -ABANK1=0100h-01FFh -ABANK2=0200h-02FFh -ABANK3=0300h-03FFh \
  -ABANK4=0400h-04FFh -ABANK5=0500h-05FFh -ASFR=0F38h-0F5Fh,0F60h-0FFFh \
  -preset_vec=00h,intcode=08h,intcodelo,powerup,init -pramtop=0600h \
  -psmallconst=SMALLCONST -pmediumconst=MEDIUMCONST -pconst=CONST \
  -AFARRAM=00h-00h -ACONFIG=0300000h-030000Dh -pconfig=CONFIG \
  -AIDLOC=0200000h-0200007h -pidloc=IDLOC -AEEDATA=0F00000h-0F000FFh \
  -peeprom_data=EEDATA \
  -prdata=COMRAM,nvrram=COMRAM,nvbit=COMRAM,rbss=COMRAM,rbit=COMRAM \
  -pfarbss=FARRAM,fardata=FARRAM,nvFARRAM=FARRAM \
  -pintsave_regs=BIGRAM,bigbss=BIGRAM,bigdata=BIGRAM -pbss=RAM \
  -pidata=CODE,irdata=CODE,ibigdata=CODE,ifardata=CODE -prparam=COMRAM \
  C:\Users\asus\AppData\Local\Temp\sgos.o \
  dist/default/debug\exemple_I2C_Master.X.debug.o 

Object code version is 3.11

Machine type is 18F45K22

Call graph: (short form)




                Name                               Link     Load   Length Selector   Space Scale
C:\Users\asus\AppData\Local\Temp\sgos.o
                init                                 52       52        4        4       0
                reset_vec                             0        0        4        0       0
                idloc                            200000   200000        8   200000       0
                config                           300000   300000        E   300000       0
dist/default/debug\exemple_I2C_Master.X.debug.o
                intcode                               8        8       4A        4       0
                temp                                 5F       5F        1        1       1
                text34                             3938     3938       50        4       0
                text33                              C14      C14      4CC        4       0
                text32                               56       56      6A2        4       0
                text31                             3988     3988       4A        4       0
                text29                             3896     3896       52        4       0
                text28                              6F8      6F8      51C        4       0
                text27                             32D2     32D2      112        4       0
                text26                             383A     383A       5C        4       0
                text25                             1D80     1D80      39C        4       0
                text24                             34EC     34EC      106        4       0
                text23                             15A2     15A2      42C        4       0
                text22                             10E0     10E0      4C2        4       0
                text21                             39D2     39D2       48        4       0
                text20                             33E4     33E4      108        4       0
                text19                             2D3C     2D3C      1B8        4       0
                text18                             19CE     19CE      3B2        4       0
                text17                             35F2     35F2       AC        4       0
                text16                             37BC     37BC       7E        4       0
                text15                             3A9E     3A9E       18        4       0
                text14                             2EF4     2EF4      178        4       0
                text13                             2626     2626      272        4       0
                text12                             373E     373E       7E        4       0
                text11                             31B4     31B4      11E        4       0
                text10                             369E     369E       A0        4       0
                text9                              23AA     23AA      27C        4       0
                text8                              306C     306C      148        4       0
                text7                              211C     211C      28E        4       0
                text6                              3A56     3A56       2A        4       0
                text5                              3AB6     3AB6       14        4       0
                text4                              3A1A     3A1A       3C        4       0
                text3                              2898     2898      266        4       0
                text2                              3A80     3A80       1E        4       0
                text1                              3ACA     3ACA        8        4       0
                text0                              2AFE     2AFE      23E        4       0
                cstackCOMRAM                          1        1       5E        1       1
                cstackBANK0                          60       60       59       60       1
                cstackBANK1                         1B4      1B4       48      100       1
                cstackBANK3                         300      300        B      300       1
                bssBANK2                            200      200       FC      200       1
                dataBANK1                           1FC      1FC        3      100       1
                bssBANK1                            100      100       B4      100       1
                bssBANK0                             B9       B9       20       60       1
                cinit                              38E8     38E8       50        4       0
                idataBANK1                         3AD2     3AD2        3        4       0

TOTAL           Name                               Link     Load   Length     Space
        CLASS   STACK          

        CLASS   CODE           
                intcode                               8        8       4A         0
                init                                 52       52        4         0
                reset_vec                             0        0        4         0
                text34                             3938     3938       50         0
                text33                              C14      C14      4CC         0
                text32                               56       56      6A2         0
                text31                             3988     3988       4A         0
                text29                             3896     3896       52         0
                text28                              6F8      6F8      51C         0
                text27                             32D2     32D2      112         0
                text26                             383A     383A       5C         0
                text25                             1D80     1D80      39C         0
                text24                             34EC     34EC      106         0
                text23                             15A2     15A2      42C         0
                text22                             10E0     10E0      4C2         0
                text21                             39D2     39D2       48         0
                text20                             33E4     33E4      108         0
                text19                             2D3C     2D3C      1B8         0
                text18                             19CE     19CE      3B2         0
                text17                             35F2     35F2       AC         0
                text16                             37BC     37BC       7E         0
                text15                             3A9E     3A9E       18         0
                text14                             2EF4     2EF4      178         0
                text13                             2626     2626      272         0
                text12                             373E     373E       7E         0
                text11                             31B4     31B4      11E         0
                text10                             369E     369E       A0         0
                text9                              23AA     23AA      27C         0
                text8                              306C     306C      148         0
                text7                              211C     211C      28E         0
                text6                              3A56     3A56       2A         0
                text5                              3AB6     3AB6       14         0
                text4                              3A1A     3A1A       3C         0
                text3                              2898     2898      266         0
                text2                              3A80     3A80       1E         0
                text1                              3ACA     3ACA        8         0
                text0                              2AFE     2AFE      23E         0
                cinit                              38E8     38E8       50         0
                idataBANK1                         3AD2     3AD2        3         0

        CLASS   CONST          

        CLASS   SMALLCONST     

        CLASS   MEDIUMCONST    

        CLASS   COMRAM         
                temp                                 5F       5F        1         1
                cstackCOMRAM                          1        1       5E         1

        CLASS   ABS1           

        CLASS   BIGRAM         

        CLASS   RAM            

        CLASS   BANK0          
                cstackBANK0                          60       60       59         1
                bssBANK0                             B9       B9       20         1

        CLASS   BANK1          
                cstackBANK1                         1B4      1B4       48         1
                dataBANK1                           1FC      1FC        3         1
                bssBANK1                            100      100       B4         1

        CLASS   BANK2          
                bssBANK2                            200      200       FC         1

        CLASS   BANK3          
                cstackBANK3                         300      300        B         1

        CLASS   BANK4          

        CLASS   BANK5          

        CLASS   SFR            

        CLASS   FARRAM         

        CLASS   CONFIG         
                config                           300000   300000        E         0

        CLASS   IDLOC          
                idloc                            200000   200000        8         0

        CLASS   EEDATA         



SEGMENTS        Name                           Load    Length   Top    Selector   Space  Class

                reset_vec                      000000  000004  000004         0       0  CODE    
                cstackCOMRAM                   000001  00005F  000060         1       1  COMRAM  
                intcode                        000008  003ACD  003AD5         4       0  CODE    
                cstackBANK0                    000060  000079  0000D9        60       1  BANK0   
                bssBANK1                       000100  0000FF  0001FF       100       1  BANK1   
                bssBANK2                       000200  0000FC  0002FC       200       1  BANK2   
                cstackBANK3                    000300  00000B  00030B       300       1  BANK3   
                idloc                          200000  000008  200008    200000       0  IDLOC   
                config                         300000  00000E  30000E    300000       0  CONFIG  


UNUSED ADDRESS RANGES

        Name                Unused          Largest block    Delta
        BANK0            0000D9-0000FF               27
        BANK1            0001FF-0001FF                1
        BANK2            0002FC-0002FF                4
        BANK3            00030B-0003FF               F5
        BANK4            000400-0004FF              100
        BANK5            000500-0005FF              100
        BIGRAM           0000D9-0000FF               27
                         0001FF-0001FF                1
                         0002FC-0002FF                4
                         00030B-0005FF              2F5
        CODE             000004-000007                4
                         003AD5-007FFF             452B
        CONST            000004-000007                4
                         003AD5-007FFF             452B
        EEDATA           F00000-F000FF              100
        MEDIUMCONST      003AD5-007FFF             452B
        RAM              0000D9-0000FF               27
                         0001FF-0001FF                1
                         0002FC-0002FF                4
                         00030B-0005FF              100
        SFR              000F38-000FFF               28
        SMALLCONST       003AD5-007FFF              100
        STACK            00030B-0005FF              2F5

                                  Symbol Table

?_I2C_Init                             cstackBANK0  0000B3
?_I2C_Read_Buffer                      cstackBANK1  0001F8
?_I2C_Read_Register_Request            cstackBANK0  000094
?_I2C_Write                            cstackBANK0  000094
?___fladd                              cstackBANK0  000080
?___fldiv                              cstackBANK0  00008E
?___flmul                              cstackBANK0  000080
?___flsub                              cstackBANK0  000090
?___fltol                              cstackBANK0  000080
?___xxtofl                             cstackBANK0  000080
?_getMemoryFromID                      cstackBANK0  000080
?_getMemoryID                          cstackBANK0  000080
?_getMemoryPointer                     cstackBANK0  000086
?_myMalloc                             cstackBANK0  000080
I2C_Free@Pointer                       cstackBANK0  000099
I2C_Free@i                             cstackBANK0  00009B
I2C_ISR@Pointeur                       cstackBANK0  000067
I2C_ISR@Pointeur_727                   cstackBANK0  00006B
I2C_ISR@Pointeur_729                   cstackBANK0  00006F
I2C_ISR@Pointeur_731                   cstackBANK0  000073
I2C_ISR@ack                            bssBANK0     0000D6
I2C_ISR@i                              bssBANK0     0000D7
I2C_ISR@point                          cstackBANK0  000069
I2C_ISR@point_728                      cstackBANK0  00006D
I2C_ISR@point_730                      cstackBANK0  000071
I2C_ISR@point_732                      cstackBANK0  000075
I2C_ISR@type                           cstackBANK0  000077
I2C_Init@Options                       cstackBANK1  0001D0
I2C_Init@clock                         cstackBANK1  0001CE
I2C_Init@min                           cstackBANK1  0001D5
I2C_Init@prUsed                        cstackBANK1  0001D3
I2C_Init@prescUsed                     cstackBANK1  0001D1
I2C_Master_Start@adresse               cstackBANK0  000080
I2C_Master_Write@data                  cstackBANK0  000080
I2C_Read_Buffer@ID                     cstackBANK0  00009C
I2C_Read_Buffer@Pointeur               cstackBANK0  00009D
I2C_Read_Buffer@adresse                cstackBANK1  0001F8
I2C_Read_Buffer@i                      cstackBANK0  00009F
I2C_Read_Buffer@sizeData               cstackBANK1  0001FA
I2C_Read_Register_Request@Pointeur     cstackBANK0  0000A0
I2C_Read_Register_Request@adresse      cstackBANK0  00009F
I2C_Read_Register_Request@delay        cstackBANK0  000098
I2C_Read_Register_Request@rcvData      cstackBANK0  00009D
I2C_Read_Register_Request@rcvsizeData  cstackBANK0  000097
I2C_Read_Register_Request@sendData     cstackBANK0  000094
I2C_Read_Register_Request@sendsizeData cstackBANK0  000096
I2C_TabRefresh@Pointer                 cstackBANK0  000099
I2C_TabRefresh@i                       cstackBANK0  00009B
I2C_Write@Pointeur                     cstackBANK0  00009E
I2C_Write@adresse                      cstackBANK0  00009C
I2C_Write@data                         cstackBANK0  000094
I2C_Write@delay                        cstackBANK0  000097
I2C_Write@i                            cstackBANK0  00009D
I2C_Write@sizeData                     cstackBANK0  000096
I2C_timer_prescaler@min                cstackBANK0  0000B1
I2C_timer_prescaler@minB               cstackBANK1  0001C0
I2C_timer_prescaler@period             cstackBANK0  0000A7
I2C_timer_prescaler@pr                 cstackBANK1  0001C8
I2C_timer_prescaler@prUsed             cstackBANK0  0000AB
I2C_timer_prescaler@pr_f               cstackBANK1  0001C4
I2C_timer_prescaler@presc              cstackBANK0  0000AD
I2C_timer_prescaler@prescUsed          cstackBANK0  0000AF
I2C_timer_prescaler@x                  cstackBANK1  0001BC
ISR_ConnectFunction@Function           cstackBANK0  000080
ISR_Tasks@i                            cstackCOMRAM 00005E
_ANSELA                                (abs)        000F38
_ANSELB                                (abs)        000F39
_ANSELC                                (abs)        000F3A
_ANSELE                                (abs)        000F3C
_GIE                                   (abs)        007F97
_I2CConfig                             bssBANK1     00010B
_I2CMemory                             bssBANK1     000100
_I2C_Free                              text26       00383A
_I2C_ISR                               text32       000056
_I2C_Init                              text13       002626
_I2C_Init$756                          cstackBANK1  0001CA
_I2C_Master_Start                      text6        003A56
_I2C_Master_Stop                       text5        003AB6
_I2C_Master_Write                      text4        003A1A
_I2C_Read_Buffer                       text8        00306C
_I2C_Read_Register_Request             text7        00211C
_I2C_TabRefresh                        text12       00373E
_I2C_Write                             text3        002898
_I2C_timer_prescaler                   text18       0019CE
_I2C_timer_prescaler$1031              cstackBANK1  0001B4
_I2C_timer_prescaler$1032              cstackBANK1  0001B8
_I2Cadress                             bssBANK0     0000D4
_INTCON2bits                           (abs)        000FF1
_INTCONbits                            (abs)        000FF2
_ISRConfig                             bssBANK0     0000B9
_ISR_ConnectFunction                   text2        003A80
_ISR_Init                              text1        003ACA
_ISR_Routine                           intcode      000008
_ISR_Tasks                             text31       003988
_LATB                                  (abs)        000F8A
_LATD                                  (abs)        000F8C
_LATE                                  (abs)        000F8D
_OSCCONbits                            (abs)        000FD3
_PEIE                                  (abs)        007F96
_PR2                                   (abs)        000FBB
_PointerRefresh                        bssBANK0     0000D2
_SSP1ADD                               (abs)        000FC8
_SSP1BUF                               (abs)        000FC9
_SSP1CON1bits                          (abs)        000FC6
_SSP1CON2bits                          (abs)        000FC5
_SSP1IE                                (abs)        007CEB
_SSP1IF                                (abs)        007CF3
_SSP1STATbits                          (abs)        000FC7
_T2CONbits                             (abs)        000FBA
_TMR2                                  (abs)        000FBC
_TMR2IE                                (abs)        007CE9
_TMR2IF                                (abs)        007CF1
_TRISA                                 (abs)        000F92
_TRISB                                 (abs)        000F93
_TRISC                                 (abs)        000F94
_TRISD                                 (abs)        000F95
_TRISE                                 (abs)        000F96
_WPUB                                  (abs)        000F61
__CFG_BOREN$OFF                        (abs)        000000
__CFG_BORV$190                         (abs)        000000
__CFG_CCP2MX$PORTC1                    (abs)        000000
__CFG_CCP3MX$PORTB5                    (abs)        000000
__CFG_CP0$OFF                          (abs)        000000
__CFG_CP1$OFF                          (abs)        000000
__CFG_CP2$OFF                          (abs)        000000
__CFG_CP3$OFF                          (abs)        000000
__CFG_CPB$OFF                          (abs)        000000
__CFG_CPD$OFF                          (abs)        000000
__CFG_EBTR0$OFF                        (abs)        000000
__CFG_EBTR1$OFF                        (abs)        000000
__CFG_EBTR2$OFF                        (abs)        000000
__CFG_EBTR3$OFF                        (abs)        000000
__CFG_EBTRB$OFF                        (abs)        000000
__CFG_FCMEN$OFF                        (abs)        000000
__CFG_FOSC$HSHP                        (abs)        000000
__CFG_HFOFST$OFF                       (abs)        000000
__CFG_IESO$OFF                         (abs)        000000
__CFG_LVP$ON                           (abs)        000000
__CFG_MCLRE$EXTMCLR                    (abs)        000000
__CFG_P2BMX$PORTD2                     (abs)        000000
__CFG_PBADEN$OFF                       (abs)        000000
__CFG_PLLCFG$ON                        (abs)        000000
__CFG_PRICLKEN$ON                      (abs)        000000
__CFG_PWRTEN$OFF                       (abs)        000000
__CFG_STVREN$ON                        (abs)        000000
__CFG_T3CMX$PORTC0                     (abs)        000000
__CFG_WDTEN$OFF                        (abs)        000000
__CFG_WDTPS$32768                      (abs)        000000
__CFG_WRT0$OFF                         (abs)        000000
__CFG_WRT1$OFF                         (abs)        000000
__CFG_WRT2$OFF                         (abs)        000000
__CFG_WRT3$OFF                         (abs)        000000
__CFG_WRTB$OFF                         (abs)        000000
__CFG_WRTC$OFF                         (abs)        000000
__CFG_WRTD$OFF                         (abs)        000000
__CFG_XINST$OFF                        (abs)        000000
__HRAM                                 (abs)        000000
__Habs1                                abs1         000000
__Hbank0                               bank0        000000
__Hbank1                               bank1        000000
__Hbank2                               bank2        000000
__Hbank3                               bank3        000000
__Hbank4                               bank4        000000
__Hbank5                               bank5        000000
__Hbigbss                              bigbss       000000
__Hbigdata                             bigdata      000000
__Hbigram                              bigram       000000
__Hbss                                 bss          000000
__HbssBANK0                            bssBANK0     000000
__HbssBANK1                            bssBANK1     000000
__HbssBANK2                            bssBANK2     000000
__Hcinit                               cinit        000000
__Hclrtext                             clrtext      000000
__Hcomram                              comram       000000
__Hconfig                              config       30000E
__Hconst                               const        000000
__HcstackBANK0                         cstackBANK0  000000
__HcstackBANK1                         cstackBANK1  000000
__HcstackBANK3                         cstackBANK3  000000
__HcstackCOMRAM                        cstackCOMRAM 000000
__Hdata                                data         000000
__HdataBANK1                           dataBANK1    000000
__Heeprom_data                         eeprom_data  000000
__Hfarbss                              farbss       000000
__Hfardata                             fardata      000000
__Hibigdata                            ibigdata     000000
__Hidata                               idata        000000
__HidataBANK1                          idataBANK1   000000
__Hidloc                               idloc        200008
__Hifardata                            ifardata     000000
__Hinit                                init         000056
__Hintcode                             intcode      000052
__Hintcode_body                        intcode_body 000000
__Hintcodelo                           intcodelo    000052
__Hintentry                            intentry     000000
__Hintret                              intret       000000
__Hintsave_regs                        intsave_regs 000000
__Hirdata                              irdata       000000
__Hmediumconst                         mediumconst  000000
__HnvFARRAM                            nvFARRAM     000000
__Hnvbit                               nvbit        000000
__Hnvrram                              nvrram       000000
__Hparam                               rparam       000000
__Hpowerup                             powerup      000052
__Hram                                 ram          000000
__Hramtop                              ramtop       000600
__Hrbit                                rbit         000000
__Hrbss                                rbss         000000
__Hrdata                               rdata        000000
__Hreset_vec                           reset_vec    000004
__Hrparam                              rparam       000000
__Hsfr                                 sfr          000000
__Hsmallconst                          smallconst   000000
__Hspace_0                             (abs)        30000E
__Hspace_1                             (abs)        00030B
__Hspace_2                             (abs)        000000
__Hstack                               stack        000000
__Hstruct                              struct       000000
__Htemp                                temp         000060
__Htext                                text         000000
__Htext0                               text0        000000
__Htext1                               text1        000000
__Htext10                              text10       000000
__Htext11                              text11       000000
__Htext12                              text12       000000
__Htext13                              text13       000000
__Htext14                              text14       000000
__Htext15                              text15       000000
__Htext16                              text16       000000
__Htext17                              text17       000000
__Htext18                              text18       000000
__Htext19                              text19       000000
__Htext2                               text2        000000
__Htext20                              text20       000000
__Htext21                              text21       000000
__Htext22                              text22       000000
__Htext23                              text23       000000
__Htext24                              text24       000000
__Htext25                              text25       000000
__Htext26                              text26       000000
__Htext27                              text27       000000
__Htext28                              text28       000000
__Htext29                              text29       000000
__Htext3                               text3        000000
__Htext31                              text31       000000
__Htext32                              text32       000000
__Htext33                              text33       000000
__Htext34                              text34       000000
__Htext35                              text35       000000
__Htext4                               text4        000000
__Htext5                               text5        000000
__Htext6                               text6        000000
__Htext7                               text7        000000
__Htext8                               text8        000000
__Htext9                               text9        000000
__LRAM                                 (abs)        000001
__Labs1                                abs1         000000
__Lbank0                               bank0        000000
__Lbank1                               bank1        000000
__Lbank2                               bank2        000000
__Lbank3                               bank3        000000
__Lbank4                               bank4        000000
__Lbank5                               bank5        000000
__Lbigbss                              bigbss       000000
__Lbigdata                             bigdata      000000
__Lbigram                              bigram       000000
__Lbss                                 bss          000000
__LbssBANK0                            bssBANK0     000000
__LbssBANK1                            bssBANK1     000000
__LbssBANK2                            bssBANK2     000000
__Lcinit                               cinit        000000
__Lclrtext                             clrtext      000000
__Lcomram                              comram       000000
__Lconfig                              config       300000
__Lconst                               const        000000
__LcstackBANK0                         cstackBANK0  000000
__LcstackBANK1                         cstackBANK1  000000
__LcstackBANK3                         cstackBANK3  000000
__LcstackCOMRAM                        cstackCOMRAM 000000
__Ldata                                data         000000
__LdataBANK1                           dataBANK1    000000
__Leeprom_data                         eeprom_data  000000
__Lfarbss                              farbss       000000
__Lfardata                             fardata      000000
__Libigdata                            ibigdata     000000
__Lidata                               idata        000000
__LidataBANK1                          idataBANK1   000000
__Lidloc                               idloc        200000
__Lifardata                            ifardata     000000
__Linit                                init         000052
__Lintcode                             intcode      000008
__Lintcode_body                        intcode_body 000000
__Lintcodelo                           intcodelo    000052
__Lintentry                            intentry     000000
__Lintret                              intret       000000
__Lintsave_regs                        intsave_regs 000000
__Lirdata                              irdata       000000
__Lmediumconst                         mediumconst  000000
__LnvFARRAM                            nvFARRAM     000000
__Lnvbit                               nvbit        000000
__Lnvrram                              nvrram       000000
__Lparam                               rparam       000000
__Lpowerup                             powerup      000052
__Lram                                 ram          000000
__Lramtop                              ramtop       000600
__Lrbit                                rbit         000000
__Lrbss                                rbss         000000
__Lrdata                               rdata        000000
__Lreset_vec                           reset_vec    000000
__Lrparam                              rparam       000000
__Lsfr                                 sfr          000000
__Lsmallconst                          smallconst   000000
__Lspace_0                             (abs)        000000
__Lspace_1                             (abs)        000000
__Lspace_2                             (abs)        000000
__Lstack                               stack        000000
__Lstruct                              struct       000000
__Ltemp                                temp         00005F
__Ltext                                text         000000
__Ltext0                               text0        000000
__Ltext1                               text1        000000
__Ltext10                              text10       000000
__Ltext11                              text11       000000
__Ltext12                              text12       000000
__Ltext13                              text13       000000
__Ltext14                              text14       000000
__Ltext15                              text15       000000
__Ltext16                              text16       000000
__Ltext17                              text17       000000
__Ltext18                              text18       000000
__Ltext19                              text19       000000
__Ltext2                               text2        000000
__Ltext20                              text20       000000
__Ltext21                              text21       000000
__Ltext22                              text22       000000
__Ltext23                              text23       000000
__Ltext24                              text24       000000
__Ltext25                              text25       000000
__Ltext26                              text26       000000
__Ltext27                              text27       000000
__Ltext28                              text28       000000
__Ltext29                              text29       000000
__Ltext3                               text3        000000
__Ltext31                              text31       000000
__Ltext32                              text32       000000
__Ltext33                              text33       000000
__Ltext34                              text34       000000
__Ltext35                              text35       000000
__Ltext4                               text4        000000
__Ltext5                               text5        000000
__Ltext6                               text6        000000
__Ltext7                               text7        000000
__Ltext8                               text8        000000
__Ltext9                               text9        000000
__S0                                   (abs)        30000E
__S1                                   (abs)        00030B
__S2                                   (abs)        000000
___fladd                               text22       0010E0
___fladd@a                             cstackBANK0  000084
___fladd@aexp                          cstackBANK0  00008D
___fladd@b                             cstackBANK0  000080
___fladd@bexp                          cstackBANK0  00008E
___fladd@grs                           cstackBANK0  00008F
___fladd@signs                         cstackBANK0  00008C
___fldiv                               text25       001D80
___fldiv@a                             cstackBANK0  000092
___fldiv@aexp                          cstackBANK0  0000A6
___fldiv@b                             cstackBANK0  00008E
___fldiv@bexp                          cstackBANK0  0000A5
___fldiv@grs                           cstackBANK0  0000A1
___fldiv@new_exp                       cstackBANK0  00009F
___fldiv@rem                           cstackBANK0  00009A
___fldiv@sign                          cstackBANK0  00009E
___fleq                                text17       0035F2
___fleq@ff1                            cstackBANK0  000080
___fleq@ff2                            cstackBANK0  000084
___flge                                text24       0034EC
___flge@ff1                            cstackBANK0  000099
___flge@ff2                            cstackBANK0  00009D
___flmul                               text23       0015A2
___flmul@a                             cstackBANK0  000084
___flmul@aexp                          cstackBANK0  00008D
___flmul@b                             cstackBANK0  000080
___flmul@bexp                          cstackBANK0  000092
___flmul@grs                           cstackBANK0  00008E
___flmul@prod                          cstackBANK0  000093
___flmul@sign                          cstackBANK0  00008C
___flmul@temp                          cstackBANK0  000097
___flsub                               text21       0039D2
___flsub@a                             cstackBANK0  000094
___flsub@b                             cstackBANK0  000090
___fltol                               text20       0033E4
___fltol@exp1                          cstackBANK0  000089
___fltol@f1                            cstackBANK0  000080
___fltol@sign1                         cstackBANK0  000088
___inthi_sp                            stack        000000
___intlo_sp                            stack        000000
___param_bank                          (abs)        000000
___rparam_used                         (abs)        000001
___sp                                  stack        000000
___xxtofl                              text19       002D3C
___xxtofl@arg                          cstackBANK0  00008A
___xxtofl@exp                          cstackBANK0  000089
___xxtofl@sign                         cstackBANK0  000088
___xxtofl@val                          cstackBANK0  000080
__accesstop                            (abs)        000060
__activetblptr                         (abs)        000002
__end_of_I2C_Free                      text26       003896
__end_of_I2C_ISR                       text32       0006F8
__end_of_I2C_Init                      text13       002898
__end_of_I2C_Master_Start              text6        003A80
__end_of_I2C_Master_Stop               text5        003ACA
__end_of_I2C_Master_Write              text4        003A56
__end_of_I2C_Read_Buffer               text8        0031B4
__end_of_I2C_Read_Register_Request     text7        0023AA
__end_of_I2C_TabRefresh                text12       0037BC
__end_of_I2C_Write                     text3        002AFE
__end_of_I2C_timer_prescaler           text18       001D80
__end_of_ISR_ConnectFunction           text2        003A9E
__end_of_ISR_Init                      text1        003AD2
__end_of_ISR_Routine                   intcode      000052
__end_of_ISR_Tasks                     text31       0039D2
__end_of___fladd                       text22       0015A2
__end_of___fldiv                       text25       00211C
__end_of___fleq                        text17       00369E
__end_of___flge                        text24       0035F2
__end_of___flmul                       text23       0019CE
__end_of___flsub                       text21       003A1A
__end_of___fltol                       text20       0034EC
__end_of___xxtofl                      text19       002EF4
__end_of__initialization               cinit        00392A
__end_of_getFree                       text28       000C14
__end_of_getFreeFull                   text16       00383A
__end_of_getMemoryFromID               text27       0033E4
__end_of_getMemoryID                   text11       0032D2
__end_of_getMemoryPointer              text9        002626
__end_of_main                          text0        002D3C
__end_of_memcpy                        text29       0038E8
__end_of_memory_init                   text15       003AB6
__end_of_memset                        text14       00306C
__end_of_myMalloc                      text10       00373E
__end_ofi2_getFree                     text33       0010E0
__end_ofi2_memcpy                      text34       003988
__initialization                       cinit        0038E8
__mediumconst                          mediumconst  000000
__pbssBANK0                            bssBANK0     0000B9
__pbssBANK1                            bssBANK1     000100
__pbssBANK2                            bssBANK2     000200
__pcinit                               cinit        0038E8
__pcstackBANK0                         cstackBANK0  000060
__pcstackBANK1                         cstackBANK1  0001B4
__pcstackBANK3                         cstackBANK3  000300
__pcstackCOMRAM                        cstackCOMRAM 000001
__pdataBANK1                           dataBANK1    0001FC
__pidataBANK1                          idataBANK1   003AD2
__pintcode                             intcode      000008
__ptext0                               text0        002AFE
__ptext1                               text1        003ACA
__ptext10                              text10       00369E
__ptext11                              text11       0031B4
__ptext12                              text12       00373E
__ptext13                              text13       002626
__ptext14                              text14       002EF4
__ptext15                              text15       003A9E
__ptext16                              text16       0037BC
__ptext17                              text17       0035F2
__ptext18                              text18       0019CE
__ptext19                              text19       002D3C
__ptext2                               text2        003A80
__ptext20                              text20       0033E4
__ptext21                              text21       0039D2
__ptext22                              text22       0010E0
__ptext23                              text23       0015A2
__ptext24                              text24       0034EC
__ptext25                              text25       001D80
__ptext26                              text26       00383A
__ptext27                              text27       0032D2
__ptext28                              text28       0006F8
__ptext29                              text29       003896
__ptext3                               text3        002898
__ptext31                              text31       003988
__ptext32                              text32       000056
__ptext33                              text33       000C14
__ptext34                              text34       003938
__ptext35                              text35       000000
__ptext4                               text4        003A1A
__ptext5                               text5        003AB6
__ptext6                               text6        003A56
__ptext7                               text7        00211C
__ptext8                               text8        00306C
__ptext9                               text9        0023AA
__ramtop                               ramtop       000600
__size_of_I2C_Free                     (abs)        000000
__size_of_I2C_ISR                      (abs)        000000
__size_of_I2C_Init                     (abs)        000000
__size_of_I2C_Master_Start             (abs)        000000
__size_of_I2C_Master_Stop              (abs)        000000
__size_of_I2C_Master_Write             (abs)        000000
__size_of_I2C_Read_Buffer              (abs)        000000
__size_of_I2C_Read_Register_Request    (abs)        000000
__size_of_I2C_TabRefresh               (abs)        000000
__size_of_I2C_Write                    (abs)        000000
__size_of_I2C_timer_prescaler          (abs)        000000
__size_of_ISR_ConnectFunction          (abs)        000000
__size_of_ISR_Init                     (abs)        000000
__size_of_ISR_Routine                  (abs)        000000
__size_of_ISR_Tasks                    (abs)        000000
__size_of___fladd                      (abs)        000000
__size_of___fldiv                      (abs)        000000
__size_of___fleq                       (abs)        000000
__size_of___flge                       (abs)        000000
__size_of___flmul                      (abs)        000000
__size_of___flsub                      (abs)        000000
__size_of___fltol                      (abs)        000000
__size_of___xxtofl                     (abs)        000000
__size_of_getFree                      (abs)        000000
__size_of_getFreeFull                  (abs)        000000
__size_of_getMemoryFromID              (abs)        000000
__size_of_getMemoryID                  (abs)        000000
__size_of_getMemoryPointer             (abs)        000000
__size_of_main                         (abs)        000000
__size_of_memcpy                       (abs)        000000
__size_of_memory_init                  (abs)        000000
__size_of_memset                       (abs)        000000
__size_of_myMalloc                     (abs)        000000
__size_ofi2_getFree                    (abs)        000000
__size_ofi2_memcpy                     (abs)        000000
__smallconst                           smallconst   000000
_array                                 bssBANK2     000200
_getFree                               text28       0006F8
_getFreeFull                           text16       0037BC
_getMemoryFromID                       text27       0032D2
_getMemoryID                           text11       0031B4
_getMemoryPointer                      text9        0023AA
_main                                  text0        002AFE
_memcpy                                text29       003896
_memory                                bssBANK2     00027A
_memory_init                           text15       003A9E
_memset                                text14       002EF4
_myMalloc                              text10       00369E
_myMemID                               bssBANK0     0000CE
_myMsgID                               bssBANK0     0000D8
_nulPointer                            bssBANK1     0001B2
_timer                                 bssBANK0     0000D0
btemp                                  temp         00005F
end_of_initialization                  cinit        00392A
getFree@Pointer                        cstackBANK0  00008B
getFree@i                              cstackBANK1  0001F7
getFree@indice                         cstackBANK1  0001F6
getFree@memoryNumber                   cstackBANK0  00008D
getFree@tab                            cstackBANK1  0001B4
getFree@tabPoint                       cstackBANK1  0001F4
getFreeFull@i                          cstackBANK0  000085
getFreeFull@memoryNumber               cstackBANK0  000084
getMemoryFromID@ID                     cstackBANK0  000087
getMemoryFromID@dP                     cstackBANK0  000089
getMemoryFromID@i                      cstackBANK0  00008B
getMemoryFromID@indice                 cstackBANK0  000088
getMemoryFromID@memoryNumber           cstackBANK0  000080
getMemoryID@Pointer                    cstackBANK0  000080
getMemoryID@i                          cstackBANK0  000089
getMemoryID@indice                     cstackBANK0  000088
getMemoryID@memoryNumber               cstackBANK0  000082
getMemoryPointer@Pointer               cstackBANK0  00008E
getMemoryPointer@dP                    cstackBANK0  000091
getMemoryPointer@i                     cstackBANK0  000093
getMemoryPointer@indice                cstackBANK0  00008D
getMemoryPointer@memoryNumber          cstackBANK0  000086
getMemoryPointer@sizeData              cstackBANK0  000090
i2_getFree                             text33       000C14
i2_memcpy                              text34       003938
i2getFree@Pointer                      cstackCOMRAM 00000C
i2getFree@i                            cstackCOMRAM 00005D
i2getFree@indice                       cstackCOMRAM 00005C
i2getFree@memoryNumber                 cstackCOMRAM 00000E
i2getFree@tab                          cstackCOMRAM 00001A
i2getFree@tabPoint                     cstackCOMRAM 00005A
i2memcpy@d                             cstackCOMRAM 000008
i2memcpy@d1                            cstackCOMRAM 000001
i2memcpy@n                             cstackCOMRAM 000005
i2memcpy@s                             cstackCOMRAM 00000A
i2memcpy@s1                            cstackCOMRAM 000003
i2memcpy@tmp                           cstackCOMRAM 000007
int$flags                              temp         00005F
intlevel0                              text         000000
intlevel1                              text         000000
intlevel2                              text         000000
intlevel3                              text         000000
main@F6289                             dataBANK1    0001FC
main@Status                            cstackBANK3  000309
main@adresse                           cstackBANK3  000308
main@buffer                            cstackBANK3  000301
main@bufferSize                        cstackBANK3  000300
main@data                              cstackBANK3  000305
main@point                             cstackBANK3  000303
memcpy@d                               cstackBANK0  000087
memcpy@d1                              cstackBANK0  000080
memcpy@n                               cstackBANK0  000084
memcpy@s                               cstackBANK0  000089
memcpy@s1                              cstackBANK0  000082
memcpy@tmp                             cstackBANK0  000086
memset@c                               cstackBANK0  000082
memset@dest                            cstackBANK0  000080
memset@k                               cstackBANK0  000088
memset@n                               cstackBANK0  000084
memset@s                               cstackBANK0  00008A
myMalloc@memoryNumber                  cstackBANK0  000080
myMalloc@sizeData                      cstackBANK0  000085
stackhi                                (abs)        0005FF
stacklo                                (abs)        00030B
start                                  init         000052
start_initialization                   cinit        0038E8
ttemp5                                 temp         000060
ttemp6                                 temp         000063
ttemp7                                 temp         000067
wtemp8                                 temp         000060


FUNCTION INFORMATION:

 *************** function _main *****************
 Defined at:
		line 80 in file "main.c"
 Parameters:    Size  Location     Type
		None
 Auto vars:     Size  Location     Type
  data            3    5[BANK3 ] unsigned char [3]
  Status          2    9[BANK3 ] int 
  point           2    3[BANK3 ] PTR unsigned char 
		 -> NULL(0), 
  buffer          2    1[BANK3 ] PTR PTR unsigned char 
		 -> array.Tab.Pointer(2), array.Tab(60), nulPointer(2), 
  adresse         1    8[BANK3 ] unsigned char 
  bufferSize      1    0[BANK3 ] unsigned char 
 Return value:  Size  Location     Type
                  1    wreg      void 
 Registers used:
		wreg, fsr1l, fsr1h, fsr2l, fsr2h, status,2, status,0, prodl, prodh, cstack
 Tracked objects:
		On entry : 
		On exit  : 
		Unchanged: 
 Data sizes:     COMRAM   BANK0   BANK1   BANK2   BANK3   BANK4   BANK5
      Params:         0       0       0       0       0       0       0
      Locals:         0       0       0       0      11       0       0
      Temps:          0       2       0       0       0       0       0
      Totals:         0       2       0       0      11       0       0
Total ram usage:       13 bytes
 Hardware stack levels required when called:    9
 This function calls:
		_I2C_Free
		_I2C_Init
		_I2C_Read_Buffer
		_I2C_Read_Register_Request
		_I2C_Write
		_ISR_ConnectFunction
		_ISR_Init
 This function is called by:
		Startup code after reset
 This function uses a non-reentrant model


 *************** function _ISR_Init *****************
 Defined at:
		line 60 in file "interrupt.c"
 Parameters:    Size  Location     Type
		None
 Auto vars:     Size  Location     Type
		None
 Return value:  Size  Location     Type
                  2   11[None  ] int 
 Registers used:
		wreg, status,2
 Tracked objects:
		On entry : 
		On exit  : 
		Unchanged: 
 Data sizes:     COMRAM   BANK0   BANK1   BANK2   BANK3   BANK4   BANK5
      Params:         0       0       0       0       0       0       0
      Locals:         0       0       0       0       0       0       0
      Temps:          0       0       0       0       0       0       0
      Totals:         0       0       0       0       0       0       0
Total ram usage:        0 bytes
 Hardware stack levels used:    1
 Hardware stack levels required when called:    5
 This function calls:
		Nothing
 This function is called by:
		_main
 This function uses a non-reentrant model


 *************** function _ISR_ConnectFunction *****************
 Defined at:
		line 81 in file "interrupt.c"
 Parameters:    Size  Location     Type
  Function        2   32[BANK0 ] PTR FTN()void 
		 -> I2C_ISR(1), 
 Auto vars:     Size  Location     Type
		None
 Return value:  Size  Location     Type
                  2   32[BANK0 ] int 
 Registers used:
		wreg, fsr2l, fsr2h, status,2, status,0, prodl, prodh
 Tracked objects:
		On entry : 
		On exit  : 
		Unchanged: 
 Data sizes:     COMRAM   BANK0   BANK1   BANK2   BANK3   BANK4   BANK5
      Params:         0       2       0       0       0       0       0
      Locals:         0       0       0       0       0       0       0
      Temps:          0       0       0       0       0       0       0
      Totals:         0       2       0       0       0       0       0
Total ram usage:        2 bytes
 Hardware stack levels used:    1
 Hardware stack levels required when called:    5
 This function calls:
		Nothing
 This function is called by:
		_main
 This function uses a non-reentrant model


 *************** function _I2C_Write *****************
 Defined at:
		line 759 in file "I2C.c"
 Parameters:    Size  Location     Type
  adresse         1    wreg     unsigned char 
  data            2   52[BANK0 ] PTR unsigned char 
		 -> main@data(3), 
  sizeData        1   54[BANK0 ] unsigned char 
  delay           1   55[BANK0 ] unsigned char 
 Auto vars:     Size  Location     Type
  adresse         1   60[BANK0 ] unsigned char 
  Pointeur        2   62[BANK0 ] PTR PTR unsigned char 
		 -> array.Tab.Pointer(2), array.Tab(60), nulPointer(2), 
  myData          2    0        PTR unsigned char 
		 -> NULL(0), 
  i               1   61[BANK0 ] unsigned char 
 Return value:  Size  Location     Type
                  2   52[BANK0 ] int 
 Registers used:
		wreg, fsr1l, fsr1h, fsr2l, fsr2h, status,2, status,0, prodl, prodh, cstack
 Tracked objects:
		On entry : 
		On exit  : 
		Unchanged: 
 Data sizes:     COMRAM   BANK0   BANK1   BANK2   BANK3   BANK4   BANK5
      Params:         0       4       0       0       0       0       0
      Locals:         0       6       0       0       0       0       0
      Temps:          0       2       0       0       0       0       0
      Totals:         0      12       0       0       0       0       0
Total ram usage:       12 bytes
 Hardware stack levels used:    1
 Hardware stack levels required when called:    7
 This function calls:
		_I2C_Master_Start
		_I2C_Master_Stop
		_I2C_Master_Write
		_getMemoryID
		_getMemoryPointer
		_memcpy
 This function is called by:
		_main
 This function uses a non-reentrant model


 *************** function _I2C_Master_Write *****************
 Defined at:
		line 146 in file "I2C_conf/I2C_PIC_Support.c"
 Parameters:    Size  Location     Type
  data            2   32[BANK0 ] int 
 Auto vars:     Size  Location     Type
		None
 Return value:  Size  Location     Type
                  2   32[BANK0 ] int 
 Registers used:
		None
 Tracked objects:
		On entry : 
		On exit  : 
		Unchanged: 
 Data sizes:     COMRAM   BANK0   BANK1   BANK2   BANK3   BANK4   BANK5
      Params:         0       2       0       0       0       0       0
      Locals:         0       0       0       0       0       0       0
      Temps:          0       0       0       0       0       0       0
      Totals:         0       2       0       0       0       0       0
Total ram usage:        2 bytes
 Hardware stack levels used:    1
 Hardware stack levels required when called:    5
 This function calls:
		Nothing
 This function is called by:
		_I2C_Write
 This function uses a non-reentrant model


 *************** function _I2C_Master_Stop *****************
 Defined at:
		line 117 in file "I2C_conf/I2C_PIC_Support.c"
 Parameters:    Size  Location     Type
		None
 Auto vars:     Size  Location     Type
		None
 Return value:  Size  Location     Type
                  2  133[None  ] int 
 Registers used:
		None
 Tracked objects:
		On entry : 
		On exit  : 
		Unchanged: 
 Data sizes:     COMRAM   BANK0   BANK1   BANK2   BANK3   BANK4   BANK5
      Params:         0       0       0       0       0       0       0
      Locals:         0       0       0       0       0       0       0
      Temps:          0       0       0       0       0       0       0
      Totals:         0       0       0       0       0       0       0
Total ram usage:        0 bytes
 Hardware stack levels used:    1
 Hardware stack levels required when called:    5
 This function calls:
		Nothing
 This function is called by:
		_I2C_Write
 This function uses a non-reentrant model


 *************** function _I2C_Master_Start *****************
 Defined at:
		line 44 in file "I2C_conf/I2C_PIC_Support.c"
 Parameters:    Size  Location     Type
  adresse         2   32[BANK0 ] int 
 Auto vars:     Size  Location     Type
		None
 Return value:  Size  Location     Type
                  2   32[BANK0 ] int 
 Registers used:
		None
 Tracked objects:
		On entry : 
		On exit  : 
		Unchanged: 
 Data sizes:     COMRAM   BANK0   BANK1   BANK2   BANK3   BANK4   BANK5
      Params:         0       2       0       0       0       0       0
      Locals:         0       0       0       0       0       0       0
      Temps:          0       0       0       0       0       0       0
      Totals:         0       2       0       0       0       0       0
Total ram usage:        2 bytes
 Hardware stack levels used:    1
 Hardware stack levels required when called:    5
 This function calls:
		Nothing
 This function is called by:
		_I2C_Write
 This function uses a non-reentrant model


 *************** function _I2C_Read_Register_Request *****************
 Defined at:
		line 958 in file "I2C.c"
 Parameters:    Size  Location     Type
  adresse         1    wreg     unsigned char 
  sendData        2   52[BANK0 ] PTR unsigned char 
		 -> main@data(3), 
  sendsizeData    1   54[BANK0 ] unsigned char 
  rcvsizeData     1   55[BANK0 ] unsigned char 
  delay           1   56[BANK0 ] unsigned char 
 Auto vars:     Size  Location     Type
  adresse         1   63[BANK0 ] unsigned char 
  Pointeur        2   64[BANK0 ] PTR PTR unsigned char 
		 -> array.Tab.Pointer(2), array.Tab(60), nulPointer(2), 
  rcvData         2   61[BANK0 ] PTR unsigned char 
		 -> NULL(0), 
  myData          2    0        PTR unsigned char 
		 -> NULL(0), 
 Return value:  Size  Location     Type
                  2   52[BANK0 ] int 
 Registers used:
		wreg, fsr1l, fsr1h, fsr2l, fsr2h, status,2, status,0, prodl, prodh, cstack
 Tracked objects:
		On entry : 
		On exit  : 
		Unchanged: 
 Data sizes:     COMRAM   BANK0   BANK1   BANK2   BANK3   BANK4   BANK5
      Params:         0       5       0       0       0       0       0
      Locals:         0       7       0       0       0       0       0
      Temps:          0       2       0       0       0       0       0
      Totals:         0      14       0       0       0       0       0
Total ram usage:       14 bytes
 Hardware stack levels used:    1
 Hardware stack levels required when called:    7
 This function calls:
		_getMemoryID
		_getMemoryPointer
		_memcpy
 This function is called by:
		_main
 This function uses a non-reentrant model


 *************** function _I2C_Read_Buffer *****************
 Defined at:
		line 1075 in file "I2C.c"
 Parameters:    Size  Location     Type
  adresse         2   68[BANK1 ] PTR unsigned char 
		 -> main@adresse(1), 
  sizeData        2   70[BANK1 ] PTR unsigned char 
		 -> main@bufferSize(1), 
 Auto vars:     Size  Location     Type
  Pointeur        2   61[BANK0 ] PTR PTR unsigned char 
		 -> array.Tab.Pointer(2), array.Tab(60), nulPointer(2), 
  data            3    0        PTR unsigned char 
  i               1   63[BANK0 ] unsigned char 
  ID              1   60[BANK0 ] unsigned char 
 Return value:  Size  Location     Type
                  2   68[BANK1 ] PTR PTR unsigned char 
 Registers used:
		wreg, fsr1l, fsr1h, fsr2l, fsr2h, status,2, status,0, prodl, prodh, cstack
 Tracked objects:
		On entry : 
		On exit  : 
		Unchanged: 
 Data sizes:     COMRAM   BANK0   BANK1   BANK2   BANK3   BANK4   BANK5
      Params:         0       0       4       0       0       0       0
      Locals:         0       4       0       0       0       0       0
      Temps:          0       0       0       0       0       0       0
      Totals:         0       4       4       0       0       0       0
Total ram usage:        8 bytes
 Hardware stack levels used:    1
 Hardware stack levels required when called:    8
 This function calls:
		_I2C_TabRefresh
		_getMemoryID
		_getMemoryPointer
		_memcpy
 This function is called by:
		_main
 This function uses a non-reentrant model


 *************** function _getMemoryPointer *****************
 Defined at:
		line 96 in file "I2C_conf/memory/memory.c"
 Parameters:    Size  Location     Type
  sizeData        1    wreg     unsigned char 
  memoryNumber    1   38[BANK0 ] unsigned char 
 Auto vars:     Size  Location     Type
  sizeData        1   48[BANK0 ] unsigned char 
  dP              2   49[BANK0 ] PTR PTR unsigned char 
		 -> array.Tab.Pointer(2), array.Tab(60), nulPointer(2), 
  Pointer         2   46[BANK0 ] PTR unsigned char 
		 -> memory.pile(64), memory(130), NULL(0), 
  i               1   51[BANK0 ] unsigned char 
  indice          1   45[BANK0 ] unsigned char 
 Return value:  Size  Location     Type
                  2   38[BANK0 ] PTR PTR unsigned char 
 Registers used:
		wreg, fsr1l, fsr1h, fsr2l, fsr2h, status,2, status,0, prodl, prodh, cstack
 Tracked objects:
		On entry : 
		On exit  : 
		Unchanged: 
 Data sizes:     COMRAM   BANK0   BANK1   BANK2   BANK3   BANK4   BANK5
      Params:         0       2       0       0       0       0       0
      Locals:         0       7       0       0       0       0       0
      Temps:          0       5       0       0       0       0       0
      Totals:         0      14       0       0       0       0       0
Total ram usage:       14 bytes
 Hardware stack levels used:    1
 Hardware stack levels required when called:    6
 This function calls:
		_myMalloc
 This function is called by:
		_I2C_Write
		_I2C_Read_Register_Request
		_I2C_Read_Buffer
		_I2C_Read_Request
 This function uses a non-reentrant model


 *************** function _myMalloc *****************
 Defined at:
		line 72 in file "I2C_conf/memory/memory.c"
 Parameters:    Size  Location     Type
  sizeData        1    wreg     unsigned char 
  memoryNumber    1   32[BANK0 ] unsigned char 
 Auto vars:     Size  Location     Type
  sizeData        1   37[BANK0 ] unsigned char 
 Return value:  Size  Location     Type
                  2   32[BANK0 ] PTR unsigned char 
 Registers used:
		wreg, fsr2l, fsr2h, status,2, status,0, prodl, prodh
 Tracked objects:
		On entry : 
		On exit  : 
		Unchanged: 
 Data sizes:     COMRAM   BANK0   BANK1   BANK2   BANK3   BANK4   BANK5
      Params:         0       2       0       0       0       0       0
      Locals:         0       1       0       0       0       0       0
      Temps:          0       3       0       0       0       0       0
      Totals:         0       6       0       0       0       0       0
Total ram usage:        6 bytes
 Hardware stack levels used:    1
 Hardware stack levels required when called:    5
 This function calls:
		Nothing
 This function is called by:
		_getMemoryPointer
 This function uses a non-reentrant model


 *************** function _getMemoryID *****************
 Defined at:
		line 251 in file "I2C_conf/memory/memory.c"
 Parameters:    Size  Location     Type
  Pointer         2   32[BANK0 ] PTR PTR unsigned char 
		 -> array.Tab.Pointer(2), array.Tab(60), nulPointer(2), 
  memoryNumber    1   34[BANK0 ] unsigned char 
 Auto vars:     Size  Location     Type
  i               1   41[BANK0 ] unsigned char 
  indice          1   40[BANK0 ] unsigned char 
 Return value:  Size  Location     Type
                  2   32[BANK0 ] int 
 Registers used:
		wreg, fsr2l, fsr2h, status,2, status,0, prodl, prodh
 Tracked objects:
		On entry : 
		On exit  : 
		Unchanged: 
 Data sizes:     COMRAM   BANK0   BANK1   BANK2   BANK3   BANK4   BANK5
      Params:         0       3       0       0       0       0       0
      Locals:         0       2       0       0       0       0       0
      Temps:          0       5       0       0       0       0       0
      Totals:         0      10       0       0       0       0       0
Total ram usage:       10 bytes
 Hardware stack levels used:    1
 Hardware stack levels required when called:    5
 This function calls:
		Nothing
 This function is called by:
		_I2C_Write
		_I2C_Read_Register_Request
		_I2C_Read_Buffer
		_I2C_Read_Request
 This function uses a non-reentrant model


 *************** function _I2C_TabRefresh *****************
 Defined at:
		line 1149 in file "I2C.c"
 Parameters:    Size  Location     Type
		None
 Auto vars:     Size  Location     Type
  Pointer         2   57[BANK0 ] PTR PTR unsigned char 
		 -> array.Tab.Pointer(2), array.Tab(60), nulPointer(2), 
  i               1   59[BANK0 ] unsigned char 
 Return value:  Size  Location     Type
                  1    wreg      void 
 Registers used:
		wreg, fsr1l, fsr1h, fsr2l, fsr2h, status,2, status,0, prodl, prodh, cstack
 Tracked objects:
		On entry : 
		On exit  : 
		Unchanged: 
 Data sizes:     COMRAM   BANK0   BANK1   BANK2   BANK3   BANK4   BANK5
      Params:         0       0       0       0       0       0       0
      Locals:         0       3       0       0       0       0       0
      Temps:          0       0       0       0       0       0       0
      Totals:         0       3       0       0       0       0       0
Total ram usage:        3 bytes
 Hardware stack levels used:    1
 Hardware stack levels required when called:    7
 This function calls:
		_getFree
		_getMemoryFromID
 This function is called by:
		_I2C_Read_Buffer
 This function uses a non-reentrant model


 *************** function _I2C_Init *****************
 Defined at:
		line 591 in file "I2C.c"
 Parameters:    Size  Location     Type
  Options         1    wreg     unsigned char 
 Auto vars:     Size  Location     Type
  Options         1   28[BANK1 ] unsigned char 
  clock           2   26[BANK1 ] int 
  min             4   33[BANK1 ] float 
  prUsed          2   31[BANK1 ] unsigned int 
  prescUsed       2   29[BANK1 ] unsigned int 
 Return value:  Size  Location     Type
                  2   83[BANK0 ] int 
 Registers used:
		wreg, fsr2l, fsr2h, status,2, status,0, prodl, prodh, cstack
 Tracked objects:
		On entry : 
		On exit  : 
		Unchanged: 
 Data sizes:     COMRAM   BANK0   BANK1   BANK2   BANK3   BANK4   BANK5
      Params:         0       2       0       0       0       0       0
      Locals:         0       0      15       0       0       0       0
      Temps:          0       2       0       0       0       0       0
      Totals:         0       4      15       0       0       0       0
Total ram usage:       19 bytes
 Hardware stack levels used:    1
 Hardware stack levels required when called:    8
 This function calls:
		_I2C_timer_prescaler
		___fleq
		___fltol
		_memory_init
		_memset
 This function is called by:
		_main
 This function uses a non-reentrant model


 *************** function _memset *****************
 Defined at:
		line 4 in file "C:\Program Files (x86)\Microchip\xc8\v2.10\pic\sources\c99\common\memset.c"
 Parameters:    Size  Location     Type
  dest            2   32[BANK0 ] PTR void 
		 -> I2CConfig(167), 
  c               2   34[BANK0 ] int 
  n               2   36[BANK0 ] unsigned int 
 Auto vars:     Size  Location     Type
  s               2   42[BANK0 ] PTR unsigned char 
		 -> I2CConfig(167), 
  k               2   40[BANK0 ] unsigned int 
 Return value:  Size  Location     Type
                  2   32[BANK0 ] PTR void 
 Registers used:
		wreg, fsr2l, fsr2h, status,2, status,0
 Tracked objects:
		On entry : 
		On exit  : 
		Unchanged: 
 Data sizes:     COMRAM   BANK0   BANK1   BANK2   BANK3   BANK4   BANK5
      Params:         0       6       0       0       0       0       0
      Locals:         0       4       0       0       0       0       0
      Temps:          0       2       0       0       0       0       0
      Totals:         0      12       0       0       0       0       0
Total ram usage:       12 bytes
 Hardware stack levels used:    1
 Hardware stack levels required when called:    5
 This function calls:
		Nothing
 This function is called by:
		_I2C_Init
 This function uses a non-reentrant model


 *************** function _memory_init *****************
 Defined at:
		line 47 in file "I2C_conf/memory/memory.c"
 Parameters:    Size  Location     Type
		None
 Auto vars:     Size  Location     Type
		None
 Return value:  Size  Location     Type
                  1    wreg      void 
 Registers used:
		wreg, fsr2l, fsr2h, status,2, status,0, prodl, prodh, cstack
 Tracked objects:
		On entry : 
		On exit  : 
		Unchanged: 
 Data sizes:     COMRAM   BANK0   BANK1   BANK2   BANK3   BANK4   BANK5
      Params:         0       0       0       0       0       0       0
      Locals:         0       0       0       0       0       0       0
      Temps:          0       0       0       0       0       0       0
      Totals:         0       0       0       0       0       0       0
Total ram usage:        0 bytes
 Hardware stack levels used:    1
 Hardware stack levels required when called:    6
 This function calls:
		_getFreeFull
 This function is called by:
		_I2C_Init
 This function uses a non-reentrant model


 *************** function _getFreeFull *****************
 Defined at:
		line 288 in file "I2C_conf/memory/memory.c"
 Parameters:    Size  Location     Type
  memoryNumber    1    wreg     unsigned char 
 Auto vars:     Size  Location     Type
  memoryNumber    1   36[BANK0 ] unsigned char 
  i               1   37[BANK0 ] unsigned char 
 Return value:  Size  Location     Type
                  1    wreg      void 
 Registers used:
		wreg, fsr2l, fsr2h, status,2, status,0, prodl, prodh
 Tracked objects:
		On entry : 
		On exit  : 
		Unchanged: 
 Data sizes:     COMRAM   BANK0   BANK1   BANK2   BANK3   BANK4   BANK5
      Params:         0       0       0       0       0       0       0
      Locals:         0       2       0       0       0       0       0
      Temps:          0       4       0       0       0       0       0
      Totals:         0       6       0       0       0       0       0
Total ram usage:        6 bytes
 Hardware stack levels used:    1
 Hardware stack levels required when called:    5
 This function calls:
		Nothing
 This function is called by:
		_memory_init
 This function uses a non-reentrant model


 *************** function ___fleq *****************
 Defined at:
		line 4 in file "C:\Program Files (x86)\Microchip\xc8\v2.10\pic\sources\c99\common\fleq.c"
 Parameters:    Size  Location     Type
  ff1             4   32[BANK0 ] void 
  ff2             4   36[BANK0 ] void 
 Auto vars:     Size  Location     Type
		None
 Return value:  Size  Location     Type
		None               void
 Registers used:
		wreg, status,2, status,0
 Tracked objects:
		On entry : 
		On exit  : 
		Unchanged: 
 Data sizes:     COMRAM   BANK0   BANK1   BANK2   BANK3   BANK4   BANK5
      Params:         0       8       0       0       0       0       0
      Locals:         0       0       0       0       0       0       0
      Temps:          0       4       0       0       0       0       0
      Totals:         0      12       0       0       0       0       0
Total ram usage:       12 bytes
 Hardware stack levels used:    1
 Hardware stack levels required when called:    5
 This function calls:
		Nothing
 This function is called by:
		_I2C_Init
 This function uses a non-reentrant model


 *************** function _I2C_timer_prescaler *****************
 Defined at:
		line 231 in file "I2C_conf/I2C_PIC_Support.c"
 Parameters:    Size  Location     Type
  period          4   71[BANK0 ] float 
  prUsed          2   75[BANK0 ] PTR unsigned int 
		 -> I2C_Init@prUsed(2), 
  presc           2   77[BANK0 ] unsigned int 
  prescUsed       2   79[BANK0 ] PTR unsigned int 
		 -> I2C_Init@prescUsed(2), 
  min             2   81[BANK0 ] PTR float 
		 -> I2C_Init@min(4), 
 Auto vars:     Size  Location     Type
  pr_f            4   16[BANK1 ] PTR float 
  minB            4   12[BANK1 ] float 
  x               4    8[BANK1 ] float 
  pr              2   20[BANK1 ] unsigned int 
 Return value:  Size  Location     Type
                  1    wreg      void 
 Registers used:
		wreg, fsr2l, fsr2h, status,2, status,0, prodl, prodh, cstack
 Tracked objects:
		On entry : 
		On exit  : 
		Unchanged: 
 Data sizes:     COMRAM   BANK0   BANK1   BANK2   BANK3   BANK4   BANK5
      Params:         0      12       0       0       0       0       0
      Locals:         0       0      22       0       0       0       0
      Temps:          0       0       0       0       0       0       0
      Totals:         0      12      22       0       0       0       0
Total ram usage:       34 bytes
 Hardware stack levels used:    1
 Hardware stack levels required when called:    7
 This function calls:
		___fldiv
		___flge
		___flmul
		___flsub
		___fltol
		___xxtofl
 This function is called by:
		_I2C_Init
 This function uses a non-reentrant model


 *************** function ___xxtofl *****************
 Defined at:
		line 10 in file "C:\Program Files (x86)\Microchip\xc8\v2.10\pic\sources\c99\common\xxtofl.c"
 Parameters:    Size  Location     Type
  sign            1    wreg     unsigned char 
  val             4   32[BANK0 ] long 
 Auto vars:     Size  Location     Type
  sign            1   40[BANK0 ] unsigned char 
  arg             4   42[BANK0 ] unsigned long 
  exp             1   41[BANK0 ] unsigned char 
 Return value:  Size  Location     Type
                  4   32[BANK0 ] unsigned char 
 Registers used:
		wreg, status,2, status,0
 Tracked objects:
		On entry : 
		On exit  : 
		Unchanged: 
 Data sizes:     COMRAM   BANK0   BANK1   BANK2   BANK3   BANK4   BANK5
      Params:         0       4       0       0       0       0       0
      Locals:         0       6       0       0       0       0       0
      Temps:          0       4       0       0       0       0       0
      Totals:         0      14       0       0       0       0       0
Total ram usage:       14 bytes
 Hardware stack levels used:    1
 Hardware stack levels required when called:    5
 This function calls:
		Nothing
 This function is called by:
		_I2C_timer_prescaler
 This function uses a non-reentrant model


 *************** function ___fltol *****************
 Defined at:
		line 43 in file "C:\Program Files (x86)\Microchip\xc8\v2.10\pic\sources\c99\common\fltol.c"
 Parameters:    Size  Location     Type
  f1              4   32[BANK0 ] unsigned char 
 Auto vars:     Size  Location     Type
  exp1            1   41[BANK0 ] unsigned char 
  sign1           1   40[BANK0 ] unsigned char 
 Return value:  Size  Location     Type
                  4   32[BANK0 ] long 
 Registers used:
		wreg, status,2, status,0
 Tracked objects:
		On entry : 
		On exit  : 
		Unchanged: 
 Data sizes:     COMRAM   BANK0   BANK1   BANK2   BANK3   BANK4   BANK5
      Params:         0       4       0       0       0       0       0
      Locals:         0       2       0       0       0       0       0
      Temps:          0       4       0       0       0       0       0
      Totals:         0      10       0       0       0       0       0
Total ram usage:       10 bytes
 Hardware stack levels used:    1
 Hardware stack levels required when called:    5
 This function calls:
		Nothing
 This function is called by:
		_I2C_Init
		_I2C_timer_prescaler
 This function uses a non-reentrant model


 *************** function ___flsub *****************
 Defined at:
		line 245 in file "C:\Program Files (x86)\Microchip\xc8\v2.10\pic\sources\c99\common\sprcadd.c"
 Parameters:    Size  Location     Type
  b               4   48[BANK0 ] long 
  a               4   52[BANK0 ] long 
 Auto vars:     Size  Location     Type
		None
 Return value:  Size  Location     Type
                  4   48[BANK0 ] long 
 Registers used:
		wreg, status,2, status,0, cstack
 Tracked objects:
		On entry : 
		On exit  : 
		Unchanged: 
 Data sizes:     COMRAM   BANK0   BANK1   BANK2   BANK3   BANK4   BANK5
      Params:         0       8       0       0       0       0       0
      Locals:         0       0       0       0       0       0       0
      Temps:          0       0       0       0       0       0       0
      Totals:         0       8       0       0       0       0       0
Total ram usage:        8 bytes
 Hardware stack levels used:    1
 Hardware stack levels required when called:    6
 This function calls:
		___fladd
 This function is called by:
		_I2C_timer_prescaler
 This function uses a non-reentrant model


 *************** function ___fladd *****************
 Defined at:
		line 10 in file "C:\Program Files (x86)\Microchip\xc8\v2.10\pic\sources\c99\common\sprcadd.c"
 Parameters:    Size  Location     Type
  b               4   32[BANK0 ] long 
  a               4   36[BANK0 ] long 
 Auto vars:     Size  Location     Type
  grs             1   47[BANK0 ] unsigned char 
  bexp            1   46[BANK0 ] unsigned char 
  aexp            1   45[BANK0 ] unsigned char 
  signs           1   44[BANK0 ] unsigned char 
 Return value:  Size  Location     Type
                  4   32[BANK0 ] unsigned char 
 Registers used:
		wreg, status,2, status,0
 Tracked objects:
		On entry : 
		On exit  : 
		Unchanged: 
 Data sizes:     COMRAM   BANK0   BANK1   BANK2   BANK3   BANK4   BANK5
      Params:         0       8       0       0       0       0       0
      Locals:         0       4       0       0       0       0       0
      Temps:          0       4       0       0       0       0       0
      Totals:         0      16       0       0       0       0       0
Total ram usage:       16 bytes
 Hardware stack levels used:    1
 Hardware stack levels required when called:    5
 This function calls:
		Nothing
 This function is called by:
		___flsub
 This function uses a non-reentrant model


 *************** function ___flmul *****************
 Defined at:
		line 8 in file "C:\Program Files (x86)\Microchip\xc8\v2.10\pic\sources\c99\common\sprcmul.c"
 Parameters:    Size  Location     Type
  b               4   32[BANK0 ] unsigned char 
  a               4   36[BANK0 ] unsigned char 
 Auto vars:     Size  Location     Type
  prod            4   51[BANK0 ] struct .
  grs             4   46[BANK0 ] unsigned long 
  temp            2   55[BANK0 ] struct .
  bexp            1   50[BANK0 ] unsigned char 
  aexp            1   45[BANK0 ] unsigned char 
  sign            1   44[BANK0 ] unsigned char 
 Return value:  Size  Location     Type
                  4   32[BANK0 ] unsigned char 
 Registers used:
		wreg, status,2, status,0, prodl, prodh
 Tracked objects:
		On entry : 
		On exit  : 
		Unchanged: 
 Data sizes:     COMRAM   BANK0   BANK1   BANK2   BANK3   BANK4   BANK5
      Params:         0       8       0       0       0       0       0
      Locals:         0      13       0       0       0       0       0
      Temps:          0       4       0       0       0       0       0
      Totals:         0      25       0       0       0       0       0
Total ram usage:       25 bytes
 Hardware stack levels used:    1
 Hardware stack levels required when called:    5
 This function calls:
		Nothing
 This function is called by:
		_I2C_timer_prescaler
 This function uses a non-reentrant model


 *************** function ___flge *****************
 Defined at:
		line 4 in file "C:\Program Files (x86)\Microchip\xc8\v2.10\pic\sources\c99\common\flge.c"
 Parameters:    Size  Location     Type
  ff1             4   57[BANK0 ] unsigned char 
  ff2             4   61[BANK0 ] unsigned char 
 Auto vars:     Size  Location     Type
		None
 Return value:  Size  Location     Type
		None               void
 Registers used:
		wreg, status,2, status,0
 Tracked objects:
		On entry : 
		On exit  : 
		Unchanged: 
 Data sizes:     COMRAM   BANK0   BANK1   BANK2   BANK3   BANK4   BANK5
      Params:         0       8       0       0       0       0       0
      Locals:         0       0       0       0       0       0       0
      Temps:          0       4       0       0       0       0       0
      Totals:         0      12       0       0       0       0       0
Total ram usage:       12 bytes
 Hardware stack levels used:    1
 Hardware stack levels required when called:    5
 This function calls:
		Nothing
 This function is called by:
		_I2C_timer_prescaler
 This function uses a non-reentrant model


 *************** function ___fldiv *****************
 Defined at:
		line 11 in file "C:\Program Files (x86)\Microchip\xc8\v2.10\pic\sources\c99\common\sprcdiv.c"
 Parameters:    Size  Location     Type
  b               4   46[BANK0 ] unsigned char 
  a               4   50[BANK0 ] unsigned char 
 Auto vars:     Size  Location     Type
  grs             4   65[BANK0 ] unsigned long 
  rem             4   58[BANK0 ] unsigned long 
  new_exp         2   63[BANK0 ] short 
  aexp            1   70[BANK0 ] unsigned char 
  bexp            1   69[BANK0 ] unsigned char 
  sign            1   62[BANK0 ] unsigned char 
 Return value:  Size  Location     Type
                  4   46[BANK0 ] unsigned char 
 Registers used:
		wreg, status,2, status,0
 Tracked objects:
		On entry : 
		On exit  : 
		Unchanged: 
 Data sizes:     COMRAM   BANK0   BANK1   BANK2   BANK3   BANK4   BANK5
      Params:         0       8       0       0       0       0       0
      Locals:         0      13       0       0       0       0       0
      Temps:          0       4       0       0       0       0       0
      Totals:         0      25       0       0       0       0       0
Total ram usage:       25 bytes
 Hardware stack levels used:    1
 Hardware stack levels required when called:    5
 This function calls:
		Nothing
 This function is called by:
		_I2C_timer_prescaler
 This function uses a non-reentrant model


 *************** function _I2C_Free *****************
 Defined at:
		line 1183 in file "I2C.c"
 Parameters:    Size  Location     Type
		None
 Auto vars:     Size  Location     Type
  Pointer         2   57[BANK0 ] PTR PTR unsigned char 
		 -> array.Tab.Pointer(2), array.Tab(60), nulPointer(2), 
  i               1   59[BANK0 ] unsigned char 
 Return value:  Size  Location     Type
                  2   69[None  ] int 
 Registers used:
		wreg, fsr1l, fsr1h, fsr2l, fsr2h, status,2, status,0, prodl, prodh, cstack
 Tracked objects:
		On entry : 
		On exit  : 
		Unchanged: 
 Data sizes:     COMRAM   BANK0   BANK1   BANK2   BANK3   BANK4   BANK5
      Params:         0       0       0       0       0       0       0
      Locals:         0       3       0       0       0       0       0
      Temps:          0       0       0       0       0       0       0
      Totals:         0       3       0       0       0       0       0
Total ram usage:        3 bytes
 Hardware stack levels used:    1
 Hardware stack levels required when called:    7
 This function calls:
		_getFree
		_getMemoryFromID
 This function is called by:
		_main
 This function uses a non-reentrant model


 *************** function _getMemoryFromID *****************
 Defined at:
		line 316 in file "I2C_conf/memory/memory.c"
 Parameters:    Size  Location     Type
  ID              1    wreg     unsigned char 
  memoryNumber    1   32[BANK0 ] unsigned char 
 Auto vars:     Size  Location     Type
  ID              1   39[BANK0 ] unsigned char 
  dP              2   41[BANK0 ] PTR PTR unsigned char 
		 -> array.Tab.Pointer(2), array.Tab(60), nulPointer(2), 
  i               1   43[BANK0 ] unsigned char 
  indice          1   40[BANK0 ] unsigned char 
 Return value:  Size  Location     Type
                  2   32[BANK0 ] PTR PTR unsigned char 
 Registers used:
		wreg, fsr2l, fsr2h, status,2, status,0, prodl, prodh
 Tracked objects:
		On entry : 
		On exit  : 
		Unchanged: 
 Data sizes:     COMRAM   BANK0   BANK1   BANK2   BANK3   BANK4   BANK5
      Params:         0       2       0       0       0       0       0
      Locals:         0       5       0       0       0       0       0
      Temps:          0       5       0       0       0       0       0
      Totals:         0      12       0       0       0       0       0
Total ram usage:       12 bytes
 Hardware stack levels used:    1
 Hardware stack levels required when called:    5
 This function calls:
		Nothing
 This function is called by:
		_I2C_TabRefresh
		_I2C_Free
 This function uses a non-reentrant model


 *************** function _getFree *****************
 Defined at:
		line 152 in file "I2C_conf/memory/memory.c"
 Parameters:    Size  Location     Type
  Pointer         2   43[BANK0 ] PTR PTR unsigned char 
		 -> array.Tab.Pointer(2), array.Tab(60), nulPointer(2), 
  memoryNumber    1   45[BANK0 ] unsigned char 
 Auto vars:     Size  Location     Type
  tab            64    0[BANK1 ] unsigned char [64]
  tabPoint        2   64[BANK1 ] PTR unsigned char 
		 -> getFree@tab(64), 
  i               1   67[BANK1 ] unsigned char 
  indice          1   66[BANK1 ] unsigned char 
 Return value:  Size  Location     Type
                  1    wreg      void 
 Registers used:
		wreg, fsr1l, fsr1h, fsr2l, fsr2h, status,2, status,0, prodl, prodh, cstack
 Tracked objects:
		On entry : 
		On exit  : 
		Unchanged: 
 Data sizes:     COMRAM   BANK0   BANK1   BANK2   BANK3   BANK4   BANK5
      Params:         0       3       0       0       0       0       0
      Locals:         0       0      68       0       0       0       0
      Temps:          0      11       0       0       0       0       0
      Totals:         0      14      68       0       0       0       0
Total ram usage:       82 bytes
 Hardware stack levels used:    1
 Hardware stack levels required when called:    6
 This function calls:
		_memcpy
 This function is called by:
		_I2C_TabRefresh
		_I2C_Free
 This function uses a non-reentrant model


 *************** function _memcpy *****************
 Defined at:
		line 4 in file "C:\Program Files (x86)\Microchip\xc8\v2.10\pic\sources\c99\common\memcpy.c"
 Parameters:    Size  Location     Type
  d1              2   32[BANK0 ] PTR void 
		 -> getFree@tab(64), memory(130), NULL(0), 
  s1              2   34[BANK0 ] PTR const void 
		 -> getFree@tab(64), memory.pile(64), memory(130), NULL(0), 
		 -> main@data(3), 
  n               2   36[BANK0 ] unsigned int 
 Auto vars:     Size  Location     Type
  s               2   41[BANK0 ] PTR const unsigned char 
		 -> getFree@tab(64), memory.pile(64), memory(130), NULL(0), 
		 -> main@data(3), 
  d               2   39[BANK0 ] PTR unsigned char 
		 -> getFree@tab(64), memory(130), NULL(0), 
  tmp             1   38[BANK0 ] unsigned char 
 Return value:  Size  Location     Type
                  2   32[BANK0 ] PTR void 
 Registers used:
		wreg, fsr2l, fsr2h, status,2, status,0
 Tracked objects:
		On entry : 
		On exit  : 
		Unchanged: 
 Data sizes:     COMRAM   BANK0   BANK1   BANK2   BANK3   BANK4   BANK5
      Params:         0       6       0       0       0       0       0
      Locals:         0       5       0       0       0       0       0
      Temps:          0       0       0       0       0       0       0
      Totals:         0      11       0       0       0       0       0
Total ram usage:       11 bytes
 Hardware stack levels used:    1
 Hardware stack levels required when called:    5
 This function calls:
		Nothing
 This function is called by:
		_I2C_Write
		_I2C_Read_Register_Request
		_I2C_Read_Buffer
		_getFree
 This function uses a non-reentrant model


 *************** function _ISR_Routine *****************
 Defined at:
		line 40 in file "interrupt.c"
 Parameters:    Size  Location     Type
		None
 Auto vars:     Size  Location     Type
		None
 Return value:  Size  Location     Type
                  1    wreg      void 
 Registers used:
		wreg, fsr1l, fsr1h, fsr2l, fsr2h, status,2, status,0, pclath, tosl, prodl, prodh, cstack
 Tracked objects:
		On entry : 
		On exit  : 
		Unchanged: 
 Data sizes:     COMRAM   BANK0   BANK1   BANK2   BANK3   BANK4   BANK5
      Params:         0       0       0       0       0       0       0
      Locals:         0       0       0       0       0       0       0
      Temps:          0       8       0       0       0       0       0
      Totals:         0       8       0       0       0       0       0
Total ram usage:        8 bytes
 Hardware stack levels used:    1
 Hardware stack levels required when called:    4
 This function calls:
		_ISR_Tasks
 This function is called by:
		Interrupt level 2
 This function uses a non-reentrant model


 *************** function _ISR_Tasks *****************
 Defined at:
		line 103 in file "interrupt.c"
 Parameters:    Size  Location     Type
		None
 Auto vars:     Size  Location     Type
  i               1   93[COMRAM] unsigned char 
 Return value:  Size  Location     Type
                  1    wreg      void 
 Registers used:
		wreg, fsr1l, fsr1h, fsr2l, fsr2h, status,2, status,0, pclath, tosl, prodl, prodh, cstack
 Tracked objects:
		On entry : 
		On exit  : 
		Unchanged: 
 Data sizes:     COMRAM   BANK0   BANK1   BANK2   BANK3   BANK4   BANK5
      Params:         0       0       0       0       0       0       0
      Locals:         1       0       0       0       0       0       0
      Temps:          0       0       0       0       0       0       0
      Totals:         1       0       0       0       0       0       0
Total ram usage:        1 bytes
 Hardware stack levels used:    1
 Hardware stack levels required when called:    3
 This function calls:
		_I2C_ISR
 This function is called by:
		_ISR_Routine
 This function uses a non-reentrant model


 *************** function _I2C_ISR *****************
 Defined at:
		line 53 in file "I2C.c"
 Parameters:    Size  Location     Type
		None
 Auto vars:     Size  Location     Type
  point           2   13[BANK0 ] PTR unsigned char 
		 -> NULL(0), 
  Pointeur        2   11[BANK0 ] PTR PTR unsigned char 
		 -> array.Tab.Pointer(2), array.Tab(60), nulPointer(2), 
  point           2    9[BANK0 ] PTR unsigned char 
		 -> NULL(0), 
  Pointeur        2    7[BANK0 ] PTR PTR unsigned char 
		 -> array.Tab.Pointer(2), array.Tab(60), nulPointer(2), 
  point           2   21[BANK0 ] PTR unsigned char 
		 -> NULL(0), 
  Pointeur        2   19[BANK0 ] PTR PTR unsigned char 
		 -> array.Tab.Pointer(2), array.Tab(60), nulPointer(2), 
  point           2   17[BANK0 ] PTR unsigned char 
		 -> NULL(0), 
  Pointeur        2   15[BANK0 ] PTR PTR unsigned char 
		 -> array.Tab.Pointer(2), array.Tab(60), nulPointer(2), 
  type            1   23[BANK0 ] unsigned char 
 Return value:  Size  Location     Type
                  1    wreg      void 
 Registers used:
		wreg, fsr1l, fsr1h, fsr2l, fsr2h, status,2, status,0, prodl, prodh, cstack
 Tracked objects:
		On entry : 
		On exit  : 
		Unchanged: 
 Data sizes:     COMRAM   BANK0   BANK1   BANK2   BANK3   BANK4   BANK5
      Params:         0       0       0       0       0       0       0
      Locals:         0      17       0       0       0       0       0
      Temps:          0       7       0       0       0       0       0
      Totals:         0      24       0       0       0       0       0
Total ram usage:       24 bytes
 Hardware stack levels used:    1
 Hardware stack levels required when called:    2
 This function calls:
		i2_getFree
 This function is called by:
		_main
		_ISR_Tasks
 This function uses a non-reentrant model


 *************** function i2_getFree *****************
 Defined at:
		line 152 in file "I2C_conf/memory/memory.c"
 Parameters:    Size  Location     Type
  Pointer         2   11[COMRAM] PTR PTR unsigned char 
		 -> array.Tab.Pointer(2), array.Tab(60), nulPointer(2), 
  memoryNumber    1   13[COMRAM] unsigned char 
 Auto vars:     Size  Location     Type
  getFree        64   25[COMRAM] unsigned char [64]
  getFree         2   89[COMRAM] PTR unsigned char 
		 -> i2getFree@tab(64), getFree@tab(64), 
  getFree         1   92[COMRAM] unsigned char 
  getFree         1   91[COMRAM] unsigned char 
 Return value:  Size  Location     Type
                  1    wreg      void 
 Registers used:
		wreg, fsr1l, fsr1h, fsr2l, fsr2h, status,2, status,0, prodl, prodh, cstack
 Tracked objects:
		On entry : 
		On exit  : 
		Unchanged: 
 Data sizes:     COMRAM   BANK0   BANK1   BANK2   BANK3   BANK4   BANK5
      Params:         3       0       0       0       0       0       0
      Locals:        68       0       0       0       0       0       0
      Temps:         11       0       0       0       0       0       0
      Totals:        82       0       0       0       0       0       0
Total ram usage:       82 bytes
 Hardware stack levels used:    1
 Hardware stack levels required when called:    1
 This function calls:
		i2_memcpy
 This function is called by:
		_I2C_ISR
 This function uses a non-reentrant model


 *************** function i2_memcpy *****************
 Defined at:
		line 4 in file "C:\Program Files (x86)\Microchip\xc8\v2.10\pic\sources\c99\common\memcpy.c"
 Parameters:    Size  Location     Type
  d1              2    0[COMRAM] PTR void 
		 -> i2getFree@tab(64), getFree@tab(64), memory(130), NULL(0), 
  s1              2    2[COMRAM] PTR const void 
		 -> i2getFree@tab(64), getFree@tab(64), memory.pile(64), memory(130), 
		 -> NULL(0), main@data(3), 
  n               2    4[COMRAM] unsigned int 
 Auto vars:     Size  Location     Type
  memcpy          2    9[COMRAM] PTR const unsigned char 
		 -> i2getFree@tab(64), getFree@tab(64), memory.pile(64), memory(130), 
		 -> NULL(0), main@data(3), 
  memcpy          2    7[COMRAM] PTR unsigned char 
		 -> i2getFree@tab(64), getFree@tab(64), memory(130), NULL(0), 
  memcpy          1    6[COMRAM] unsigned char 
 Return value:  Size  Location     Type
                  2    0[COMRAM] PTR void 
 Registers used:
		wreg, fsr2l, fsr2h, status,2, status,0
 Tracked objects:
		On entry : 
		On exit  : 
		Unchanged: 
 Data sizes:     COMRAM   BANK0   BANK1   BANK2   BANK3   BANK4   BANK5
      Params:         6       0       0       0       0       0       0
      Locals:         5       0       0       0       0       0       0
      Temps:          0       0       0       0       0       0       0
      Totals:        11       0       0       0       0       0       0
Total ram usage:       11 bytes
 Hardware stack levels used:    1
 This function calls:
		Nothing
 This function is called by:
		i2_getFree
 This function uses a non-reentrant model



MODULE INFORMATION

Module		Function		Class		Link	Load	Size
C:\Program Files (x86)\Microchip\xc8\v2.10\pic\sources\c99\common\fleq.c
		___fleq        		CODE           	35F2	0000	173

C:\Program Files (x86)\Microchip\xc8\v2.10\pic\sources\c99\common\fleq.c estimated size: 173

C:\Program Files (x86)\Microchip\xc8\v2.10\pic\sources\c99\common\xxtofl.c
		___xxtofl      		CODE           	2D3C	0000	441

C:\Program Files (x86)\Microchip\xc8\v2.10\pic\sources\c99\common\xxtofl.c estimated size: 441

C:\Program Files (x86)\Microchip\xc8\v2.10\pic\sources\c99\common\fltol.c
		___fltol       		CODE           	33E4	0000	265

C:\Program Files (x86)\Microchip\xc8\v2.10\pic\sources\c99\common\fltol.c estimated size: 265

I2C_conf/I2C_PIC_Support.c
		_I2C_Master_Stop		CODE           	3AB6	0000	21
		_I2C_timer_prescaler		CODE           	19CE	0000	947
		_I2C_Master_Write		CODE           	3A1A	0000	61
		_I2C_Master_Start		CODE           	3A56	0000	43

I2C_conf/I2C_PIC_Support.c estimated size: 1072

I2C.c
		_I2C_Read_Buffer		CODE           	306C	0000	329
		_I2C_Read_Register_Request		CODE           	211C	0000	655
		_I2C_Write     		CODE           	2898	0000	615
		_I2C_ISR       		CODE           	0056	0000	1699
		_I2C_TabRefresh		CODE           	373E	0000	127
		_I2C_Init      		CODE           	2626	0000	627
		_I2C_Free      		CODE           	383A	0000	93

I2C.c estimated size: 4145

C:\Program Files (x86)\Microchip\xc8\v2.10\pic\sources\c99\common\memset.c
		_memset        		CODE           	2EF4	0000	377

C:\Program Files (x86)\Microchip\xc8\v2.10\pic\sources\c99\common\memset.c estimated size: 377

C:\Program Files (x86)\Microchip\xc8\v2.10\pic\sources\c99\common\sprcmul.c
		___flmul       		CODE           	15A2	0000	1069

C:\Program Files (x86)\Microchip\xc8\v2.10\pic\sources\c99\common\sprcmul.c estimated size: 1069

C:\Program Files (x86)\Microchip\xc8\v2.10\pic\sources\c99\common\sprcdiv.c
		___fldiv       		CODE           	1D80	0000	925

C:\Program Files (x86)\Microchip\xc8\v2.10\pic\sources\c99\common\sprcdiv.c estimated size: 925

C:\Program Files (x86)\Microchip\xc8\v2.10\pic\sources\c99\common\flge.c
		___flge        		CODE           	34EC	0000	263

C:\Program Files (x86)\Microchip\xc8\v2.10\pic\sources\c99\common\flge.c estimated size: 263

interrupt.c
		_ISR_ConnectFunction		CODE           	3A80	0000	31
		_ISR_Routine   		CODE           	0008	0000	75
		_ISR_Tasks     		CODE           	3988	0000	75
		_ISR_Init      		CODE           	3ACA	0000	9

interrupt.c estimated size: 190

shared
		i2_getFree     		CODE           	0C14	0000	1229
		__initialization		CODE           	38E8	0000	67
		i2_memcpy      		CODE           	3938	0000	81

shared estimated size: 1377

C:\Program Files (x86)\Microchip\xc8\v2.10\pic\sources\c99\common\memcpy.c
		_memcpy        		CODE           	3896	0000	83

C:\Program Files (x86)\Microchip\xc8\v2.10\pic\sources\c99\common\memcpy.c estimated size: 83

C:\Program Files (x86)\Microchip\xc8\v2.10\pic\sources\c99\common\sprcadd.c
		___flsub       		CODE           	39D2	0000	73
		___fladd       		CODE           	10E0	0000	1219

C:\Program Files (x86)\Microchip\xc8\v2.10\pic\sources\c99\common\sprcadd.c estimated size: 1292

main.c
		_main          		CODE           	2AFE	0000	575

main.c estimated size: 575

I2C_conf/memory/memory.c
		_getFree       		CODE           	06F8	0000	1309
		_getMemoryID   		CODE           	31B4	0000	287
		_getFreeFull   		CODE           	37BC	0000	127
		_memory_init   		CODE           	3A9E	0000	25
		_getMemoryPointer		CODE           	23AA	0000	637
		_myMalloc      		CODE           	369E	0000	161
		_getMemoryFromID		CODE           	32D2	0000	275

I2C_conf/memory/memory.c estimated size: 2821

