Microchip MPLAB XC8 Compiler V2.10 ()

Linker command line:

-W-3 --edf=C:\Program Files (x86)\Microchip\xc8\v2.10\pic\dat\en_msgs.txt \
  -cs -h+dist/default/production\exemple_I2C_Master.X.production.sym \
  --cmf=dist/default/production\exemple_I2C_Master.X.production.cmf -z \
  -Q18F45K22 -oC:\Users\asus\AppData\Local\Temp\s3ls.2 \
  --defsym=__MPLAB_BUILD=1 \
  -Mdist/default/production/exemple_I2C_Master.X.production.map -E1 \
  -ver=XC8 --acfsm=1493 -ASTACK=0188h-05FFh -pstack=STACK -ACODE=00h-07FFFh \
  -ACONST=00h-07FFFh -ASMALLCONST=0600h-06FFhx122 \
  -AMEDIUMCONST=0600h-07FFFh -ACOMRAM=01h-05Fh -AABS1=00h-05FFh \
  -ABIGRAM=01h-05FFh -ARAM=060h-0FFh,0100h-01FFhx5 -ABANK0=060h-0FFh \
  -ABANK1=0100h-01FFh -ABANK2=0200h-02FFh -ABANK3=0300h-03FFh \
  -ABANK4=0400h-04FFh -ABANK5=0500h-05FFh -ASFR=0F38h-0F5Fh,0F60h-0FFFh \
  -preset_vec=00h,intcode=08h,intcodelo,powerup,init -pramtop=0600h \
  -psmallconst=SMALLCONST -pmediumconst=MEDIUMCONST -pconst=CONST \
  -AFARRAM=00h-00h -ACONFIG=0300000h-030000Dh -pconfig=CONFIG \
  -AIDLOC=0200000h-0200007h -pidloc=IDLOC -AEEDATA=0F00000h-0F000FFh \
  -peeprom_data=EEDATA \
  -prdata=COMRAM,nvrram=COMRAM,nvbit=COMRAM,rbss=COMRAM,rbit=COMRAM \
  -pfarbss=FARRAM,fardata=FARRAM,nvFARRAM=FARRAM \
  -pintsave_regs=BIGRAM,bigbss=BIGRAM,bigdata=BIGRAM -pbss=RAM \
  -pidata=CODE,irdata=CODE,ibigdata=CODE,ifardata=CODE -prparam=COMRAM \
  C:\Users\asus\AppData\Local\Temp\s3ls.o \
  dist/default/production\exemple_I2C_Master.X.production.o 

Object code version is 3.11

Machine type is 18F45K22

Call graph: (short form)




                Name                               Link     Load   Length Selector   Space Scale
C:\Users\asus\AppData\Local\Temp\s3ls.o
                init                                 52       52        4        4       0
                reset_vec                             0        0        4        0       0
                idloc                            200000   200000        8   200000       0
                config                           300000   300000        E   300000       0
dist/default/production\exemple_I2C_Master.X.production.o
                intcode                               8        8       4A        4       0
                temp                                 4E       4E        1        1       1
                text20                               56       56      4DE        4       0
                text19                             2268     2268       4A        4       0
                text17                             21AA     21AA       6C        4       0
                text16                             11BE     11BE      39A        4       0
                text15                             1E6A     1E6A      104        4       0
                text14                              9F4      9F4      42A        4       0
                text13                              534      534      4C0        4       0
                text12                             22B2     22B2       46        4       0
                text11                             1D64     1D64      106        4       0
                text10                             174E     174E      1B4        4       0
                text9                               E1E      E1E      3A0        4       0
                text8                              2066     2066       AA        4       0
                text7                              1A8C     1A8C      176        4       0
                text6                              1558     1558      1F6        4       0
                text5                              2110     2110       9A        4       0
                text4                              1C02     1C02      162        4       0
                text3                              1F6E     1F6E       F8        4       0
                text2                              22F8     22F8       1E        4       0
                text1                              2316     2316        8        4       0
                text0                              1902     1902      18A        4       0
                cstackCOMRAM                          1        1       45        1       1
                cstackBANK0                          60       60       35       60       1
                bssBANK1                            100      100       88      100       1
                dataBANK0                            AA       AA        5       60       1
                bssBANK0                             95       95       15       60       1
                bssCOMRAM                            46       46        8        1       1
                cinit                              2216     2216       52        4       0
                idataBANK0                         231E     231E        5        4       0

TOTAL           Name                               Link     Load   Length     Space
        CLASS   STACK          

        CLASS   CODE           
                intcode                               8        8       4A         0
                init                                 52       52        4         0
                reset_vec                             0        0        4         0
                text20                               56       56      4DE         0
                text19                             2268     2268       4A         0
                text17                             21AA     21AA       6C         0
                text16                             11BE     11BE      39A         0
                text15                             1E6A     1E6A      104         0
                text14                              9F4      9F4      42A         0
                text13                              534      534      4C0         0
                text12                             22B2     22B2       46         0
                text11                             1D64     1D64      106         0
                text10                             174E     174E      1B4         0
                text9                               E1E      E1E      3A0         0
                text8                              2066     2066       AA         0
                text7                              1A8C     1A8C      176         0
                text6                              1558     1558      1F6         0
                text5                              2110     2110       9A         0
                text4                              1C02     1C02      162         0
                text3                              1F6E     1F6E       F8         0
                text2                              22F8     22F8       1E         0
                text1                              2316     2316        8         0
                text0                              1902     1902      18A         0
                cinit                              2216     2216       52         0
                idataBANK0                         231E     231E        5         0

        CLASS   CONST          

        CLASS   SMALLCONST     

        CLASS   MEDIUMCONST    

        CLASS   COMRAM         
                temp                                 4E       4E        1         1
                cstackCOMRAM                          1        1       45         1
                bssCOMRAM                            46       46        8         1

        CLASS   ABS1           

        CLASS   BIGRAM         

        CLASS   RAM            

        CLASS   BANK0          
                cstackBANK0                          60       60       35         1
                dataBANK0                            AA       AA        5         1
                bssBANK0                             95       95       15         1

        CLASS   BANK1          
                bssBANK1                            100      100       88         1

        CLASS   BANK2          

        CLASS   BANK3          

        CLASS   BANK4          

        CLASS   BANK5          

        CLASS   SFR            

        CLASS   FARRAM         

        CLASS   CONFIG         
                config                           300000   300000        E         0

        CLASS   IDLOC          
                idloc                            200000   200000        8         0

        CLASS   EEDATA         



SEGMENTS        Name                           Load    Length   Top    Selector   Space  Class

                reset_vec                      000000  000004  000004         0       0  CODE    
                cstackCOMRAM                   000001  00004E  00004F         1       1  COMRAM  
                intcode                        000008  00231B  002323         4       0  CODE    
                cstackBANK0                    000060  00004F  0000AF        60       1  BANK0   
                bssBANK1                       000100  000088  000188       100       1  BANK1   
                idloc                          200000  000008  200008    200000       0  IDLOC   
                config                         300000  00000E  30000E    300000       0  CONFIG  


UNUSED ADDRESS RANGES

        Name                Unused          Largest block    Delta
        BANK0            0000AF-0000FF               51
        BANK1            000188-0001FF               78
        BANK2            000200-0002FF              100
        BANK3            000300-0003FF              100
        BANK4            000400-0004FF              100
        BANK5            000500-0005FF              100
        BIGRAM           00004F-00005F               11
                         0000AF-0000FF               51
                         000188-0005FF              478
        CODE             000004-000007                4
                         002323-007FFF             5CDD
        COMRAM           00004F-00005F               11
        CONST            000004-000007                4
                         002323-007FFF             5CDD
        EEDATA           F00000-F000FF              100
        MEDIUMCONST      002323-007FFF             5CDD
        RAM              0000AF-0000FF               51
                         000188-0005FF              100
        SFR              000F38-000FFF               28
        SMALLCONST       002323-007FFF              100
        STACK            000188-0005FF              478

                                  Symbol Table

?_I2C_Get_Status                       cstackCOMRAM 000012
?_I2C_Init                             cstackBANK0  000076
?_I2C_Read_Buffer                      cstackCOMRAM 000012
?_I2C_Write                            cstackCOMRAM 000012
?___fladd                              cstackCOMRAM 000012
?___fldiv                              cstackCOMRAM 000020
?___flmul                              cstackCOMRAM 000012
?___flsub                              cstackCOMRAM 000022
?___fltol                              cstackCOMRAM 000012
?___xxtofl                             cstackCOMRAM 000012
I2C_Get_Status@MsgID                   cstackCOMRAM 000015
I2C_Get_Status@i                       cstackCOMRAM 000016
I2C_ISR@ack                            bssCOMRAM    00004A
I2C_ISR@i                              bssCOMRAM    00004C
I2C_ISR@type                           cstackCOMRAM 000008
I2C_Init@Options                       cstackBANK0  00007A
I2C_Init@min                           cstackBANK0  00007F
I2C_Init@prUsed                        cstackBANK0  00007D
I2C_Init@prescUsed                     cstackBANK0  00007B
I2C_Read_Buffer@adresse                cstackCOMRAM 000012
I2C_Read_Buffer@data                   cstackCOMRAM 000018
I2C_Read_Buffer@i                      cstackCOMRAM 00001A
I2C_Read_Buffer@sizeData               cstackCOMRAM 000014
I2C_Read_Register_Request@adresse      cstackCOMRAM 000019
I2C_Read_Register_Request@delay        cstackCOMRAM 000018
I2C_Read_Register_Request@rcvData      cstackCOMRAM 000015
I2C_Read_Register_Request@rcvsizeData  cstackCOMRAM 000017
I2C_Read_Register_Request@sendData     cstackCOMRAM 000012
I2C_Read_Register_Request@sendsizeData cstackCOMRAM 000014
I2C_Write@adresse                      cstackCOMRAM 000016
I2C_Write@data                         cstackCOMRAM 000012
I2C_Write@delay                        cstackCOMRAM 000015
I2C_Write@sizeData                     cstackCOMRAM 000014
I2C_timer_prescaler@min                cstackCOMRAM 000043
I2C_timer_prescaler@minB               cstackBANK0  00006C
I2C_timer_prescaler@period             cstackCOMRAM 000039
I2C_timer_prescaler@pr                 cstackBANK0  000074
I2C_timer_prescaler@prUsed             cstackCOMRAM 00003D
I2C_timer_prescaler@pr_f               cstackBANK0  000070
I2C_timer_prescaler@presc              cstackCOMRAM 00003F
I2C_timer_prescaler@prescUsed          cstackCOMRAM 000041
I2C_timer_prescaler@x                  cstackBANK0  000068
ISR_ConnectFunction@Function           cstackCOMRAM 000012
ISR_Tasks@i                            cstackCOMRAM 000009
_ANSELA                                (abs)        000F38
_ANSELB                                (abs)        000F39
_ANSELC                                (abs)        000F3A
_ANSELE                                (abs)        000F3C
_GIE                                   (abs)        007F97
_I2CConfig                             bssBANK1     000100
_I2C_Get_Status                        text17       0021AA
_I2C_ISR                               text20       000056
_I2C_Init                              text6        001558
_I2C_Read_Buffer                       text5        002110
_I2C_Read_Register_Request             text4        001C02
_I2C_Write                             text3        001F6E
_I2C_timer_prescaler                   text9        000E1E
_I2C_timer_prescaler$752               cstackBANK0  000060
_I2C_timer_prescaler$753               cstackBANK0  000064
_I2Cadress                             bssCOMRAM    000048
_INTCON2bits                           (abs)        000FF1
_INTCONbits                            (abs)        000FF2
_ISRConfig                             bssBANK0     000095
_ISR_ConnectFunction                   text2        0022F8
_ISR_Init                              text1        002316
_ISR_Routine                           intcode      000008
_ISR_Tasks                             text19       002268
_LATB                                  (abs)        000F8A
_LATD                                  (abs)        000F8C
_LATE                                  (abs)        000F8D
_OSCCONbits                            (abs)        000FD3
_PEIE                                  (abs)        007F96
_PR2                                   (abs)        000FBB
_SSP1ADD                               (abs)        000FC8
_SSP1BUF                               (abs)        000FC9
_SSP1CON1bits                          (abs)        000FC6
_SSP1CON2bits                          (abs)        000FC5
_SSP1IE                                (abs)        007CEB
_SSP1IF                                (abs)        007CF3
_SSP1STATbits                          (abs)        000FC7
_T2CONbits                             (abs)        000FBA
_TMR2                                  (abs)        000FBC
_TMR2IE                                (abs)        007CE9
_TMR2IF                                (abs)        007CF1
_TRISA                                 (abs)        000F92
_TRISB                                 (abs)        000F93
_TRISC                                 (abs)        000F94
_TRISD                                 (abs)        000F95
_TRISE                                 (abs)        000F96
_WPUB                                  (abs)        000F61
__CFG_BOREN$OFF                        (abs)        000000
__CFG_BORV$190                         (abs)        000000
__CFG_CCP2MX$PORTC1                    (abs)        000000
__CFG_CCP3MX$PORTB5                    (abs)        000000
__CFG_CP0$OFF                          (abs)        000000
__CFG_CP1$OFF                          (abs)        000000
__CFG_CP2$OFF                          (abs)        000000
__CFG_CP3$OFF                          (abs)        000000
__CFG_CPB$OFF                          (abs)        000000
__CFG_CPD$OFF                          (abs)        000000
__CFG_EBTR0$OFF                        (abs)        000000
__CFG_EBTR1$OFF                        (abs)        000000
__CFG_EBTR2$OFF                        (abs)        000000
__CFG_EBTR3$OFF                        (abs)        000000
__CFG_EBTRB$OFF                        (abs)        000000
__CFG_FCMEN$OFF                        (abs)        000000
__CFG_FOSC$HSHP                        (abs)        000000
__CFG_HFOFST$OFF                       (abs)        000000
__CFG_IESO$OFF                         (abs)        000000
__CFG_LVP$ON                           (abs)        000000
__CFG_MCLRE$EXTMCLR                    (abs)        000000
__CFG_P2BMX$PORTD2                     (abs)        000000
__CFG_PBADEN$OFF                       (abs)        000000
__CFG_PLLCFG$ON                        (abs)        000000
__CFG_PRICLKEN$ON                      (abs)        000000
__CFG_PWRTEN$OFF                       (abs)        000000
__CFG_STVREN$ON                        (abs)        000000
__CFG_T3CMX$PORTC0                     (abs)        000000
__CFG_WDTEN$OFF                        (abs)        000000
__CFG_WDTPS$32768                      (abs)        000000
__CFG_WRT0$OFF                         (abs)        000000
__CFG_WRT1$OFF                         (abs)        000000
__CFG_WRT2$OFF                         (abs)        000000
__CFG_WRT3$OFF                         (abs)        000000
__CFG_WRTB$OFF                         (abs)        000000
__CFG_WRTC$OFF                         (abs)        000000
__CFG_WRTD$OFF                         (abs)        000000
__CFG_XINST$OFF                        (abs)        000000
__HRAM                                 (abs)        000000
__Habs1                                abs1         000000
__Hbank0                               bank0        000000
__Hbank1                               bank1        000000
__Hbank2                               bank2        000000
__Hbank3                               bank3        000000
__Hbank4                               bank4        000000
__Hbank5                               bank5        000000
__Hbigbss                              bigbss       000000
__Hbigdata                             bigdata      000000
__Hbigram                              bigram       000000
__Hbss                                 bss          000000
__HbssBANK0                            bssBANK0     000000
__HbssBANK1                            bssBANK1     000000
__HbssCOMRAM                           bssCOMRAM    000000
__Hcinit                               cinit        000000
__Hclrtext                             clrtext      000000
__Hcomram                              comram       000000
__Hconfig                              config       30000E
__Hconst                               const        000000
__HcstackBANK0                         cstackBANK0  000000
__HcstackCOMRAM                        cstackCOMRAM 000000
__Hdata                                data         000000
__HdataBANK0                           dataBANK0    000000
__Heeprom_data                         eeprom_data  000000
__Hfarbss                              farbss       000000
__Hfardata                             fardata      000000
__Hibigdata                            ibigdata     000000
__Hidata                               idata        000000
__HidataBANK0                          idataBANK0   000000
__Hidloc                               idloc        200008
__Hifardata                            ifardata     000000
__Hinit                                init         000056
__Hintcode                             intcode      000052
__Hintcode_body                        intcode_body 000000
__Hintcodelo                           intcodelo    000052
__Hintentry                            intentry     000000
__Hintret                              intret       000000
__Hintsave_regs                        intsave_regs 000000
__Hirdata                              irdata       000000
__Hmediumconst                         mediumconst  000000
__HnvFARRAM                            nvFARRAM     000000
__Hnvbit                               nvbit        000000
__Hnvrram                              nvrram       000000
__Hparam                               rparam       000000
__Hpowerup                             powerup      000052
__Hram                                 ram          000000
__Hramtop                              ramtop       000600
__Hrbit                                rbit         000000
__Hrbss                                rbss         000000
__Hrdata                               rdata        000000
__Hreset_vec                           reset_vec    000004
__Hrparam                              rparam       000000
__Hsfr                                 sfr          000000
__Hsmallconst                          smallconst   000000
__Hspace_0                             (abs)        30000E
__Hspace_1                             (abs)        000188
__Hspace_2                             (abs)        000000
__Hstack                               stack        000000
__Hstruct                              struct       000000
__Htemp                                temp         00004F
__Htext                                text         000000
__Htext0                               text0        000000
__Htext1                               text1        000000
__Htext10                              text10       000000
__Htext11                              text11       000000
__Htext12                              text12       000000
__Htext13                              text13       000000
__Htext14                              text14       000000
__Htext15                              text15       000000
__Htext16                              text16       000000
__Htext17                              text17       000000
__Htext19                              text19       000000
__Htext2                               text2        000000
__Htext20                              text20       000000
__Htext21                              text21       000000
__Htext3                               text3        000000
__Htext4                               text4        000000
__Htext5                               text5        000000
__Htext6                               text6        000000
__Htext7                               text7        000000
__Htext8                               text8        000000
__Htext9                               text9        000000
__LRAM                                 (abs)        000001
__Labs1                                abs1         000000
__Lbank0                               bank0        000000
__Lbank1                               bank1        000000
__Lbank2                               bank2        000000
__Lbank3                               bank3        000000
__Lbank4                               bank4        000000
__Lbank5                               bank5        000000
__Lbigbss                              bigbss       000000
__Lbigdata                             bigdata      000000
__Lbigram                              bigram       000000
__Lbss                                 bss          000000
__LbssBANK0                            bssBANK0     000000
__LbssBANK1                            bssBANK1     000000
__LbssCOMRAM                           bssCOMRAM    000000
__Lcinit                               cinit        000000
__Lclrtext                             clrtext      000000
__Lcomram                              comram       000000
__Lconfig                              config       300000
__Lconst                               const        000000
__LcstackBANK0                         cstackBANK0  000000
__LcstackCOMRAM                        cstackCOMRAM 000000
__Ldata                                data         000000
__LdataBANK0                           dataBANK0    000000
__Leeprom_data                         eeprom_data  000000
__Lfarbss                              farbss       000000
__Lfardata                             fardata      000000
__Libigdata                            ibigdata     000000
__Lidata                               idata        000000
__LidataBANK0                          idataBANK0   000000
__Lidloc                               idloc        200000
__Lifardata                            ifardata     000000
__Linit                                init         000052
__Lintcode                             intcode      000008
__Lintcode_body                        intcode_body 000000
__Lintcodelo                           intcodelo    000052
__Lintentry                            intentry     000000
__Lintret                              intret       000000
__Lintsave_regs                        intsave_regs 000000
__Lirdata                              irdata       000000
__Lmediumconst                         mediumconst  000000
__LnvFARRAM                            nvFARRAM     000000
__Lnvbit                               nvbit        000000
__Lnvrram                              nvrram       000000
__Lparam                               rparam       000000
__Lpowerup                             powerup      000052
__Lram                                 ram          000000
__Lramtop                              ramtop       000600
__Lrbit                                rbit         000000
__Lrbss                                rbss         000000
__Lrdata                               rdata        000000
__Lreset_vec                           reset_vec    000000
__Lrparam                              rparam       000000
__Lsfr                                 sfr          000000
__Lsmallconst                          smallconst   000000
__Lspace_0                             (abs)        000000
__Lspace_1                             (abs)        000000
__Lspace_2                             (abs)        000000
__Lstack                               stack        000000
__Lstruct                              struct       000000
__Ltemp                                temp         00004E
__Ltext                                text         000000
__Ltext0                               text0        000000
__Ltext1                               text1        000000
__Ltext10                              text10       000000
__Ltext11                              text11       000000
__Ltext12                              text12       000000
__Ltext13                              text13       000000
__Ltext14                              text14       000000
__Ltext15                              text15       000000
__Ltext16                              text16       000000
__Ltext17                              text17       000000
__Ltext19                              text19       000000
__Ltext2                               text2        000000
__Ltext20                              text20       000000
__Ltext21                              text21       000000
__Ltext3                               text3        000000
__Ltext4                               text4        000000
__Ltext5                               text5        000000
__Ltext6                               text6        000000
__Ltext7                               text7        000000
__Ltext8                               text8        000000
__Ltext9                               text9        000000
__S0                                   (abs)        30000E
__S1                                   (abs)        000188
__S2                                   (abs)        000000
___fladd                               text13       000534
___fladd@a                             cstackCOMRAM 000016
___fladd@aexp                          cstackCOMRAM 00001F
___fladd@b                             cstackCOMRAM 000012
___fladd@bexp                          cstackCOMRAM 000020
___fladd@grs                           cstackCOMRAM 000021
___fladd@signs                         cstackCOMRAM 00001E
___fldiv                               text16       0011BE
___fldiv@a                             cstackCOMRAM 000024
___fldiv@aexp                          cstackCOMRAM 000038
___fldiv@b                             cstackCOMRAM 000020
___fldiv@bexp                          cstackCOMRAM 000037
___fldiv@grs                           cstackCOMRAM 000033
___fldiv@new_exp                       cstackCOMRAM 000031
___fldiv@rem                           cstackCOMRAM 00002C
___fldiv@sign                          cstackCOMRAM 000030
___fleq                                text8        002066
___fleq@ff1                            cstackCOMRAM 000012
___fleq@ff2                            cstackCOMRAM 000016
___flge                                text15       001E6A
___flge@ff1                            cstackCOMRAM 00002B
___flge@ff2                            cstackCOMRAM 00002F
___flmul                               text14       0009F4
___flmul@a                             cstackCOMRAM 000016
___flmul@aexp                          cstackCOMRAM 000023
___flmul@b                             cstackCOMRAM 000012
___flmul@bexp                          cstackCOMRAM 000024
___flmul@grs                           cstackCOMRAM 00001F
___flmul@prod                          cstackCOMRAM 000025
___flmul@sign                          cstackCOMRAM 00001E
___flmul@temp                          cstackCOMRAM 000029
___flsub                               text12       0022B2
___flsub@a                             cstackCOMRAM 000026
___flsub@b                             cstackCOMRAM 000022
___fltol                               text11       001D64
___fltol@exp1                          cstackCOMRAM 00001B
___fltol@f1                            cstackCOMRAM 000012
___fltol@sign1                         cstackCOMRAM 00001A
___inthi_sp                            stack        000000
___intlo_sp                            stack        000000
___param_bank                          (abs)        000000
___rparam_used                         (abs)        000001
___sp                                  stack        000000
___xxtofl                              text10       00174E
___xxtofl@arg                          cstackCOMRAM 00001C
___xxtofl@exp                          cstackCOMRAM 00001B
___xxtofl@sign                         cstackCOMRAM 00001A
___xxtofl@val                          cstackCOMRAM 000012
__accesstop                            (abs)        000060
__activetblptr                         (abs)        000002
__end_of_I2C_Get_Status                text17       002216
__end_of_I2C_ISR                       text20       000534
__end_of_I2C_Init                      text6        00174E
__end_of_I2C_Read_Buffer               text5        0021AA
__end_of_I2C_Read_Register_Request     text4        001D64
__end_of_I2C_Write                     text3        002066
__end_of_I2C_timer_prescaler           text9        0011BE
__end_of_ISR_ConnectFunction           text2        002316
__end_of_ISR_Init                      text1        00231E
__end_of_ISR_Routine                   intcode      000052
__end_of_ISR_Tasks                     text19       0022B2
__end_of___fladd                       text13       0009F4
__end_of___fldiv                       text16       001558
__end_of___fleq                        text8        002110
__end_of___flge                        text15       001F6E
__end_of___flmul                       text14       000E1E
__end_of___flsub                       text12       0022F8
__end_of___fltol                       text11       001E6A
__end_of___xxtofl                      text10       001902
__end_of__initialization               cinit        00225A
__end_of_main                          text0        001A8C
__end_of_memset                        text7        001C02
__initialization                       cinit        002216
__mediumconst                          mediumconst  000000
__pbssBANK0                            bssBANK0     000095
__pbssBANK1                            bssBANK1     000100
__pbssCOMRAM                           bssCOMRAM    000046
__pcinit                               cinit        002216
__pcstackBANK0                         cstackBANK0  000060
__pcstackCOMRAM                        cstackCOMRAM 000001
__pdataBANK0                           dataBANK0    0000AA
__pidataBANK0                          idataBANK0   00231E
__pintcode                             intcode      000008
__ptext0                               text0        001902
__ptext1                               text1        002316
__ptext10                              text10       00174E
__ptext11                              text11       001D64
__ptext12                              text12       0022B2
__ptext13                              text13       000534
__ptext14                              text14       0009F4
__ptext15                              text15       001E6A
__ptext16                              text16       0011BE
__ptext17                              text17       0021AA
__ptext19                              text19       002268
__ptext2                               text2        0022F8
__ptext20                              text20       000056
__ptext21                              text21       000000
__ptext3                               text3        001F6E
__ptext4                               text4        001C02
__ptext5                               text5        002110
__ptext6                               text6        001558
__ptext7                               text7        001A8C
__ptext8                               text8        002066
__ptext9                               text9        000E1E
__ramtop                               ramtop       000600
__size_of_I2C_Get_Status               (abs)        000000
__size_of_I2C_ISR                      (abs)        000000
__size_of_I2C_Init                     (abs)        000000
__size_of_I2C_Read_Buffer              (abs)        000000
__size_of_I2C_Read_Register_Request    (abs)        000000
__size_of_I2C_Write                    (abs)        000000
__size_of_I2C_timer_prescaler          (abs)        000000
__size_of_ISR_ConnectFunction          (abs)        000000
__size_of_ISR_Init                     (abs)        000000
__size_of_ISR_Routine                  (abs)        000000
__size_of_ISR_Tasks                    (abs)        000000
__size_of___fladd                      (abs)        000000
__size_of___fldiv                      (abs)        000000
__size_of___fleq                       (abs)        000000
__size_of___flge                       (abs)        000000
__size_of___flmul                      (abs)        000000
__size_of___flsub                      (abs)        000000
__size_of___fltol                      (abs)        000000
__size_of___xxtofl                     (abs)        000000
__size_of_main                         (abs)        000000
__size_of_memset                       (abs)        000000
__smallconst                           smallconst   000000
_main                                  text0        001902
_memset                                text7        001A8C
_myMsgID                               bssCOMRAM    00004D
_timer                                 bssCOMRAM    000046
btemp                                  temp         00004E
end_of_initialization                  cinit        00225A
int$flags                              temp         00004E
intlevel0                              text         000000
intlevel1                              text         000000
intlevel2                              text         000000
intlevel3                              text         000000
main@F6241                             dataBANK0    0000AA
main@F6244                             dataBANK0    0000AD
main@Status                            cstackBANK0  00008F
main@adresse                           cstackBANK0  00008C
main@buffer                            cstackBANK0  00008D
main@bufferSize                        cstackBANK0  00008A
main@data                              cstackBANK0  000083
main@dataRcv                           cstackBANK0  000086
main@msgToWrite                        cstackBANK0  000091
main@reg                               cstackBANK0  000088
memset@c                               cstackCOMRAM 000014
memset@dest                            cstackCOMRAM 000012
memset@k                               cstackCOMRAM 00001A
memset@n                               cstackCOMRAM 000016
memset@s                               cstackCOMRAM 00001C
stackhi                                (abs)        0005FF
stacklo                                (abs)        000188
start                                  init         000052
start_initialization                   cinit        002216
ttemp5                                 temp         00004F
ttemp6                                 temp         000052
ttemp7                                 temp         000056
wtemp8                                 temp         00004F


FUNCTION INFORMATION:

 *************** function _main *****************
 Defined at:
		line 80 in file "main.c"
 Parameters:    Size  Location     Type
		None
 Auto vars:     Size  Location     Type
  msgToWrite      4   49[BANK0 ] struct .
  data            3   35[BANK0 ] unsigned char [3]
  Status          2   47[BANK0 ] int 
  reg             2   40[BANK0 ] unsigned char [2]
  dataRcv         2   38[BANK0 ] unsigned char [2]
  buffer          2   45[BANK0 ] PTR unsigned char 
		 -> NULL(0), main@dataRcv(2), main@reg(2), main@data(3), 
  bufferSize      2   42[BANK0 ] int 
  adresse         1   44[BANK0 ] unsigned char 
 Return value:  Size  Location     Type
                  1    wreg      void 
 Registers used:
		wreg, fsr1l, fsr1h, fsr2l, fsr2h, status,2, status,0, prodl, prodh, cstack
 Tracked objects:
		On entry : 
		On exit  : 
		Unchanged: 
 Data sizes:     COMRAM   BANK0   BANK1   BANK2   BANK3   BANK4   BANK5
      Params:         0       0       0       0       0       0       0
      Locals:         0      18       0       0       0       0       0
      Temps:          1       0       0       0       0       0       0
      Totals:         1      18       0       0       0       0       0
Total ram usage:       19 bytes
 Hardware stack levels required when called:    7
 This function calls:
		_I2C_Get_Status
		_I2C_Init
		_I2C_Read_Buffer
		_I2C_Read_Register_Request
		_I2C_Write
		_ISR_ConnectFunction
		_ISR_Init
 This function is called by:
		Startup code after reset
 This function uses a non-reentrant model


 *************** function _ISR_Init *****************
 Defined at:
		line 60 in file "interrupt.c"
 Parameters:    Size  Location     Type
		None
 Auto vars:     Size  Location     Type
		None
 Return value:  Size  Location     Type
                  2   11[None  ] int 
 Registers used:
		wreg, status,2
 Tracked objects:
		On entry : 
		On exit  : 
		Unchanged: 
 Data sizes:     COMRAM   BANK0   BANK1   BANK2   BANK3   BANK4   BANK5
      Params:         0       0       0       0       0       0       0
      Locals:         0       0       0       0       0       0       0
      Temps:          0       0       0       0       0       0       0
      Totals:         0       0       0       0       0       0       0
Total ram usage:        0 bytes
 Hardware stack levels used:    1
 Hardware stack levels required when called:    3
 This function calls:
		Nothing
 This function is called by:
		_main
 This function uses a non-reentrant model


 *************** function _ISR_ConnectFunction *****************
 Defined at:
		line 81 in file "interrupt.c"
 Parameters:    Size  Location     Type
  Function        2   17[COMRAM] PTR FTN()void 
		 -> I2C_ISR(1), 
 Auto vars:     Size  Location     Type
		None
 Return value:  Size  Location     Type
                  2   17[COMRAM] int 
 Registers used:
		wreg, fsr2l, fsr2h, status,2, status,0, prodl, prodh
 Tracked objects:
		On entry : 
		On exit  : 
		Unchanged: 
 Data sizes:     COMRAM   BANK0   BANK1   BANK2   BANK3   BANK4   BANK5
      Params:         2       0       0       0       0       0       0
      Locals:         0       0       0       0       0       0       0
      Temps:          0       0       0       0       0       0       0
      Totals:         2       0       0       0       0       0       0
Total ram usage:        2 bytes
 Hardware stack levels used:    1
 Hardware stack levels required when called:    3
 This function calls:
		Nothing
 This function is called by:
		_main
 This function uses a non-reentrant model


 *************** function _I2C_Write *****************
 Defined at:
		line 324 in file "I2C.c"
 Parameters:    Size  Location     Type
  adresse         1    wreg     unsigned char 
  data            2   17[COMRAM] PTR unsigned char 
		 -> main@data(3), 
  sizeData        1   19[COMRAM] unsigned char 
  delay           1   20[COMRAM] unsigned char 
 Auto vars:     Size  Location     Type
  adresse         1   21[COMRAM] unsigned char 
 Return value:  Size  Location     Type
                  2   17[COMRAM] int 
 Registers used:
		wreg, fsr2l, fsr2h, status,2, status,0, prodl, prodh
 Tracked objects:
		On entry : 
		On exit  : 
		Unchanged: 
 Data sizes:     COMRAM   BANK0   BANK1   BANK2   BANK3   BANK4   BANK5
      Params:         4       0       0       0       0       0       0
      Locals:         1       0       0       0       0       0       0
      Temps:          0       0       0       0       0       0       0
      Totals:         5       0       0       0       0       0       0
Total ram usage:        5 bytes
 Hardware stack levels used:    1
 Hardware stack levels required when called:    3
 This function calls:
		Nothing
 This function is called by:
		_main
 This function uses a non-reentrant model


 *************** function _I2C_Read_Register_Request *****************
 Defined at:
		line 380 in file "I2C.c"
 Parameters:    Size  Location     Type
  adresse         1    wreg     unsigned char 
  sendData        2   17[COMRAM] PTR unsigned char 
		 -> main@reg(2), 
  sendsizeData    1   19[COMRAM] unsigned char 
  rcvData         2   20[COMRAM] PTR unsigned char 
		 -> main@dataRcv(2), 
  rcvsizeData     1   22[COMRAM] unsigned char 
  delay           1   23[COMRAM] unsigned char 
 Auto vars:     Size  Location     Type
  adresse         1   24[COMRAM] unsigned char 
 Return value:  Size  Location     Type
                  2   17[COMRAM] int 
 Registers used:
		wreg, fsr2l, fsr2h, status,2, status,0, prodl, prodh
 Tracked objects:
		On entry : 
		On exit  : 
		Unchanged: 
 Data sizes:     COMRAM   BANK0   BANK1   BANK2   BANK3   BANK4   BANK5
      Params:         7       0       0       0       0       0       0
      Locals:         1       0       0       0       0       0       0
      Temps:          0       0       0       0       0       0       0
      Totals:         8       0       0       0       0       0       0
Total ram usage:        8 bytes
 Hardware stack levels used:    1
 Hardware stack levels required when called:    3
 This function calls:
		Nothing
 This function is called by:
		_main
 This function uses a non-reentrant model


 *************** function _I2C_Read_Buffer *****************
 Defined at:
		line 414 in file "I2C.c"
 Parameters:    Size  Location     Type
  adresse         2   17[COMRAM] PTR unsigned char 
		 -> main@adresse(1), 
  sizeData        2   19[COMRAM] PTR int 
		 -> main@bufferSize(2), 
 Auto vars:     Size  Location     Type
  data            2   23[COMRAM] PTR unsigned char 
		 -> main@dataRcv(2), main@reg(2), main@data(3), 
  i               1   25[COMRAM] unsigned char 
 Return value:  Size  Location     Type
                  2   17[COMRAM] PTR unsigned char 
 Registers used:
		wreg, fsr1l, fsr1h, fsr2l, fsr2h, status,2, status,0, prodl, prodh
 Tracked objects:
		On entry : 
		On exit  : 
		Unchanged: 
 Data sizes:     COMRAM   BANK0   BANK1   BANK2   BANK3   BANK4   BANK5
      Params:         4       0       0       0       0       0       0
      Locals:         3       0       0       0       0       0       0
      Temps:          2       0       0       0       0       0       0
      Totals:         9       0       0       0       0       0       0
Total ram usage:        9 bytes
 Hardware stack levels used:    1
 Hardware stack levels required when called:    3
 This function calls:
		Nothing
 This function is called by:
		_main
 This function uses a non-reentrant model


 *************** function _I2C_Init *****************
 Defined at:
		line 268 in file "I2C.c"
 Parameters:    Size  Location     Type
  Options         1    wreg     unsigned char 
 Auto vars:     Size  Location     Type
  Options         1   26[BANK0 ] unsigned char 
  min             4   31[BANK0 ] float 
  prUsed          2   29[BANK0 ] unsigned int 
  prescUsed       2   27[BANK0 ] unsigned int 
 Return value:  Size  Location     Type
                  2   22[BANK0 ] int 
 Registers used:
		wreg, fsr2l, fsr2h, status,2, status,0, prodl, prodh, cstack
 Tracked objects:
		On entry : 
		On exit  : 
		Unchanged: 
 Data sizes:     COMRAM   BANK0   BANK1   BANK2   BANK3   BANK4   BANK5
      Params:         0       2       0       0       0       0       0
      Locals:         0       9       0       0       0       0       0
      Temps:          0       2       0       0       0       0       0
      Totals:         0      13       0       0       0       0       0
Total ram usage:       13 bytes
 Hardware stack levels used:    1
 Hardware stack levels required when called:    6
 This function calls:
		_I2C_timer_prescaler
		___fleq
		_memset
 This function is called by:
		_main
 This function uses a non-reentrant model


 *************** function _memset *****************
 Defined at:
		line 4 in file "C:\Program Files (x86)\Microchip\xc8\v2.10\pic\sources\c99\common\memset.c"
 Parameters:    Size  Location     Type
  dest            2   17[COMRAM] PTR void 
		 -> I2CConfig(136), 
  c               2   19[COMRAM] int 
  n               2   21[COMRAM] unsigned int 
 Auto vars:     Size  Location     Type
  s               2   27[COMRAM] PTR unsigned char 
		 -> I2CConfig(136), 
  k               2   25[COMRAM] unsigned int 
 Return value:  Size  Location     Type
                  2   17[COMRAM] PTR void 
 Registers used:
		wreg, fsr2l, fsr2h, status,2, status,0
 Tracked objects:
		On entry : 
		On exit  : 
		Unchanged: 
 Data sizes:     COMRAM   BANK0   BANK1   BANK2   BANK3   BANK4   BANK5
      Params:         6       0       0       0       0       0       0
      Locals:         4       0       0       0       0       0       0
      Temps:          2       0       0       0       0       0       0
      Totals:        12       0       0       0       0       0       0
Total ram usage:       12 bytes
 Hardware stack levels used:    1
 Hardware stack levels required when called:    3
 This function calls:
		Nothing
 This function is called by:
		_I2C_Init
 This function uses a non-reentrant model


 *************** function ___fleq *****************
 Defined at:
		line 4 in file "C:\Program Files (x86)\Microchip\xc8\v2.10\pic\sources\c99\common\fleq.c"
 Parameters:    Size  Location     Type
  ff1             4   17[COMRAM] PTR void 
  ff2             4   21[COMRAM] PTR void 
 Auto vars:     Size  Location     Type
		None
 Return value:  Size  Location     Type
		None               void
 Registers used:
		wreg, status,2, status,0
 Tracked objects:
		On entry : 
		On exit  : 
		Unchanged: 
 Data sizes:     COMRAM   BANK0   BANK1   BANK2   BANK3   BANK4   BANK5
      Params:         8       0       0       0       0       0       0
      Locals:         0       0       0       0       0       0       0
      Temps:          4       0       0       0       0       0       0
      Totals:        12       0       0       0       0       0       0
Total ram usage:       12 bytes
 Hardware stack levels used:    1
 Hardware stack levels required when called:    3
 This function calls:
		Nothing
 This function is called by:
		_I2C_Init
 This function uses a non-reentrant model


 *************** function _I2C_timer_prescaler *****************
 Defined at:
		line 481 in file "I2C.c"
 Parameters:    Size  Location     Type
  period          4   56[COMRAM] float 
  prUsed          2   60[COMRAM] PTR unsigned int 
		 -> I2C_Init@prUsed(2), 
  presc           2   62[COMRAM] unsigned int 
  prescUsed       2   64[COMRAM] PTR unsigned int 
		 -> I2C_Init@prescUsed(2), 
  min             2   66[COMRAM] PTR float 
		 -> I2C_Init@min(4), 
 Auto vars:     Size  Location     Type
  pr_f            4   16[BANK0 ] PTR float 
  minB            4   12[BANK0 ] float 
  x               4    8[BANK0 ] float 
  pr              2   20[BANK0 ] unsigned int 
 Return value:  Size  Location     Type
                  1    wreg      void 
 Registers used:
		wreg, fsr2l, fsr2h, status,2, status,0, prodl, prodh, cstack
 Tracked objects:
		On entry : 
		On exit  : 
		Unchanged: 
 Data sizes:     COMRAM   BANK0   BANK1   BANK2   BANK3   BANK4   BANK5
      Params:        12       0       0       0       0       0       0
      Locals:         0      22       0       0       0       0       0
      Temps:          0       0       0       0       0       0       0
      Totals:        12      22       0       0       0       0       0
Total ram usage:       34 bytes
 Hardware stack levels used:    1
 Hardware stack levels required when called:    5
 This function calls:
		___fldiv
		___flge
		___flmul
		___flsub
		___fltol
		___xxtofl
 This function is called by:
		_I2C_Init
 This function uses a non-reentrant model


 *************** function ___xxtofl *****************
 Defined at:
		line 10 in file "C:\Program Files (x86)\Microchip\xc8\v2.10\pic\sources\c99\common\xxtofl.c"
 Parameters:    Size  Location     Type
  sign            1    wreg     unsigned char 
  val             4   17[COMRAM] long 
 Auto vars:     Size  Location     Type
  sign            1   25[COMRAM] unsigned char 
  arg             4   27[COMRAM] unsigned long 
  exp             1   26[COMRAM] unsigned char 
 Return value:  Size  Location     Type
                  4   17[COMRAM] unsigned char 
 Registers used:
		wreg, status,2, status,0
 Tracked objects:
		On entry : 
		On exit  : 
		Unchanged: 
 Data sizes:     COMRAM   BANK0   BANK1   BANK2   BANK3   BANK4   BANK5
      Params:         4       0       0       0       0       0       0
      Locals:         6       0       0       0       0       0       0
      Temps:          4       0       0       0       0       0       0
      Totals:        14       0       0       0       0       0       0
Total ram usage:       14 bytes
 Hardware stack levels used:    1
 Hardware stack levels required when called:    3
 This function calls:
		Nothing
 This function is called by:
		_I2C_timer_prescaler
 This function uses a non-reentrant model


 *************** function ___fltol *****************
 Defined at:
		line 43 in file "C:\Program Files (x86)\Microchip\xc8\v2.10\pic\sources\c99\common\fltol.c"
 Parameters:    Size  Location     Type
  f1              4   17[COMRAM] unsigned char 
 Auto vars:     Size  Location     Type
  exp1            1   26[COMRAM] unsigned char 
  sign1           1   25[COMRAM] unsigned char 
 Return value:  Size  Location     Type
                  4   17[COMRAM] long 
 Registers used:
		wreg, status,2, status,0
 Tracked objects:
		On entry : 
		On exit  : 
		Unchanged: 
 Data sizes:     COMRAM   BANK0   BANK1   BANK2   BANK3   BANK4   BANK5
      Params:         4       0       0       0       0       0       0
      Locals:         2       0       0       0       0       0       0
      Temps:          4       0       0       0       0       0       0
      Totals:        10       0       0       0       0       0       0
Total ram usage:       10 bytes
 Hardware stack levels used:    1
 Hardware stack levels required when called:    3
 This function calls:
		Nothing
 This function is called by:
		_I2C_timer_prescaler
 This function uses a non-reentrant model


 *************** function ___flsub *****************
 Defined at:
		line 245 in file "C:\Program Files (x86)\Microchip\xc8\v2.10\pic\sources\c99\common\sprcadd.c"
 Parameters:    Size  Location     Type
  b               4   33[COMRAM] long 
  a               4   37[COMRAM] long 
 Auto vars:     Size  Location     Type
		None
 Return value:  Size  Location     Type
                  4   33[COMRAM] long 
 Registers used:
		wreg, status,2, status,0, cstack
 Tracked objects:
		On entry : 
		On exit  : 
		Unchanged: 
 Data sizes:     COMRAM   BANK0   BANK1   BANK2   BANK3   BANK4   BANK5
      Params:         8       0       0       0       0       0       0
      Locals:         0       0       0       0       0       0       0
      Temps:          0       0       0       0       0       0       0
      Totals:         8       0       0       0       0       0       0
Total ram usage:        8 bytes
 Hardware stack levels used:    1
 Hardware stack levels required when called:    4
 This function calls:
		___fladd
 This function is called by:
		_I2C_timer_prescaler
 This function uses a non-reentrant model


 *************** function ___fladd *****************
 Defined at:
		line 10 in file "C:\Program Files (x86)\Microchip\xc8\v2.10\pic\sources\c99\common\sprcadd.c"
 Parameters:    Size  Location     Type
  b               4   17[COMRAM] long 
  a               4   21[COMRAM] long 
 Auto vars:     Size  Location     Type
  grs             1   32[COMRAM] unsigned char 
  bexp            1   31[COMRAM] unsigned char 
  aexp            1   30[COMRAM] unsigned char 
  signs           1   29[COMRAM] unsigned char 
 Return value:  Size  Location     Type
                  4   17[COMRAM] unsigned char 
 Registers used:
		wreg, status,2, status,0
 Tracked objects:
		On entry : 
		On exit  : 
		Unchanged: 
 Data sizes:     COMRAM   BANK0   BANK1   BANK2   BANK3   BANK4   BANK5
      Params:         8       0       0       0       0       0       0
      Locals:         4       0       0       0       0       0       0
      Temps:          4       0       0       0       0       0       0
      Totals:        16       0       0       0       0       0       0
Total ram usage:       16 bytes
 Hardware stack levels used:    1
 Hardware stack levels required when called:    3
 This function calls:
		Nothing
 This function is called by:
		___flsub
 This function uses a non-reentrant model


 *************** function ___flmul *****************
 Defined at:
		line 8 in file "C:\Program Files (x86)\Microchip\xc8\v2.10\pic\sources\c99\common\sprcmul.c"
 Parameters:    Size  Location     Type
  b               4   17[COMRAM] unsigned char 
  a               4   21[COMRAM] unsigned char 
 Auto vars:     Size  Location     Type
  prod            4   36[COMRAM] struct .
  grs             4   30[COMRAM] unsigned long 
  temp            2   40[COMRAM] struct .
  bexp            1   35[COMRAM] unsigned char 
  aexp            1   34[COMRAM] unsigned char 
  sign            1   29[COMRAM] unsigned char 
 Return value:  Size  Location     Type
                  4   17[COMRAM] unsigned char 
 Registers used:
		wreg, status,2, status,0, prodl, prodh
 Tracked objects:
		On entry : 
		On exit  : 
		Unchanged: 
 Data sizes:     COMRAM   BANK0   BANK1   BANK2   BANK3   BANK4   BANK5
      Params:         8       0       0       0       0       0       0
      Locals:        13       0       0       0       0       0       0
      Temps:          4       0       0       0       0       0       0
      Totals:        25       0       0       0       0       0       0
Total ram usage:       25 bytes
 Hardware stack levels used:    1
 Hardware stack levels required when called:    3
 This function calls:
		Nothing
 This function is called by:
		_I2C_timer_prescaler
 This function uses a non-reentrant model


 *************** function ___flge *****************
 Defined at:
		line 4 in file "C:\Program Files (x86)\Microchip\xc8\v2.10\pic\sources\c99\common\flge.c"
 Parameters:    Size  Location     Type
  ff1             4   42[COMRAM] unsigned char 
  ff2             4   46[COMRAM] unsigned char 
 Auto vars:     Size  Location     Type
		None
 Return value:  Size  Location     Type
		None               void
 Registers used:
		wreg, status,2, status,0
 Tracked objects:
		On entry : 
		On exit  : 
		Unchanged: 
 Data sizes:     COMRAM   BANK0   BANK1   BANK2   BANK3   BANK4   BANK5
      Params:         8       0       0       0       0       0       0
      Locals:         0       0       0       0       0       0       0
      Temps:          4       0       0       0       0       0       0
      Totals:        12       0       0       0       0       0       0
Total ram usage:       12 bytes
 Hardware stack levels used:    1
 Hardware stack levels required when called:    3
 This function calls:
		Nothing
 This function is called by:
		_I2C_timer_prescaler
 This function uses a non-reentrant model


 *************** function ___fldiv *****************
 Defined at:
		line 11 in file "C:\Program Files (x86)\Microchip\xc8\v2.10\pic\sources\c99\common\sprcdiv.c"
 Parameters:    Size  Location     Type
  b               4   31[COMRAM] unsigned char 
  a               4   35[COMRAM] unsigned char 
 Auto vars:     Size  Location     Type
  grs             4   50[COMRAM] unsigned long 
  rem             4   43[COMRAM] unsigned long 
  new_exp         2   48[COMRAM] short 
  aexp            1   55[COMRAM] unsigned char 
  bexp            1   54[COMRAM] unsigned char 
  sign            1   47[COMRAM] unsigned char 
 Return value:  Size  Location     Type
                  4   31[COMRAM] unsigned char 
 Registers used:
		wreg, status,2, status,0
 Tracked objects:
		On entry : 
		On exit  : 
		Unchanged: 
 Data sizes:     COMRAM   BANK0   BANK1   BANK2   BANK3   BANK4   BANK5
      Params:         8       0       0       0       0       0       0
      Locals:        13       0       0       0       0       0       0
      Temps:          4       0       0       0       0       0       0
      Totals:        25       0       0       0       0       0       0
Total ram usage:       25 bytes
 Hardware stack levels used:    1
 Hardware stack levels required when called:    3
 This function calls:
		Nothing
 This function is called by:
		_I2C_timer_prescaler
 This function uses a non-reentrant model


 *************** function _I2C_Get_Status *****************
 Defined at:
		line 255 in file "I2C.c"
 Parameters:    Size  Location     Type
  MsgID           1    wreg     unsigned char 
 Auto vars:     Size  Location     Type
  MsgID           1   20[COMRAM] unsigned char 
  i               1   21[COMRAM] unsigned char 
 Return value:  Size  Location     Type
                  2   17[COMRAM] int 
 Registers used:
		wreg, fsr2l, fsr2h, status,2, status,0
 Tracked objects:
		On entry : 
		On exit  : 
		Unchanged: 
 Data sizes:     COMRAM   BANK0   BANK1   BANK2   BANK3   BANK4   BANK5
      Params:         2       0       0       0       0       0       0
      Locals:         2       0       0       0       0       0       0
      Temps:          1       0       0       0       0       0       0
      Totals:         5       0       0       0       0       0       0
Total ram usage:        5 bytes
 Hardware stack levels used:    1
 Hardware stack levels required when called:    3
 This function calls:
		Nothing
 This function is called by:
		_main
 This function uses a non-reentrant model


 *************** function _ISR_Routine *****************
 Defined at:
		line 40 in file "interrupt.c"
 Parameters:    Size  Location     Type
		None
 Auto vars:     Size  Location     Type
		None
 Return value:  Size  Location     Type
                  1    wreg      void 
 Registers used:
		wreg, fsr1l, fsr1h, fsr2l, fsr2h, status,2, status,0, pclath, tosl, prodl, prodh, cstack
 Tracked objects:
		On entry : 
		On exit  : 
		Unchanged: 
 Data sizes:     COMRAM   BANK0   BANK1   BANK2   BANK3   BANK4   BANK5
      Params:         0       0       0       0       0       0       0
      Locals:         0       0       0       0       0       0       0
      Temps:          8       0       0       0       0       0       0
      Totals:         8       0       0       0       0       0       0
Total ram usage:        8 bytes
 Hardware stack levels used:    1
 Hardware stack levels required when called:    2
 This function calls:
		_ISR_Tasks
 This function is called by:
		Interrupt level 2
 This function uses a non-reentrant model


 *************** function _ISR_Tasks *****************
 Defined at:
		line 103 in file "interrupt.c"
 Parameters:    Size  Location     Type
		None
 Auto vars:     Size  Location     Type
  i               1    8[COMRAM] unsigned char 
 Return value:  Size  Location     Type
                  1    wreg      void 
 Registers used:
		wreg, fsr1l, fsr1h, fsr2l, fsr2h, status,2, status,0, pclath, tosl, prodl, prodh, cstack
 Tracked objects:
		On entry : 
		On exit  : 
		Unchanged: 
 Data sizes:     COMRAM   BANK0   BANK1   BANK2   BANK3   BANK4   BANK5
      Params:         0       0       0       0       0       0       0
      Locals:         1       0       0       0       0       0       0
      Temps:          0       0       0       0       0       0       0
      Totals:         1       0       0       0       0       0       0
Total ram usage:        1 bytes
 Hardware stack levels used:    1
 Hardware stack levels required when called:    1
 This function calls:
		_I2C_ISR
 This function is called by:
		_ISR_Routine
 This function uses a non-reentrant model


 *************** function _I2C_ISR *****************
 Defined at:
		line 8 in file "I2C.c"
 Parameters:    Size  Location     Type
		None
 Auto vars:     Size  Location     Type
  type            1    7[COMRAM] unsigned char 
 Return value:  Size  Location     Type
                  1    wreg      void 
 Registers used:
		wreg, fsr1l, fsr1h, fsr2l, fsr2h, status,2, status,0, prodl, prodh
 Tracked objects:
		On entry : 
		On exit  : 
		Unchanged: 
 Data sizes:     COMRAM   BANK0   BANK1   BANK2   BANK3   BANK4   BANK5
      Params:         0       0       0       0       0       0       0
      Locals:         1       0       0       0       0       0       0
      Temps:          7       0       0       0       0       0       0
      Totals:         8       0       0       0       0       0       0
Total ram usage:        8 bytes
 Hardware stack levels used:    1
 This function calls:
		Nothing
 This function is called by:
		_main
		_ISR_Tasks
 This function uses a non-reentrant model



MODULE INFORMATION

Module		Function		Class		Link	Load	Size
C:\Program Files (x86)\Microchip\xc8\v2.10\pic\sources\c99\common\fleq.c
		___fleq        		CODE           	2066	0000	171

C:\Program Files (x86)\Microchip\xc8\v2.10\pic\sources\c99\common\fleq.c estimated size: 171

C:\Program Files (x86)\Microchip\xc8\v2.10\pic\sources\c99\common\xxtofl.c
		___xxtofl      		CODE           	174E	0000	437

C:\Program Files (x86)\Microchip\xc8\v2.10\pic\sources\c99\common\xxtofl.c estimated size: 437

C:\Program Files (x86)\Microchip\xc8\v2.10\pic\sources\c99\common\fltol.c
		___fltol       		CODE           	1D64	0000	263

C:\Program Files (x86)\Microchip\xc8\v2.10\pic\sources\c99\common\fltol.c estimated size: 263

I2C.c
		_I2C_Get_Status		CODE           	21AA	0000	109
		_I2C_Read_Buffer		CODE           	2110	0000	155
		_I2C_timer_prescaler		CODE           	0E1E	0000	929
		_I2C_Read_Register_Request		CODE           	1C02	0000	355
		_I2C_Write     		CODE           	1F6E	0000	249
		_I2C_ISR       		CODE           	0056	0000	1247
		_I2C_Init      		CODE           	1558	0000	503

I2C.c estimated size: 3547

C:\Program Files (x86)\Microchip\xc8\v2.10\pic\sources\c99\common\memset.c
		_memset        		CODE           	1A8C	0000	375

C:\Program Files (x86)\Microchip\xc8\v2.10\pic\sources\c99\common\memset.c estimated size: 375

C:\Program Files (x86)\Microchip\xc8\v2.10\pic\sources\c99\common\sprcmul.c
		___flmul       		CODE           	09F4	0000	1067

C:\Program Files (x86)\Microchip\xc8\v2.10\pic\sources\c99\common\sprcmul.c estimated size: 1067

C:\Program Files (x86)\Microchip\xc8\v2.10\pic\sources\c99\common\sprcdiv.c
		___fldiv       		CODE           	11BE	0000	923

C:\Program Files (x86)\Microchip\xc8\v2.10\pic\sources\c99\common\sprcdiv.c estimated size: 923

C:\Program Files (x86)\Microchip\xc8\v2.10\pic\sources\c99\common\flge.c
		___flge        		CODE           	1E6A	0000	261

C:\Program Files (x86)\Microchip\xc8\v2.10\pic\sources\c99\common\flge.c estimated size: 261

interrupt.c
		_ISR_ConnectFunction		CODE           	22F8	0000	31
		_ISR_Routine   		CODE           	0008	0000	75
		_ISR_Tasks     		CODE           	2268	0000	75
		_ISR_Init      		CODE           	2316	0000	9

interrupt.c estimated size: 190

shared
		__initialization		CODE           	2216	0000	69

shared estimated size: 69

C:\Program Files (x86)\Microchip\xc8\v2.10\pic\sources\c99\common\sprcadd.c
		___flsub       		CODE           	22B2	0000	71
		___fladd       		CODE           	0534	0000	1217

C:\Program Files (x86)\Microchip\xc8\v2.10\pic\sources\c99\common\sprcadd.c estimated size: 1288

main.c
		_main          		CODE           	1902	0000	395

main.c estimated size: 395

