Microchip MPLAB XC8 Compiler V2.10 ()

Linker command line:

-W-3 --edf=C:\Program Files (x86)\Microchip\xc8\v2.10\pic\dat\en_msgs.txt \
  -cs -h+dist/default/production\interrupt_exemple.X.production.sym \
  --cmf=dist/default/production\interrupt_exemple.X.production.cmf -z \
  -Q18F45K22 -oC:\Users\asus\AppData\Local\Temp\s5o8.2 \
  --defsym=__MPLAB_BUILD=1 \
  -Mdist/default/production/interrupt_exemple.X.production.map -E1 -ver=XC8 \
  --acfsm=1493 -ASTACK=0A4h-05FFh -pstack=STACK -ACODE=00h-07FFFh \
  -ACONST=00h-07FFFh -ASMALLCONST=0600h-06FFhx122 \
  -AMEDIUMCONST=0600h-07FFFh -ACOMRAM=01h-05Fh -AABS1=00h-05FFh \
  -ABIGRAM=01h-05FFh -ARAM=060h-0FFh,0100h-01FFhx5 -ABANK0=060h-0FFh \
  -ABANK1=0100h-01FFh -ABANK2=0200h-02FFh -ABANK3=0300h-03FFh \
  -ABANK4=0400h-04FFh -ABANK5=0500h-05FFh -ASFR=0F38h-0F5Fh,0F60h-0FFFh \
  -preset_vec=00h,intcode=08h,intcodelo,powerup,init -pramtop=0600h \
  -psmallconst=SMALLCONST -pmediumconst=MEDIUMCONST -pconst=CONST \
  -AFARRAM=00h-00h -ACONFIG=0300000h-030000Dh -pconfig=CONFIG \
  -AIDLOC=0200000h-0200007h -pidloc=IDLOC -AEEDATA=0F00000h-0F000FFh \
  -peeprom_data=EEDATA \
  -prdata=COMRAM,nvrram=COMRAM,nvbit=COMRAM,rbss=COMRAM,rbit=COMRAM \
  -pfarbss=FARRAM,fardata=FARRAM,nvFARRAM=FARRAM \
  -pintsave_regs=BIGRAM,bigbss=BIGRAM,bigdata=BIGRAM -pbss=RAM \
  -pidata=CODE,irdata=CODE,ibigdata=CODE,ifardata=CODE -prparam=COMRAM \
  C:\Users\asus\AppData\Local\Temp\s5o8.o \
  dist/default/production\interrupt_exemple.X.production.o 

Object code version is 3.11

Machine type is 18F45K22

Call graph: (short form)




                Name                               Link     Load   Length Selector   Space Scale
C:\Users\asus\AppData\Local\Temp\s5o8.o
                init                                 42       42        4        4       0
                reset_vec                             0        0        4        0       0
                idloc                            200000   200000        8   200000       0
                config                           300000   300000        E   300000       0
dist/default/production\interrupt_exemple.X.production.o
                intcode                               8        8       3A        4       0
                temp                                 56       56        1        1       1
                text19                             1BA2     1BA2       5A        4       0
                text18                             1BFC     1BFC       4A        4       0
                text16                             1D20     1D20       1E        4       0
                text15                             1D72     1D72        8        4       0
                text14                             1D58     1D58       1A        4       0
                text13                             1CF6     1CF6       2A        4       0
                text12                             1C8C     1C8C       3A        4       0
                text11                             125E     125E      39A        4       0
                text10                             1A28     1A28      104        4       0
                text9                               A96      A96      42A        4       0
                text8                               5D6      5D6      4C0        4       0
                text7                              1C46     1C46       46        4       0
                text6                              1922     1922      106        4       0
                text5                              15F8     15F8      1B4        4       0
                text4                               EC0      EC0      39E        4       0
                text3                              17AC     17AC      176        4       0
                text2                              1CC6     1CC6       30        4       0
                text1                                46       46      590        4       0
                text0                              1B2C     1B2C       76        4       0
                cstackCOMRAM                          1        1       55        1       1
                cstackBANK0                          82       82       22       60       1
                bssBANK0                             60       60       22       60       1
                cinit                              1D3E     1D3E       1A        4       0

TOTAL           Name                               Link     Load   Length     Space
        CLASS   STACK          

        CLASS   CODE           
                intcode                               8        8       3A         0
                init                                 42       42        4         0
                reset_vec                             0        0        4         0
                text19                             1BA2     1BA2       5A         0
                text18                             1BFC     1BFC       4A         0
                text16                             1D20     1D20       1E         0
                text15                             1D72     1D72        8         0
                text14                             1D58     1D58       1A         0
                text13                             1CF6     1CF6       2A         0
                text12                             1C8C     1C8C       3A         0
                text11                             125E     125E      39A         0
                text10                             1A28     1A28      104         0
                text9                               A96      A96      42A         0
                text8                               5D6      5D6      4C0         0
                text7                              1C46     1C46       46         0
                text6                              1922     1922      106         0
                text5                              15F8     15F8      1B4         0
                text4                               EC0      EC0      39E         0
                text3                              17AC     17AC      176         0
                text2                              1CC6     1CC6       30         0
                text1                                46       46      590         0
                text0                              1B2C     1B2C       76         0
                cinit                              1D3E     1D3E       1A         0

        CLASS   CONST          

        CLASS   SMALLCONST     

        CLASS   MEDIUMCONST    

        CLASS   COMRAM         
                temp                                 56       56        1         1
                cstackCOMRAM                          1        1       55         1

        CLASS   ABS1           

        CLASS   BIGRAM         

        CLASS   RAM            

        CLASS   BANK0          
                cstackBANK0                          82       82       22         1
                bssBANK0                             60       60       22         1

        CLASS   BANK1          

        CLASS   BANK2          

        CLASS   BANK3          

        CLASS   BANK4          

        CLASS   BANK5          

        CLASS   SFR            

        CLASS   FARRAM         

        CLASS   CONFIG         
                config                           300000   300000        E         0

        CLASS   IDLOC          
                idloc                            200000   200000        8         0

        CLASS   EEDATA         



SEGMENTS        Name                           Load    Length   Top    Selector   Space  Class

                reset_vec                      000000  000004  000004         0       0  CODE    
                cstackCOMRAM                   000001  000056  000057         1       1  COMRAM  
                intcode                        000008  001D72  001D7A         4       0  CODE    
                bssBANK0                       000060  000044  0000A4        60       1  BANK0   
                idloc                          200000  000008  200008    200000       0  IDLOC   
                config                         300000  00000E  30000E    300000       0  CONFIG  


UNUSED ADDRESS RANGES

        Name                Unused          Largest block    Delta
        BANK0            0000A4-0000FF               5C
        BANK1            000100-0001FF              100
        BANK2            000200-0002FF              100
        BANK3            000300-0003FF              100
        BANK4            000400-0004FF              100
        BANK5            000500-0005FF              100
        BIGRAM           000057-00005F                9
                         0000A4-0005FF              55C
        CODE             000004-000007                4
                         001D7A-007FFF             6286
        COMRAM           000057-00005F                9
        CONST            000004-000007                4
                         001D7A-007FFF             6286
        EEDATA           F00000-F000FF              100
        MEDIUMCONST      001D7A-007FFF             6286
        RAM              0000A4-0005FF              100
        SFR              000F38-000FFF               28
        SMALLCONST       001D7A-007FFF              100
        STACK            0000A4-0005FF              55C

                                  Symbol Table

?___fladd                     cstackCOMRAM 000009
?___fldiv                     cstackCOMRAM 000017
?___flmul                     cstackCOMRAM 000009
?___flsub                     cstackCOMRAM 000019
?___fltol                     cstackCOMRAM 000009
?___xxtofl                    cstackCOMRAM 000009
?_getTimer                    cstackCOMRAM 000009
ISR_ConnectFunction@Function  cstackCOMRAM 000009
ISR_Tasks@i                   cstackCOMRAM 000002
_ANSELA                       (abs)        000F38
_ANSELB                       (abs)        000F39
_ANSELC                       (abs)        000F3A
_ANSELE                       (abs)        000F3C
_INTCON2bits                  (abs)        000FF1
_INTCONbits                   (abs)        000FF2
_ISRConfig                    bssBANK0     000060
_ISR_ConnectFunction          text16       001D20
_ISR_Init                     text15       001D72
_ISR_Routine                  intcode      000008
_ISR_Tasks                    text18       001BFC
_LATB                         (abs)        000F8A
_LATD                         (abs)        000F8C
_LATDbits                     (abs)        000F8C
_LATE                         (abs)        000F8D
_OSCCONbits                   (abs)        000FD3
_PicTimer                     bssBANK0     000075
_T0CONbits                    (abs)        000FD5
_TMR0                         (abs)        000FD6
_TMR0IE                       (abs)        007F95
_TMR0IF                       (abs)        007F92
_TRISA                        (abs)        000F92
_TRISB                        (abs)        000F93
_TRISC                        (abs)        000F94
_TRISD                        (abs)        000F95
_TRISE                        (abs)        000F96
_WPUB                         (abs)        000F61
__CFG_BOREN$OFF               (abs)        000000
__CFG_BORV$190                (abs)        000000
__CFG_CCP2MX$PORTC1           (abs)        000000
__CFG_CCP3MX$PORTB5           (abs)        000000
__CFG_CP0$OFF                 (abs)        000000
__CFG_CP1$OFF                 (abs)        000000
__CFG_CP2$OFF                 (abs)        000000
__CFG_CP3$OFF                 (abs)        000000
__CFG_CPB$OFF                 (abs)        000000
__CFG_CPD$OFF                 (abs)        000000
__CFG_EBTR0$OFF               (abs)        000000
__CFG_EBTR1$OFF               (abs)        000000
__CFG_EBTR2$OFF               (abs)        000000
__CFG_EBTR3$OFF               (abs)        000000
__CFG_EBTRB$OFF               (abs)        000000
__CFG_FCMEN$OFF               (abs)        000000
__CFG_FOSC$HSHP               (abs)        000000
__CFG_HFOFST$OFF              (abs)        000000
__CFG_IESO$OFF                (abs)        000000
__CFG_LVP$ON                  (abs)        000000
__CFG_MCLRE$EXTMCLR           (abs)        000000
__CFG_P2BMX$PORTD2            (abs)        000000
__CFG_PBADEN$OFF              (abs)        000000
__CFG_PLLCFG$ON               (abs)        000000
__CFG_PRICLKEN$ON             (abs)        000000
__CFG_PWRTEN$OFF              (abs)        000000
__CFG_STVREN$ON               (abs)        000000
__CFG_T3CMX$PORTC0            (abs)        000000
__CFG_WDTEN$OFF               (abs)        000000
__CFG_WDTPS$32768             (abs)        000000
__CFG_WRT0$OFF                (abs)        000000
__CFG_WRT1$OFF                (abs)        000000
__CFG_WRT2$OFF                (abs)        000000
__CFG_WRT3$OFF                (abs)        000000
__CFG_WRTB$OFF                (abs)        000000
__CFG_WRTC$OFF                (abs)        000000
__CFG_WRTD$OFF                (abs)        000000
__CFG_XINST$OFF               (abs)        000000
__HRAM                        (abs)        000000
__Habs1                       abs1         000000
__Hbank0                      bank0        000000
__Hbank1                      bank1        000000
__Hbank2                      bank2        000000
__Hbank3                      bank3        000000
__Hbank4                      bank4        000000
__Hbank5                      bank5        000000
__Hbigbss                     bigbss       000000
__Hbigdata                    bigdata      000000
__Hbigram                     bigram       000000
__Hbss                        bss          000000
__HbssBANK0                   bssBANK0     000000
__Hcinit                      cinit        000000
__Hclrtext                    clrtext      000000
__Hcomram                     comram       000000
__Hconfig                     config       30000E
__Hconst                      const        000000
__HcstackBANK0                cstackBANK0  000000
__HcstackCOMRAM               cstackCOMRAM 000000
__Hdata                       data         000000
__Heeprom_data                eeprom_data  000000
__Hfarbss                     farbss       000000
__Hfardata                    fardata      000000
__Hibigdata                   ibigdata     000000
__Hidata                      idata        000000
__Hidloc                      idloc        200008
__Hifardata                   ifardata     000000
__Hinit                       init         000046
__Hintcode                    intcode      000042
__Hintcode_body               intcode_body 000000
__Hintcodelo                  intcodelo    000042
__Hintentry                   intentry     000000
__Hintret                     intret       000000
__Hintsave_regs               intsave_regs 000000
__Hirdata                     irdata       000000
__Hmediumconst                mediumconst  000000
__HnvFARRAM                   nvFARRAM     000000
__Hnvbit                      nvbit        000000
__Hnvrram                     nvrram       000000
__Hparam                      rparam       000000
__Hpowerup                    powerup      000042
__Hram                        ram          000000
__Hramtop                     ramtop       000600
__Hrbit                       rbit         000000
__Hrbss                       rbss         000000
__Hrdata                      rdata        000000
__Hreset_vec                  reset_vec    000004
__Hrparam                     rparam       000000
__Hsfr                        sfr          000000
__Hsmallconst                 smallconst   000000
__Hspace_0                    (abs)        30000E
__Hspace_1                    (abs)        0000A4
__Hspace_2                    (abs)        000000
__Hstack                      stack        000000
__Hstruct                     struct       000000
__Htemp                       temp         000057
__Htext                       text         000000
__Htext0                      text0        000000
__Htext1                      text1        000000
__Htext10                     text10       000000
__Htext11                     text11       000000
__Htext12                     text12       000000
__Htext13                     text13       000000
__Htext14                     text14       000000
__Htext15                     text15       000000
__Htext16                     text16       000000
__Htext18                     text18       000000
__Htext19                     text19       000000
__Htext2                      text2        000000
__Htext20                     text20       000000
__Htext3                      text3        000000
__Htext4                      text4        000000
__Htext5                      text5        000000
__Htext6                      text6        000000
__Htext7                      text7        000000
__Htext8                      text8        000000
__Htext9                      text9        000000
__LRAM                        (abs)        000001
__Labs1                       abs1         000000
__Lbank0                      bank0        000000
__Lbank1                      bank1        000000
__Lbank2                      bank2        000000
__Lbank3                      bank3        000000
__Lbank4                      bank4        000000
__Lbank5                      bank5        000000
__Lbigbss                     bigbss       000000
__Lbigdata                    bigdata      000000
__Lbigram                     bigram       000000
__Lbss                        bss          000000
__LbssBANK0                   bssBANK0     000000
__Lcinit                      cinit        000000
__Lclrtext                    clrtext      000000
__Lcomram                     comram       000000
__Lconfig                     config       300000
__Lconst                      const        000000
__LcstackBANK0                cstackBANK0  000000
__LcstackCOMRAM               cstackCOMRAM 000000
__Ldata                       data         000000
__Leeprom_data                eeprom_data  000000
__Lfarbss                     farbss       000000
__Lfardata                    fardata      000000
__Libigdata                   ibigdata     000000
__Lidata                      idata        000000
__Lidloc                      idloc        200000
__Lifardata                   ifardata     000000
__Linit                       init         000042
__Lintcode                    intcode      000008
__Lintcode_body               intcode_body 000000
__Lintcodelo                  intcodelo    000042
__Lintentry                   intentry     000000
__Lintret                     intret       000000
__Lintsave_regs               intsave_regs 000000
__Lirdata                     irdata       000000
__Lmediumconst                mediumconst  000000
__LnvFARRAM                   nvFARRAM     000000
__Lnvbit                      nvbit        000000
__Lnvrram                     nvrram       000000
__Lparam                      rparam       000000
__Lpowerup                    powerup      000042
__Lram                        ram          000000
__Lramtop                     ramtop       000600
__Lrbit                       rbit         000000
__Lrbss                       rbss         000000
__Lrdata                      rdata        000000
__Lreset_vec                  reset_vec    000000
__Lrparam                     rparam       000000
__Lsfr                        sfr          000000
__Lsmallconst                 smallconst   000000
__Lspace_0                    (abs)        000000
__Lspace_1                    (abs)        000000
__Lspace_2                    (abs)        000000
__Lstack                      stack        000000
__Lstruct                     struct       000000
__Ltemp                       temp         000056
__Ltext                       text         000000
__Ltext0                      text0        000000
__Ltext1                      text1        000000
__Ltext10                     text10       000000
__Ltext11                     text11       000000
__Ltext12                     text12       000000
__Ltext13                     text13       000000
__Ltext14                     text14       000000
__Ltext15                     text15       000000
__Ltext16                     text16       000000
__Ltext18                     text18       000000
__Ltext19                     text19       000000
__Ltext2                      text2        000000
__Ltext20                     text20       000000
__Ltext3                      text3        000000
__Ltext4                      text4        000000
__Ltext5                      text5        000000
__Ltext6                      text6        000000
__Ltext7                      text7        000000
__Ltext8                      text8        000000
__Ltext9                      text9        000000
__S0                          (abs)        30000E
__S1                          (abs)        0000A4
__S2                          (abs)        000000
___fladd                      text8        0005D6
___fladd@a                    cstackCOMRAM 00000D
___fladd@aexp                 cstackCOMRAM 000016
___fladd@b                    cstackCOMRAM 000009
___fladd@bexp                 cstackCOMRAM 000017
___fladd@grs                  cstackCOMRAM 000018
___fladd@signs                cstackCOMRAM 000015
___fldiv                      text11       00125E
___fldiv@a                    cstackCOMRAM 00001B
___fldiv@aexp                 cstackCOMRAM 00002F
___fldiv@b                    cstackCOMRAM 000017
___fldiv@bexp                 cstackCOMRAM 00002E
___fldiv@grs                  cstackCOMRAM 00002A
___fldiv@new_exp              cstackCOMRAM 000028
___fldiv@rem                  cstackCOMRAM 000023
___fldiv@sign                 cstackCOMRAM 000027
___flge                       text10       001A28
___flge@ff1                   cstackCOMRAM 000022
___flge@ff2                   cstackCOMRAM 000026
___flmul                      text9        000A96
___flmul@a                    cstackCOMRAM 00000D
___flmul@aexp                 cstackCOMRAM 00001A
___flmul@b                    cstackCOMRAM 000009
___flmul@bexp                 cstackCOMRAM 00001B
___flmul@grs                  cstackCOMRAM 000016
___flmul@prod                 cstackCOMRAM 00001C
___flmul@sign                 cstackCOMRAM 000015
___flmul@temp                 cstackCOMRAM 000020
___flsub                      text7        001C46
___flsub@a                    cstackCOMRAM 00001D
___flsub@b                    cstackCOMRAM 000019
___fltol                      text6        001922
___fltol@exp1                 cstackCOMRAM 000012
___fltol@f1                   cstackCOMRAM 000009
___fltol@sign1                cstackCOMRAM 000011
___inthi_sp                   stack        000000
___intlo_sp                   stack        000000
___param_bank                 (abs)        000000
___rparam_used                (abs)        000001
___sp                         stack        000000
___xxtofl                     text5        0015F8
___xxtofl@arg                 cstackCOMRAM 000013
___xxtofl@exp                 cstackCOMRAM 000012
___xxtofl@sign                cstackCOMRAM 000011
___xxtofl@val                 cstackCOMRAM 000009
__accesstop                   (abs)        000060
__activetblptr                (abs)        000002
__end_of_ISR_ConnectFunction  text16       001D3E
__end_of_ISR_Init             text15       001D7A
__end_of_ISR_Routine          intcode      000042
__end_of_ISR_Tasks            text18       001C46
__end_of___fladd              text8        000A96
__end_of___fldiv              text11       0015F8
__end_of___flge               text10       001B2C
__end_of___flmul              text9        000EC0
__end_of___flsub              text7        001C8C
__end_of___fltol              text6        001A28
__end_of___xxtofl             text5        0017AC
__end_of__initialization      cinit        001D4A
__end_of_delay                text12       001CC6
__end_of_getTimer             text14       001D72
__end_of_main                 text0        001BA2
__end_of_memset               text3        001922
__end_of_prescaler            text4        00125E
__end_of_setTimer             text13       001D20
__end_of_timerEnable          text2        001CF6
__end_of_timerInit            text1        0005D6
__end_of_timer_ISR            text19       001BFC
__initialization              cinit        001D3E
__mediumconst                 mediumconst  000000
__pbssBANK0                   bssBANK0     000060
__pcinit                      cinit        001D3E
__pcstackBANK0                cstackBANK0  000082
__pcstackCOMRAM               cstackCOMRAM 000001
__pintcode                    intcode      000008
__ptext0                      text0        001B2C
__ptext1                      text1        000046
__ptext10                     text10       001A28
__ptext11                     text11       00125E
__ptext12                     text12       001C8C
__ptext13                     text13       001CF6
__ptext14                     text14       001D58
__ptext15                     text15       001D72
__ptext16                     text16       001D20
__ptext18                     text18       001BFC
__ptext19                     text19       001BA2
__ptext2                      text2        001CC6
__ptext20                     text20       000000
__ptext3                      text3        0017AC
__ptext4                      text4        000EC0
__ptext5                      text5        0015F8
__ptext6                      text6        001922
__ptext7                      text7        001C46
__ptext8                      text8        0005D6
__ptext9                      text9        000A96
__ramtop                      ramtop       000600
__size_of_ISR_ConnectFunction (abs)        000000
__size_of_ISR_Init            (abs)        000000
__size_of_ISR_Routine         (abs)        000000
__size_of_ISR_Tasks           (abs)        000000
__size_of___fladd             (abs)        000000
__size_of___fldiv             (abs)        000000
__size_of___flge              (abs)        000000
__size_of___flmul             (abs)        000000
__size_of___flsub             (abs)        000000
__size_of___fltol             (abs)        000000
__size_of___xxtofl            (abs)        000000
__size_of_delay               (abs)        000000
__size_of_getTimer            (abs)        000000
__size_of_main                (abs)        000000
__size_of_memset              (abs)        000000
__size_of_prescaler           (abs)        000000
__size_of_setTimer            (abs)        000000
__size_of_timerEnable         (abs)        000000
__size_of_timerInit           (abs)        000000
__size_of_timer_ISR           (abs)        000000
__smallconst                  smallconst   000000
_delay                        text12       001C8C
_getTimer                     text14       001D58
_main                         text0        001B2C
_memset                       text3        0017AC
_prescaler                    text4        000EC0
_prescaler$367                cstackCOMRAM 00003C
_prescaler$368                cstackCOMRAM 000040
_setTimer                     text13       001CF6
_timerEnable                  text2        001CC6
_timerInit                    text1        000046
_timerInit$338                cstackBANK0  000086
_timerInit$339                cstackBANK0  00008A
_timer_ISR                    text19       001BA2
btemp                         temp         000056
delay@t                       cstackCOMRAM 00000D
end_of_initialization         cinit        001D4A
getTimer@timer                cstackCOMRAM 00000C
int$flags                     temp         000056
intlevel0                     text         000000
intlevel1                     text         000000
intlevel2                     text         000000
intlevel3                     text         000000
memset@c                      cstackCOMRAM 00000B
memset@dest                   cstackCOMRAM 000009
memset@k                      cstackCOMRAM 000011
memset@n                      cstackCOMRAM 00000D
memset@s                      cstackCOMRAM 000013
prescaler@min                 cstackCOMRAM 00003A
prescaler@minB                cstackCOMRAM 000048
prescaler@period              cstackCOMRAM 000030
prescaler@pr                  cstackCOMRAM 000050
prescaler@prUsed              cstackCOMRAM 000034
prescaler@pr_f                cstackCOMRAM 00004C
prescaler@presc               cstackCOMRAM 000036
prescaler@prescUsed           cstackCOMRAM 000038
prescaler@x                   cstackCOMRAM 000044
setTimer@timer                cstackCOMRAM 00000B
setTimer@value                cstackCOMRAM 000009
stackhi                       (abs)        0005FF
stacklo                       (abs)        0000A4
start                         init         000042
start_initialization          cinit        001D3E
timerInit@min                 cstackBANK0  0000A0
timerInit@minB                cstackBANK0  00008E
timerInit@period              cstackCOMRAM 000052
timerInit@pr                  cstackBANK0  00009A
timerInit@prUsed              cstackBANK0  00009E
timerInit@pr_f                cstackBANK0  000096
timerInit@presc               cstackBANK0  000084
timerInit@prescUsed           cstackBANK0  00009C
timerInit@x                   cstackBANK0  000092
timer_ISR@i                   cstackCOMRAM 000001
ttemp5                        temp         000057
ttemp6                        temp         00005A
ttemp7                        temp         00005E
wtemp8                        temp         000057


FUNCTION INFORMATION:

 *************** function _main *****************
 Defined at:
		line 77 in file "main.c"
 Parameters:    Size  Location     Type
		None
 Auto vars:     Size  Location     Type
		None
 Return value:  Size  Location     Type
                  1    wreg      void 
 Registers used:
		wreg, fsr2l, fsr2h, status,2, status,0, prodl, prodh, cstack
 Tracked objects:
		On entry : 
		On exit  : 
		Unchanged: 
 Data sizes:     COMRAM   BANK0   BANK1   BANK2   BANK3   BANK4   BANK5
      Params:         0       0       0       0       0       0       0
      Locals:         0       0       0       0       0       0       0
      Temps:          0       0       0       0       0       0       0
      Totals:         0       0       0       0       0       0       0
Total ram usage:        0 bytes
 Hardware stack levels required when called:    7
 This function calls:
		_ISR_ConnectFunction
		_ISR_Init
		_delay
		_timerInit
 This function is called by:
		Startup code after reset
 This function uses a non-reentrant model


 *************** function _timerInit *****************
 Defined at:
		line 98 in file "timer.c"
 Parameters:    Size  Location     Type
  period          4   81[COMRAM] float 
 Auto vars:     Size  Location     Type
  min             4   30[BANK0 ] float 
  pr_f            4   20[BANK0 ] float 
  x               4   16[BANK0 ] float 
  minB            4   12[BANK0 ] float 
  prUsed          2   28[BANK0 ] unsigned int 
  prescUsed       2   26[BANK0 ] unsigned int 
  pr              2   24[BANK0 ] unsigned int 
  presc           2    2[BANK0 ] unsigned int 
 Return value:  Size  Location     Type
                  2   81[COMRAM] int 
 Registers used:
		wreg, fsr2l, fsr2h, status,2, status,0, prodl, prodh, cstack
 Tracked objects:
		On entry : 
		On exit  : 
		Unchanged: 
 Data sizes:     COMRAM   BANK0   BANK1   BANK2   BANK3   BANK4   BANK5
      Params:         4       0       0       0       0       0       0
      Locals:         0      32       0       0       0       0       0
      Temps:          0       2       0       0       0       0       0
      Totals:         4      34       0       0       0       0       0
Total ram usage:       38 bytes
 Hardware stack levels used:    1
 Hardware stack levels required when called:    6
 This function calls:
		___fldiv
		___flge
		___flmul
		___flsub
		___fltol
		___xxtofl
		_memset
		_prescaler
		_timerEnable
 This function is called by:
		_main
 This function uses a non-reentrant model


 *************** function _timerEnable *****************
 Defined at:
		line 232 in file "timer.c"
 Parameters:    Size  Location     Type
		None
 Auto vars:     Size  Location     Type
		None
 Return value:  Size  Location     Type
                  2   87[None  ] int 
 Registers used:
		wreg, fsr2l, fsr2h, status,2, status,0, cstack
 Tracked objects:
		On entry : 
		On exit  : 
		Unchanged: 
 Data sizes:     COMRAM   BANK0   BANK1   BANK2   BANK3   BANK4   BANK5
      Params:         0       0       0       0       0       0       0
      Locals:         0       0       0       0       0       0       0
      Temps:          0       0       0       0       0       0       0
      Totals:         0       0       0       0       0       0       0
Total ram usage:        0 bytes
 Hardware stack levels used:    1
 Hardware stack levels required when called:    4
 This function calls:
		_memset
 This function is called by:
		_timerInit
 This function uses a non-reentrant model


 *************** function _memset *****************
 Defined at:
		line 4 in file "C:\Program Files (x86)\Microchip\xc8\v2.10\pic\sources\c99\common\memset.c"
 Parameters:    Size  Location     Type
  dest            2    8[COMRAM] PTR void 
		 -> PicTimer(13), 
  c               2   10[COMRAM] int 
  n               2   12[COMRAM] unsigned int 
 Auto vars:     Size  Location     Type
  s               2   18[COMRAM] PTR unsigned char 
		 -> PicTimer(13), 
  k               2   16[COMRAM] unsigned int 
 Return value:  Size  Location     Type
                  2    8[COMRAM] PTR void 
 Registers used:
		wreg, fsr2l, fsr2h, status,2, status,0
 Tracked objects:
		On entry : 
		On exit  : 
		Unchanged: 
 Data sizes:     COMRAM   BANK0   BANK1   BANK2   BANK3   BANK4   BANK5
      Params:         6       0       0       0       0       0       0
      Locals:         4       0       0       0       0       0       0
      Temps:          2       0       0       0       0       0       0
      Totals:        12       0       0       0       0       0       0
Total ram usage:       12 bytes
 Hardware stack levels used:    1
 Hardware stack levels required when called:    3
 This function calls:
		Nothing
 This function is called by:
		_timerInit
		_timerEnable
 This function uses a non-reentrant model


 *************** function _prescaler *****************
 Defined at:
		line 353 in file "timer.c"
 Parameters:    Size  Location     Type
  period          4   47[COMRAM] float 
  prUsed          2   51[COMRAM] PTR unsigned int 
		 -> timerInit@prUsed(2), 
  presc           2   53[COMRAM] unsigned int 
  prescUsed       2   55[COMRAM] PTR unsigned int 
		 -> timerInit@prescUsed(2), 
  min             2   57[COMRAM] PTR float 
		 -> timerInit@min(4), 
 Auto vars:     Size  Location     Type
  pr_f            4   75[COMRAM] PTR float 
  minB            4   71[COMRAM] float 
  x               4   67[COMRAM] float 
  pr              2   79[COMRAM] unsigned int 
 Return value:  Size  Location     Type
                  1    wreg      void 
 Registers used:
		wreg, fsr2l, fsr2h, status,2, status,0, prodl, prodh, cstack
 Tracked objects:
		On entry : 
		On exit  : 
		Unchanged: 
 Data sizes:     COMRAM   BANK0   BANK1   BANK2   BANK3   BANK4   BANK5
      Params:        12       0       0       0       0       0       0
      Locals:        22       0       0       0       0       0       0
      Temps:          0       0       0       0       0       0       0
      Totals:        34       0       0       0       0       0       0
Total ram usage:       34 bytes
 Hardware stack levels used:    1
 Hardware stack levels required when called:    5
 This function calls:
		___fldiv
		___flge
		___flmul
		___flsub
		___fltol
		___xxtofl
 This function is called by:
		_timerInit
 This function uses a non-reentrant model


 *************** function ___xxtofl *****************
 Defined at:
		line 10 in file "C:\Program Files (x86)\Microchip\xc8\v2.10\pic\sources\c99\common\xxtofl.c"
 Parameters:    Size  Location     Type
  sign            1    wreg     unsigned char 
  val             4    8[COMRAM] long 
 Auto vars:     Size  Location     Type
  sign            1   16[COMRAM] unsigned char 
  arg             4   18[COMRAM] unsigned long 
  exp             1   17[COMRAM] unsigned char 
 Return value:  Size  Location     Type
                  4    8[COMRAM] unsigned char 
 Registers used:
		wreg, status,2, status,0
 Tracked objects:
		On entry : 
		On exit  : 
		Unchanged: 
 Data sizes:     COMRAM   BANK0   BANK1   BANK2   BANK3   BANK4   BANK5
      Params:         4       0       0       0       0       0       0
      Locals:         6       0       0       0       0       0       0
      Temps:          4       0       0       0       0       0       0
      Totals:        14       0       0       0       0       0       0
Total ram usage:       14 bytes
 Hardware stack levels used:    1
 Hardware stack levels required when called:    3
 This function calls:
		Nothing
 This function is called by:
		_timerInit
		_prescaler
 This function uses a non-reentrant model


 *************** function ___fltol *****************
 Defined at:
		line 43 in file "C:\Program Files (x86)\Microchip\xc8\v2.10\pic\sources\c99\common\fltol.c"
 Parameters:    Size  Location     Type
  f1              4    8[COMRAM] unsigned char 
 Auto vars:     Size  Location     Type
  exp1            1   17[COMRAM] unsigned char 
  sign1           1   16[COMRAM] unsigned char 
 Return value:  Size  Location     Type
                  4    8[COMRAM] long 
 Registers used:
		wreg, status,2, status,0
 Tracked objects:
		On entry : 
		On exit  : 
		Unchanged: 
 Data sizes:     COMRAM   BANK0   BANK1   BANK2   BANK3   BANK4   BANK5
      Params:         4       0       0       0       0       0       0
      Locals:         2       0       0       0       0       0       0
      Temps:          4       0       0       0       0       0       0
      Totals:        10       0       0       0       0       0       0
Total ram usage:       10 bytes
 Hardware stack levels used:    1
 Hardware stack levels required when called:    3
 This function calls:
		Nothing
 This function is called by:
		_timerInit
		_prescaler
 This function uses a non-reentrant model


 *************** function ___flsub *****************
 Defined at:
		line 245 in file "C:\Program Files (x86)\Microchip\xc8\v2.10\pic\sources\c99\common\sprcadd.c"
 Parameters:    Size  Location     Type
  b               4   24[COMRAM] long 
  a               4   28[COMRAM] long 
 Auto vars:     Size  Location     Type
		None
 Return value:  Size  Location     Type
                  4   24[COMRAM] long 
 Registers used:
		wreg, status,2, status,0, cstack
 Tracked objects:
		On entry : 
		On exit  : 
		Unchanged: 
 Data sizes:     COMRAM   BANK0   BANK1   BANK2   BANK3   BANK4   BANK5
      Params:         8       0       0       0       0       0       0
      Locals:         0       0       0       0       0       0       0
      Temps:          0       0       0       0       0       0       0
      Totals:         8       0       0       0       0       0       0
Total ram usage:        8 bytes
 Hardware stack levels used:    1
 Hardware stack levels required when called:    4
 This function calls:
		___fladd
 This function is called by:
		_timerInit
		_prescaler
 This function uses a non-reentrant model


 *************** function ___fladd *****************
 Defined at:
		line 10 in file "C:\Program Files (x86)\Microchip\xc8\v2.10\pic\sources\c99\common\sprcadd.c"
 Parameters:    Size  Location     Type
  b               4    8[COMRAM] long 
  a               4   12[COMRAM] long 
 Auto vars:     Size  Location     Type
  grs             1   23[COMRAM] unsigned char 
  bexp            1   22[COMRAM] unsigned char 
  aexp            1   21[COMRAM] unsigned char 
  signs           1   20[COMRAM] unsigned char 
 Return value:  Size  Location     Type
                  4    8[COMRAM] unsigned char 
 Registers used:
		wreg, status,2, status,0
 Tracked objects:
		On entry : 
		On exit  : 
		Unchanged: 
 Data sizes:     COMRAM   BANK0   BANK1   BANK2   BANK3   BANK4   BANK5
      Params:         8       0       0       0       0       0       0
      Locals:         4       0       0       0       0       0       0
      Temps:          4       0       0       0       0       0       0
      Totals:        16       0       0       0       0       0       0
Total ram usage:       16 bytes
 Hardware stack levels used:    1
 Hardware stack levels required when called:    3
 This function calls:
		Nothing
 This function is called by:
		___flsub
 This function uses a non-reentrant model


 *************** function ___flmul *****************
 Defined at:
		line 8 in file "C:\Program Files (x86)\Microchip\xc8\v2.10\pic\sources\c99\common\sprcmul.c"
 Parameters:    Size  Location     Type
  b               4    8[COMRAM] unsigned char 
  a               4   12[COMRAM] unsigned char 
 Auto vars:     Size  Location     Type
  prod            4   27[COMRAM] struct .
  grs             4   21[COMRAM] unsigned long 
  temp            2   31[COMRAM] struct .
  bexp            1   26[COMRAM] unsigned char 
  aexp            1   25[COMRAM] unsigned char 
  sign            1   20[COMRAM] unsigned char 
 Return value:  Size  Location     Type
                  4    8[COMRAM] unsigned char 
 Registers used:
		wreg, status,2, status,0, prodl, prodh
 Tracked objects:
		On entry : 
		On exit  : 
		Unchanged: 
 Data sizes:     COMRAM   BANK0   BANK1   BANK2   BANK3   BANK4   BANK5
      Params:         8       0       0       0       0       0       0
      Locals:        13       0       0       0       0       0       0
      Temps:          4       0       0       0       0       0       0
      Totals:        25       0       0       0       0       0       0
Total ram usage:       25 bytes
 Hardware stack levels used:    1
 Hardware stack levels required when called:    3
 This function calls:
		Nothing
 This function is called by:
		_timerInit
		_prescaler
 This function uses a non-reentrant model


 *************** function ___flge *****************
 Defined at:
		line 4 in file "C:\Program Files (x86)\Microchip\xc8\v2.10\pic\sources\c99\common\flge.c"
 Parameters:    Size  Location     Type
  ff1             4   33[COMRAM] unsigned char 
  ff2             4   37[COMRAM] unsigned char 
 Auto vars:     Size  Location     Type
		None
 Return value:  Size  Location     Type
		None               void
 Registers used:
		wreg, status,2, status,0
 Tracked objects:
		On entry : 
		On exit  : 
		Unchanged: 
 Data sizes:     COMRAM   BANK0   BANK1   BANK2   BANK3   BANK4   BANK5
      Params:         8       0       0       0       0       0       0
      Locals:         0       0       0       0       0       0       0
      Temps:          4       0       0       0       0       0       0
      Totals:        12       0       0       0       0       0       0
Total ram usage:       12 bytes
 Hardware stack levels used:    1
 Hardware stack levels required when called:    3
 This function calls:
		Nothing
 This function is called by:
		_timerInit
		_prescaler
 This function uses a non-reentrant model


 *************** function ___fldiv *****************
 Defined at:
		line 11 in file "C:\Program Files (x86)\Microchip\xc8\v2.10\pic\sources\c99\common\sprcdiv.c"
 Parameters:    Size  Location     Type
  b               4   22[COMRAM] unsigned char 
  a               4   26[COMRAM] unsigned char 
 Auto vars:     Size  Location     Type
  grs             4   41[COMRAM] unsigned long 
  rem             4   34[COMRAM] unsigned long 
  new_exp         2   39[COMRAM] short 
  aexp            1   46[COMRAM] unsigned char 
  bexp            1   45[COMRAM] unsigned char 
  sign            1   38[COMRAM] unsigned char 
 Return value:  Size  Location     Type
                  4   22[COMRAM] unsigned char 
 Registers used:
		wreg, status,2, status,0
 Tracked objects:
		On entry : 
		On exit  : 
		Unchanged: 
 Data sizes:     COMRAM   BANK0   BANK1   BANK2   BANK3   BANK4   BANK5
      Params:         8       0       0       0       0       0       0
      Locals:        13       0       0       0       0       0       0
      Temps:          4       0       0       0       0       0       0
      Totals:        25       0       0       0       0       0       0
Total ram usage:       25 bytes
 Hardware stack levels used:    1
 Hardware stack levels required when called:    3
 This function calls:
		Nothing
 This function is called by:
		_timerInit
		_prescaler
 This function uses a non-reentrant model


 *************** function _delay *****************
 Defined at:
		line 344 in file "timer.c"
 Parameters:    Size  Location     Type
  t               2   12[COMRAM] unsigned int 
 Auto vars:     Size  Location     Type
		None
 Return value:  Size  Location     Type
                  1    wreg      void 
 Registers used:
		wreg, fsr2l, fsr2h, status,2, status,0, cstack
 Tracked objects:
		On entry : 
		On exit  : 
		Unchanged: 
 Data sizes:     COMRAM   BANK0   BANK1   BANK2   BANK3   BANK4   BANK5
      Params:         2       0       0       0       0       0       0
      Locals:         0       0       0       0       0       0       0
      Temps:          0       0       0       0       0       0       0
      Totals:         2       0       0       0       0       0       0
Total ram usage:        2 bytes
 Hardware stack levels used:    1
 Hardware stack levels required when called:    4
 This function calls:
		_getTimer
		_setTimer
 This function is called by:
		_main
 This function uses a non-reentrant model


 *************** function _setTimer *****************
 Defined at:
		line 320 in file "timer.c"
 Parameters:    Size  Location     Type
  timer           1    wreg     unsigned char 
  value           2    8[COMRAM] unsigned int 
 Auto vars:     Size  Location     Type
  timer           1   10[COMRAM] unsigned char 
 Return value:  Size  Location     Type
                  2    8[COMRAM] int 
 Registers used:
		wreg, fsr2l, fsr2h, status,2, status,0
 Tracked objects:
		On entry : 
		On exit  : 
		Unchanged: 
 Data sizes:     COMRAM   BANK0   BANK1   BANK2   BANK3   BANK4   BANK5
      Params:         2       0       0       0       0       0       0
      Locals:         1       0       0       0       0       0       0
      Temps:          0       0       0       0       0       0       0
      Totals:         3       0       0       0       0       0       0
Total ram usage:        3 bytes
 Hardware stack levels used:    1
 Hardware stack levels required when called:    3
 This function calls:
		Nothing
 This function is called by:
		_delay
 This function uses a non-reentrant model


 *************** function _getTimer *****************
 Defined at:
		line 296 in file "timer.c"
 Parameters:    Size  Location     Type
  timer           1    wreg     unsigned char 
 Auto vars:     Size  Location     Type
  timer           1   11[COMRAM] unsigned char 
 Return value:  Size  Location     Type
                  2    8[COMRAM] unsigned int 
 Registers used:
		wreg, fsr2l, fsr2h, status,2, status,0
 Tracked objects:
		On entry : 
		On exit  : 
		Unchanged: 
 Data sizes:     COMRAM   BANK0   BANK1   BANK2   BANK3   BANK4   BANK5
      Params:         2       0       0       0       0       0       0
      Locals:         1       0       0       0       0       0       0
      Temps:          1       0       0       0       0       0       0
      Totals:         4       0       0       0       0       0       0
Total ram usage:        4 bytes
 Hardware stack levels used:    1
 Hardware stack levels required when called:    3
 This function calls:
		Nothing
 This function is called by:
		_delay
 This function uses a non-reentrant model


 *************** function _ISR_Init *****************
 Defined at:
		line 60 in file "interrupt.c"
 Parameters:    Size  Location     Type
		None
 Auto vars:     Size  Location     Type
		None
 Return value:  Size  Location     Type
                  2   36[None  ] int 
 Registers used:
		wreg, status,2
 Tracked objects:
		On entry : 
		On exit  : 
		Unchanged: 
 Data sizes:     COMRAM   BANK0   BANK1   BANK2   BANK3   BANK4   BANK5
      Params:         0       0       0       0       0       0       0
      Locals:         0       0       0       0       0       0       0
      Temps:          0       0       0       0       0       0       0
      Totals:         0       0       0       0       0       0       0
Total ram usage:        0 bytes
 Hardware stack levels used:    1
 Hardware stack levels required when called:    3
 This function calls:
		Nothing
 This function is called by:
		_main
 This function uses a non-reentrant model


 *************** function _ISR_ConnectFunction *****************
 Defined at:
		line 81 in file "interrupt.c"
 Parameters:    Size  Location     Type
  Function        2    8[COMRAM] PTR FTN()void 
		 -> timer_ISR(1), 
 Auto vars:     Size  Location     Type
		None
 Return value:  Size  Location     Type
                  2    8[COMRAM] int 
 Registers used:
		wreg, fsr2l, fsr2h, status,2, status,0, prodl, prodh
 Tracked objects:
		On entry : 
		On exit  : 
		Unchanged: 
 Data sizes:     COMRAM   BANK0   BANK1   BANK2   BANK3   BANK4   BANK5
      Params:         2       0       0       0       0       0       0
      Locals:         0       0       0       0       0       0       0
      Temps:          0       0       0       0       0       0       0
      Totals:         2       0       0       0       0       0       0
Total ram usage:        2 bytes
 Hardware stack levels used:    1
 Hardware stack levels required when called:    3
 This function calls:
		Nothing
 This function is called by:
		_main
 This function uses a non-reentrant model


 *************** function _ISR_Routine *****************
 Defined at:
		line 40 in file "interrupt.c"
 Parameters:    Size  Location     Type
		None
 Auto vars:     Size  Location     Type
		None
 Return value:  Size  Location     Type
                  1    wreg      void 
 Registers used:
		wreg, fsr2l, fsr2h, status,2, status,0, pclath, tosl, prodl, prodh, cstack
 Tracked objects:
		On entry : 
		On exit  : 
		Unchanged: 
 Data sizes:     COMRAM   BANK0   BANK1   BANK2   BANK3   BANK4   BANK5
      Params:         0       0       0       0       0       0       0
      Locals:         0       0       0       0       0       0       0
      Temps:          6       0       0       0       0       0       0
      Totals:         6       0       0       0       0       0       0
Total ram usage:        6 bytes
 Hardware stack levels used:    1
 Hardware stack levels required when called:    2
 This function calls:
		_ISR_Tasks
 This function is called by:
		Interrupt level 2
 This function uses a non-reentrant model


 *************** function _ISR_Tasks *****************
 Defined at:
		line 103 in file "interrupt.c"
 Parameters:    Size  Location     Type
		None
 Auto vars:     Size  Location     Type
  i               1    1[COMRAM] unsigned char 
 Return value:  Size  Location     Type
                  1    wreg      void 
 Registers used:
		wreg, fsr2l, fsr2h, status,2, status,0, pclath, tosl, prodl, prodh, cstack
 Tracked objects:
		On entry : 
		On exit  : 
		Unchanged: 
 Data sizes:     COMRAM   BANK0   BANK1   BANK2   BANK3   BANK4   BANK5
      Params:         0       0       0       0       0       0       0
      Locals:         1       0       0       0       0       0       0
      Temps:          0       0       0       0       0       0       0
      Totals:         1       0       0       0       0       0       0
Total ram usage:        1 bytes
 Hardware stack levels used:    1
 Hardware stack levels required when called:    1
 This function calls:
		_timer_ISR
 This function is called by:
		_ISR_Routine
 This function uses a non-reentrant model


 *************** function _timer_ISR *****************
 Defined at:
		line 62 in file "timer.c"
 Parameters:    Size  Location     Type
		None
 Auto vars:     Size  Location     Type
  i               1    0[COMRAM] unsigned char 
 Return value:  Size  Location     Type
                  1    wreg      void 
 Registers used:
		wreg, fsr2l, fsr2h, status,2, status,0
 Tracked objects:
		On entry : 
		On exit  : 
		Unchanged: 
 Data sizes:     COMRAM   BANK0   BANK1   BANK2   BANK3   BANK4   BANK5
      Params:         0       0       0       0       0       0       0
      Locals:         1       0       0       0       0       0       0
      Temps:          0       0       0       0       0       0       0
      Totals:         1       0       0       0       0       0       0
Total ram usage:        1 bytes
 Hardware stack levels used:    1
 This function calls:
		Nothing
 This function is called by:
		_main
		_ISR_Tasks
 This function uses a non-reentrant model



MODULE INFORMATION

Module		Function		Class		Link	Load	Size
C:\Program Files (x86)\Microchip\xc8\v2.10\pic\sources\c99\common\xxtofl.c
		___xxtofl      		CODE           	15F8	0000	437

C:\Program Files (x86)\Microchip\xc8\v2.10\pic\sources\c99\common\xxtofl.c estimated size: 437

C:\Program Files (x86)\Microchip\xc8\v2.10\pic\sources\c99\common\fltol.c
		___fltol       		CODE           	1922	0000	263

C:\Program Files (x86)\Microchip\xc8\v2.10\pic\sources\c99\common\fltol.c estimated size: 263

timer.c
		_delay         		CODE           	1C8C	0000	59
		_timerInit     		CODE           	0046	0000	1425
		_timer_ISR     		CODE           	1BA2	0000	91
		_getTimer      		CODE           	1D58	0000	27
		_prescaler     		CODE           	0EC0	0000	927
		_setTimer      		CODE           	1CF6	0000	43
		_timerEnable   		CODE           	1CC6	0000	49

timer.c estimated size: 2621

C:\Program Files (x86)\Microchip\xc8\v2.10\pic\sources\c99\common\memset.c
		_memset        		CODE           	17AC	0000	375

C:\Program Files (x86)\Microchip\xc8\v2.10\pic\sources\c99\common\memset.c estimated size: 375

C:\Program Files (x86)\Microchip\xc8\v2.10\pic\sources\c99\common\sprcmul.c
		___flmul       		CODE           	0A96	0000	1067

C:\Program Files (x86)\Microchip\xc8\v2.10\pic\sources\c99\common\sprcmul.c estimated size: 1067

C:\Program Files (x86)\Microchip\xc8\v2.10\pic\sources\c99\common\sprcdiv.c
		___fldiv       		CODE           	125E	0000	923

C:\Program Files (x86)\Microchip\xc8\v2.10\pic\sources\c99\common\sprcdiv.c estimated size: 923

C:\Program Files (x86)\Microchip\xc8\v2.10\pic\sources\c99\common\flge.c
		___flge        		CODE           	1A28	0000	261

C:\Program Files (x86)\Microchip\xc8\v2.10\pic\sources\c99\common\flge.c estimated size: 261

interrupt.c
		_ISR_ConnectFunction		CODE           	1D20	0000	31
		_ISR_Routine   		CODE           	0008	0000	59
		_ISR_Tasks     		CODE           	1BFC	0000	75
		_ISR_Init      		CODE           	1D72	0000	9

interrupt.c estimated size: 174

shared
		__initialization		CODE           	1D3E	0000	13

shared estimated size: 13

C:\Program Files (x86)\Microchip\xc8\v2.10\pic\sources\c99\common\sprcadd.c
		___flsub       		CODE           	1C46	0000	71
		___fladd       		CODE           	05D6	0000	1217

C:\Program Files (x86)\Microchip\xc8\v2.10\pic\sources\c99\common\sprcadd.c estimated size: 1288

main.c
		_main          		CODE           	1B2C	0000	119

main.c estimated size: 119

